<html>
<body>
<pre>
<h1>╡Vision Build Log</h1>
<h2>Tool Versions:</h2>
IDE-Version: ╡Vision V5.38.0.0
Copyright (C) 2022 ARM Ltd and ARM Germany GmbH. All rights reserved.
License Information: Sergey Taranov, Greenatom, LIC=1WSKC-7TB7S-06WQU-SEQAT-EUBXL-444CH
 
Tool Versions:
Toolchain:       MDK-ARM Professional  Version: 5.38.0.0
Toolchain Path:  C:\DEV\Keil\Keil_v5\ARM\ARMCLANG\Bin
C Compiler:      ArmClang.exe V6.19
Assembler:       Armasm.exe V6.19
Linker/Locator:  ArmLink.exe V6.19
Library Manager: ArmAr.exe V6.19
Hex Converter:   FromElf.exe V6.19
CPU DLL:         SARMCM3.DLL V5.38.0.0
Dialog DLL:      DCM.DLL V1.17.5.0
Target DLL:      STLink\ST-LINKIII-KEIL_SWO.dll V3.1.0.0
Dialog DLL:      TCM.DLL V1.56.4.0
 
<h2>Project:</h2>
C:\DEV\projects\heatpump1\frtos3103\MDK-ARM\frtos3103.uvprojx
Project File Date:  11/19/2024

<h2>Output:</h2>
*** Using Compiler 'V6.19', folder: 'C:\DEV\Keil\Keil_v5\ARM\ARMCLANG\Bin'
Build target 'frtos3103'
Before Build - User command #1: cscript.exe ..\version.vbs
Сервер сценариев Windows (Microsoft R) версия 5.812
Copyright (C) Корпорация Майкрософт 1996-2006, все права защищены.
compiling freertos.c...
linking...
Program Size: Code=42098 RO-data=2334 RW-data=20 ZI-data=10748  
FromELF: creating hex file...
"frtos3103\frtos3103.axf" - 0 Error(s), 0 Warning(s).

<h2>Software Packages used:</h2>

Package Vendor: ARM
                http://www.keil.com/pack/ARM.CMSIS.5.9.0.pack
                ARM.CMSIS.5.9.0
                CMSIS (Common Microcontroller Software Interface Standard)
   * Component: CORE Version: 5.6.0

Package Vendor: Keil
                https://www.keil.com/pack/Keil.STM32F1xx_DFP.2.4.1.pack
                Keil.STM32F1xx_DFP.2.4.1
                STMicroelectronics STM32F1 Series Device Support, Drivers and Examples

<h2>Collection of Component include folders:</h2>
  ./RTE/_frtos3103
  C:/DEV/Keil/Arm/Packs/ARM/CMSIS/5.9.0/CMSIS/Core/Include
  C:/DEV/Keil/Arm/Packs/Keil/STM32F1xx_DFP/2.4.1/Device/Include

<h2>Collection of Component Files used:</h2>

   * Component: ARM::CMSIS:CORE:5.6.0
Build Time Elapsed:  00:00:02
</pre>
</body>
</html>
