Component: Arm Compiler for Embedded 6.19 Tool: armlink [5e73cb00]

==============================================================================

Section Cross References

    startup_stm32f103xb.o(STACK) refers (Special) to heapauxi.o(.text) for __use_two_region_memory
    startup_stm32f103xb.o(HEAP) refers (Special) to heapauxi.o(.text) for __use_two_region_memory
    startup_stm32f103xb.o(RESET) refers (Special) to heapauxi.o(.text) for __use_two_region_memory
    startup_stm32f103xb.o(RESET) refers to startup_stm32f103xb.o(STACK) for __initial_sp
    startup_stm32f103xb.o(RESET) refers to startup_stm32f103xb.o(.text) for Reset_Handler
    startup_stm32f103xb.o(RESET) refers to stm32f1xx_it.o(.text.NMI_Handler) for NMI_Handler
    startup_stm32f103xb.o(RESET) refers to stm32f1xx_it.o(.text.HardFault_Handler) for HardFault_Handler
    startup_stm32f103xb.o(RESET) refers to stm32f1xx_it.o(.text.MemManage_Handler) for MemManage_Handler
    startup_stm32f103xb.o(RESET) refers to stm32f1xx_it.o(.text.BusFault_Handler) for BusFault_Handler
    startup_stm32f103xb.o(RESET) refers to stm32f1xx_it.o(.text.UsageFault_Handler) for UsageFault_Handler
    startup_stm32f103xb.o(RESET) refers to port.o(.text.SVC_Handler) for SVC_Handler
    startup_stm32f103xb.o(RESET) refers to stm32f1xx_it.o(.text.DebugMon_Handler) for DebugMon_Handler
    startup_stm32f103xb.o(RESET) refers to port.o(.text.PendSV_Handler) for PendSV_Handler
    startup_stm32f103xb.o(RESET) refers to port.o(.text.SysTick_Handler) for SysTick_Handler
    startup_stm32f103xb.o(RESET) refers to stm32f1xx_it.o(.text.RTC_IRQHandler) for RTC_IRQHandler
    startup_stm32f103xb.o(RESET) refers to stm32f1xx_it.o(.text.DMA1_Channel1_IRQHandler) for DMA1_Channel1_IRQHandler
    startup_stm32f103xb.o(RESET) refers to stm32f1xx_it.o(.text.DMA1_Channel2_IRQHandler) for DMA1_Channel2_IRQHandler
    startup_stm32f103xb.o(RESET) refers to stm32f1xx_it.o(.text.DMA1_Channel3_IRQHandler) for DMA1_Channel3_IRQHandler
    startup_stm32f103xb.o(RESET) refers to stm32f1xx_it.o(.text.DMA1_Channel6_IRQHandler) for DMA1_Channel6_IRQHandler
    startup_stm32f103xb.o(RESET) refers to stm32f1xx_it.o(.text.DMA1_Channel7_IRQHandler) for DMA1_Channel7_IRQHandler
    startup_stm32f103xb.o(RESET) refers to stm32f1xx_it.o(.text.EXTI9_5_IRQHandler) for EXTI9_5_IRQHandler
    startup_stm32f103xb.o(RESET) refers to stm32f1xx_it.o(.text.TIM3_IRQHandler) for TIM3_IRQHandler
    startup_stm32f103xb.o(RESET) refers to stm32f1xx_it.o(.text.I2C1_EV_IRQHandler) for I2C1_EV_IRQHandler
    startup_stm32f103xb.o(RESET) refers to stm32f1xx_it.o(.text.I2C1_ER_IRQHandler) for I2C1_ER_IRQHandler
    startup_stm32f103xb.o(RESET) refers to stm32f1xx_it.o(.text.USART3_IRQHandler) for USART3_IRQHandler
    startup_stm32f103xb.o(.text) refers (Special) to heapauxi.o(.text) for __use_two_region_memory
    startup_stm32f103xb.o(.text) refers to system_stm32f1xx.o(.text.SystemInit) for SystemInit
    startup_stm32f103xb.o(.text) refers to __main.o(!!!main) for __main
    startup_stm32f103xb.o(.text) refers to startup_stm32f103xb.o(HEAP) for Heap_Mem
    startup_stm32f103xb.o(.text) refers to startup_stm32f103xb.o(STACK) for Stack_Mem
    ntc_table.o(.text.calc_temperature) refers to ntc_table.o(.rodata.termo_table) for termo_table
    ntc_table.o(.ARM.exidx.text.calc_temperature) refers to ntc_table.o(.text.calc_temperature) for [Anonymous Symbol]
    slip.o(.ARM.exidx.text.init_slip_buffer) refers to slip.o(.text.init_slip_buffer) for [Anonymous Symbol]
    slip.o(.ARM.exidx.text.slip_uart_putc) refers to slip.o(.text.slip_uart_putc) for [Anonymous Symbol]
    slip.o(.text.slip_send_packet) refers to slip.o(.text.slip_encode) for slip_encode
    slip.o(.ARM.exidx.text.slip_send_packet) refers to slip.o(.text.slip_send_packet) for [Anonymous Symbol]
    slip.o(.ARM.exidx.text.slip_encode) refers to slip.o(.text.slip_encode) for [Anonymous Symbol]
    slip.o(.text.slip_read_packet) refers to port.o(.text.vPortEnterCritical) for vPortEnterCritical
    slip.o(.text.slip_read_packet) refers to port.o(.text.vPortExitCritical) for vPortExitCritical
    slip.o(.ARM.exidx.text.slip_read_packet) refers to slip.o(.text.slip_read_packet) for [Anonymous Symbol]
    ds18b20.o(.text.DS18B20_ConvertT) refers to ds18b20.o(.data.convertT) for convertT
    ds18b20.o(.text.DS18B20_ConvertT) refers to ds18b20.o(.text.ExecuteCommand) for ExecuteCommand
    ds18b20.o(.text.DS18B20_ConvertT) refers to ds18b20.o(.text.WaitForConversionFinished) for WaitForConversionFinished
    ds18b20.o(.text.DS18B20_ConvertT) refers to stm32f1xx_hal.o(.text.HAL_Delay) for HAL_Delay
    ds18b20.o(.ARM.exidx.text.DS18B20_ConvertT) refers to ds18b20.o(.text.DS18B20_ConvertT) for [Anonymous Symbol]
    ds18b20.o(.text.ExecuteCommand) refers to onewire.o(.text.OneWire_ProcessByte) for OneWire_ProcessByte
    ds18b20.o(.text.ExecuteCommand) refers to ds18b20.o(.text.CalculateChecksum) for CalculateChecksum
[...]
    __rt_lib_shutdown                        0x08000165   Thumb Code     0  libshutdown.o(.ARM.Collect$$libshutdown$$00000000)
    __rt_lib_shutdown_cpp_1                  0x08000167   Thumb Code     0  libshutdown2.o(.ARM.Collect$$libshutdown$$00000002)
    __rt_lib_shutdown_fp_trap_1              0x08000167   Thumb Code     0  libshutdown2.o(.ARM.Collect$$libshutdown$$00000007)
    __rt_lib_shutdown_heap_1                 0x08000167   Thumb Code     0  libshutdown2.o(.ARM.Collect$$libshutdown$$0000000F)
    __rt_lib_shutdown_return                 0x08000167   Thumb Code     0  libshutdown2.o(.ARM.Collect$$libshutdown$$00000010)
    __rt_lib_shutdown_signal_1               0x08000167   Thumb Code     0  libshutdown2.o(.ARM.Collect$$libshutdown$$0000000A)
    __rt_lib_shutdown_stdio_1                0x08000167   Thumb Code     0  libshutdown2.o(.ARM.Collect$$libshutdown$$00000004)
    __rt_lib_shutdown_user_alloc_1           0x08000167   Thumb Code     0  libshutdown2.o(.ARM.Collect$$libshutdown$$0000000C)
    __rt_entry                               0x08000169   Thumb Code     0  __rtentry.o(.ARM.Collect$$rtentry$$00000000)
    __rt_entry_presh_1                       0x08000169   Thumb Code     0  __rtentry2.o(.ARM.Collect$$rtentry$$00000002)
    __rt_entry_sh                            0x08000169   Thumb Code     0  __rtentry4.o(.ARM.Collect$$rtentry$$00000004)
    __rt_entry_li                            0x0800016f   Thumb Code     0  __rtentry2.o(.ARM.Collect$$rtentry$$0000000A)
    __rt_entry_postsh_1                      0x0800016f   Thumb Code     0  __rtentry2.o(.ARM.Collect$$rtentry$$00000009)
    __rt_entry_main                          0x08000173   Thumb Code     0  __rtentry2.o(.ARM.Collect$$rtentry$$0000000D)
    __rt_entry_postli_1                      0x08000173   Thumb Code     0  __rtentry2.o(.ARM.Collect$$rtentry$$0000000C)
    __rt_exit                                0x0800017b   Thumb Code     0  rtexit.o(.ARM.Collect$$rtexit$$00000000)
    __rt_exit_ls                             0x0800017d   Thumb Code     0  rtexit2.o(.ARM.Collect$$rtexit$$00000003)
    __rt_exit_prels_1                        0x0800017d   Thumb Code     0  rtexit2.o(.ARM.Collect$$rtexit$$00000002)
    __rt_exit_exit                           0x08000181   Thumb Code     0  rtexit2.o(.ARM.Collect$$rtexit$$00000004)
    Reset_Handler                            0x08000189   Thumb Code     8  startup_stm32f103xb.o(.text)
    ADC1_2_IRQHandler                        0x080001a3   Thumb Code     0  startup_stm32f103xb.o(.text)
    CAN1_RX1_IRQHandler                      0x080001a3   Thumb Code     0  startup_stm32f103xb.o(.text)
    CAN1_SCE_IRQHandler                      0x080001a3   Thumb Code     0  startup_stm32f103xb.o(.text)
    DMA1_Channel4_IRQHandler                 0x080001a3   Thumb Code     0  startup_stm32f103xb.o(.text)
    DMA1_Channel5_IRQHandler                 0x080001a3   Thumb Code     0  startup_stm32f103xb.o(.text)
    EXTI0_IRQHandler                         0x080001a3   Thumb Code     0  startup_stm32f103xb.o(.text)
    EXTI15_10_IRQHandler                     0x080001a3   Thumb Code     0  startup_stm32f103xb.o(.text)
    EXTI1_IRQHandler                         0x080001a3   Thumb Code     0  startup_stm32f103xb.o(.text)
    EXTI2_IRQHandler                         0x080001a3   Thumb Code     0  startup_stm32f103xb.o(.text)
    EXTI3_IRQHandler                         0x080001a3   Thumb Code     0  startup_stm32f103xb.o(.text)
    EXTI4_IRQHandler                         0x080001a3   Thumb Code     0  startup_stm32f103xb.o(.text)
    FLASH_IRQHandler                         0x080001a3   Thumb Code     0  startup_stm32f103xb.o(.text)
    I2C2_ER_IRQHandler                       0x080001a3   Thumb Code     0  startup_stm32f103xb.o(.text)
    I2C2_EV_IRQHandler                       0x080001a3   Thumb Code     0  startup_stm32f103xb.o(.text)
    PVD_IRQHandler                           0x080001a3   Thumb Code     0  startup_stm32f103xb.o(.text)
    RCC_IRQHandler                           0x080001a3   Thumb Code     0  startup_stm32f103xb.o(.text)
    RTC_Alarm_IRQHandler                     0x080001a3   Thumb Code     0  startup_stm32f103xb.o(.text)
    SPI1_IRQHandler                          0x080001a3   Thumb Code     0  startup_stm32f103xb.o(.text)
    SPI2_IRQHandler                          0x080001a3   Thumb Code     0  startup_stm32f103xb.o(.text)
    TAMPER_IRQHandler                        0x080001a3   Thumb Code     0  startup_stm32f103xb.o(.text)
    TIM1_BRK_IRQHandler                      0x080001a3   Thumb Code     0  startup_stm32f103xb.o(.text)
    TIM1_CC_IRQHandler                       0x080001a3   Thumb Code     0  startup_stm32f103xb.o(.text)
    TIM1_TRG_COM_IRQHandler                  0x080001a3   Thumb Code     0  startup_stm32f103xb.o(.text)
    TIM1_UP_IRQHandler                       0x080001a3   Thumb Code     0  startup_stm32f103xb.o(.text)
    TIM2_IRQHandler                          0x080001a3   Thumb Code     0  startup_stm32f103xb.o(.text)
    TIM4_IRQHandler                          0x080001a3   Thumb Code     0  startup_stm32f103xb.o(.text)
    USART1_IRQHandler                        0x080001a3   Thumb Code     0  startup_stm32f103xb.o(.text)
    USART2_IRQHandler                        0x080001a3   Thumb Code     0  startup_stm32f103xb.o(.text)
    USBWakeUp_IRQHandler                     0x080001a3   Thumb Code     0  startup_stm32f103xb.o(.text)
    USB_HP_CAN1_TX_IRQHandler                0x080001a3   Thumb Code     0  startup_stm32f103xb.o(.text)
    USB_LP_CAN1_RX0_IRQHandler               0x080001a3   Thumb Code     0  startup_stm32f103xb.o(.text)
    WWDG_IRQHandler                          0x080001a3   Thumb Code     0  startup_stm32f103xb.o(.text)
    __user_initial_stackheap                 0x080001a5   Thumb Code     0  startup_stm32f103xb.o(.text)
    __aeabi_memcpy                           0x080001c9   Thumb Code     0  rt_memcpy_v6.o(.text)
    __rt_memcpy                              0x080001c9   Thumb Code   138  rt_memcpy_v6.o(.text)
    _memcpy_lastbytes                        0x0800022f   Thumb Code     0  rt_memcpy_v6.o(.text)
    __aeabi_memset4                          0x08000253   Thumb Code    16  aeabi_memset4.o(.text)
    __aeabi_memset8                          0x08000253   Thumb Code     0  aeabi_memset4.o(.text)
    __aeabi_memclr4                          0x08000263   Thumb Code     0  rt_memclr_w.o(.text)
    __aeabi_memclr8                          0x08000263   Thumb Code     0  rt_memclr_w.o(.text)
    __rt_memclr_w                            0x08000263   Thumb Code     0  rt_memclr_w.o(.text)
    _memset_w                                0x08000267   Thumb Code    74  rt_memclr_w.o(.text)
    __use_two_region_memory                  0x080002b1   Thumb Code     2  heapauxi.o(.text)
    __rt_heap_escrow                         0x080002b3   Thumb Code     2  heapauxi.o(.text)
    __rt_heap_expand                         0x080002b5   Thumb Code     2  heapauxi.o(.text)
    __aeabi_memcpy4                          0x080002b7   Thumb Code     0  rt_memcpy_w.o(.text)
    __aeabi_memcpy8                          0x080002b7   Thumb Code     0  rt_memcpy_w.o(.text)
    __rt_memcpy_w                            0x080002b7   Thumb Code   100  rt_memcpy_w.o(.text)
    _memcpy_lastbytes_aligned                0x080002ff   Thumb Code     0  rt_memcpy_w.o(.text)
    __user_libspace                          0x0800031d   Thumb Code     8  libspace.o(.text)
    __user_perproc_libspace                  0x0800031d   Thumb Code     0  libspace.o(.text)
    __user_perthread_libspace                0x0800031d   Thumb Code     0  libspace.o(.text)
    __I$use$semihosting                      0x08000325   Thumb Code     0  use_no_semi.o(.text)
    __use_no_semihosting_swi                 0x08000325   Thumb Code     2  use_no_semi.o(.text)
    __semihosting_library_function           0x08000327   Thumb Code     0  indicate_semi.o(.text)
    __user_setup_stackheap                   0x08000327   Thumb Code    74  sys_stackheap_outer.o(.text)
    exit                                     0x08000371   Thumb Code    18  exit.o(.text)
    _sys_exit                                0x08000385   Thumb Code     8  sys_exit.o(.text)
    ADC_ConversionStop_Disable               0x08000391   Thumb Code    86  stm32f1xx_hal_adc.o(.text.ADC_ConversionStop_Disable)
    ADC_DMAConvCplt                          0x080003e9   Thumb Code    80  stm32f1xx_hal_adc.o(.text.ADC_DMAConvCplt)
    ADC_DMAError                             0x08000439   Thumb Code    22  stm32f1xx_hal_adc.o(.text.ADC_DMAError)
    ADC_DMAHalfConvCplt                      0x08000451   Thumb Code     6  stm32f1xx_hal_adc.o(.text.ADC_DMAHalfConvCplt)
    ADC_Enable                               0x08000459   Thumb Code   146  stm32f1xx_hal_adc.o(.text.ADC_Enable)
    BusFault_Handler                         0x080004ed   Thumb Code     4  stm32f1xx_it.o(.text.BusFault_Handler)
    Callback01                               0x080004f1   Thumb Code    26  freertos.o(.text.Callback01)
    DMA1_Channel1_IRQHandler                 0x0800050d   Thumb Code    16  stm32f1xx_it.o(.text.DMA1_Channel1_IRQHandler)
    DMA1_Channel2_IRQHandler                 0x0800051d   Thumb Code    16  stm32f1xx_it.o(.text.DMA1_Channel2_IRQHandler)
    DMA1_Channel3_IRQHandler                 0x0800052d   Thumb Code    16  stm32f1xx_it.o(.text.DMA1_Channel3_IRQHandler)
    DMA1_Channel6_IRQHandler                 0x0800053d   Thumb Code    16  stm32f1xx_it.o(.text.DMA1_Channel6_IRQHandler)
    DMA1_Channel7_IRQHandler                 0x0800054d   Thumb Code    16  stm32f1xx_it.o(.text.DMA1_Channel7_IRQHandler)
    DebugMon_Handler                         0x0800055d   Thumb Code     2  stm32f1xx_it.o(.text.DebugMon_Handler)
    EXTI9_5_IRQHandler                       0x08000561   Thumb Code    18  stm32f1xx_it.o(.text.EXTI9_5_IRQHandler)
    Error_Handler                            0x08000575   Thumb Code    14  main.o(.text.Error_Handler)
    HAL_ADCEx_Calibration_Start              0x08000585   Thumb Code   234  stm32f1xx_hal_adc_ex.o(.text.HAL_ADCEx_Calibration_Start)
    HAL_ADC_ConfigChannel                    0x08000671   Thumb Code   270  stm32f1xx_hal_adc.o(.text.HAL_ADC_ConfigChannel)
    HAL_ADC_ConvCpltCallback                 0x08000781   Thumb Code   206  main.o(.text.HAL_ADC_ConvCpltCallback)
    HAL_ADC_ConvHalfCpltCallback             0x08000851   Thumb Code     2  stm32f1xx_hal_adc.o(.text.HAL_ADC_ConvHalfCpltCallback)
    HAL_ADC_ErrorCallback                    0x08000855   Thumb Code     2  stm32f1xx_hal_adc.o(.text.HAL_ADC_ErrorCallback)
    HAL_ADC_Init                             0x08000859   Thumb Code   348  stm32f1xx_hal_adc.o(.text.HAL_ADC_Init)
    HAL_ADC_MspInit                          0x080009b5   Thumb Code   260  adc.o(.text.HAL_ADC_MspInit)
    HAL_ADC_Start_DMA                        0x08000ab9   Thumb Code   310  stm32f1xx_hal_adc.o(.text.HAL_ADC_Start_DMA)
    HAL_ADC_Stop_DMA                         0x08000bf1   Thumb Code   176  stm32f1xx_hal_adc.o(.text.HAL_ADC_Stop_DMA)
    HAL_DMA_Abort                            0x08000ca1   Thumb Code    64  stm32f1xx_hal_dma.o(.text.HAL_DMA_Abort)
    HAL_DMA_Abort_IT                         0x08000ce1   Thumb Code   172  stm32f1xx_hal_dma.o(.text.HAL_DMA_Abort_IT)
    HAL_DMA_DeInit                           0x08000d8d   Thumb Code   100  stm32f1xx_hal_dma.o(.text.HAL_DMA_DeInit)
    HAL_DMA_GetState                         0x08000df1   Thumb Code     6  stm32f1xx_hal_dma.o(.text.HAL_DMA_GetState)
    HAL_DMA_IRQHandler                       0x08000df9   Thumb Code   368  stm32f1xx_hal_dma.o(.text.HAL_DMA_IRQHandler)
    HAL_DMA_Init                             0x08000f69   Thumb Code   136  stm32f1xx_hal_dma.o(.text.HAL_DMA_Init)
    HAL_DMA_Start_IT                         0x08000ff1   Thumb Code   152  stm32f1xx_hal_dma.o(.text.HAL_DMA_Start_IT)
    HAL_GPIO_DeInit                          0x08001089   Thumb Code   288  stm32f1xx_hal_gpio.o(.text.HAL_GPIO_DeInit)
    HAL_GPIO_EXTI_Callback                   0x080011a9   Thumb Code    38  main.o(.text.HAL_GPIO_EXTI_Callback)
    HAL_GPIO_EXTI_IRQHandler                 0x080011d1   Thumb Code    22  stm32f1xx_hal_gpio.o(.text.HAL_GPIO_EXTI_IRQHandler)
    HAL_GPIO_Init                            0x080011e9   Thumb Code   512  stm32f1xx_hal_gpio.o(.text.HAL_GPIO_Init)
    HAL_GPIO_TogglePin                       0x080013e9   Thumb Code    16  stm32f1xx_hal_gpio.o(.text.HAL_GPIO_TogglePin)
    HAL_GPIO_WritePin                        0x080013f9   Thumb Code    10  stm32f1xx_hal_gpio.o(.text.HAL_GPIO_WritePin)
    HAL_GetTick                              0x08001405   Thumb Code    12  stm32f1xx_hal.o(.text.HAL_GetTick)
    HAL_HalfDuplex_Init                      0x08001411   Thumb Code   232  stm32f1xx_hal_uart.o(.text.HAL_HalfDuplex_Init)
    HAL_I2C_AbortCpltCallback                0x080014f9   Thumb Code     2  stm32f1xx_hal_i2c.o(.text.HAL_I2C_AbortCpltCallback)
    HAL_I2C_AddrCallback                     0x080014fd   Thumb Code     2  stm32f1xx_hal_i2c.o(.text.HAL_I2C_AddrCallback)
    HAL_I2C_DeInit                           0x08001501   Thumb Code    54  stm32f1xx_hal_i2c.o(.text.HAL_I2C_DeInit)
    HAL_I2C_ER_IRQHandler                    0x08001539   Thumb Code   324  stm32f1xx_hal_i2c.o(.text.HAL_I2C_ER_IRQHandler)
    HAL_I2C_EV_IRQHandler                    0x0800167d   Thumb Code  1546  stm32f1xx_hal_i2c.o(.text.HAL_I2C_EV_IRQHandler)
    HAL_I2C_ErrorCallback                    0x08001c89   Thumb Code    28  main.o(.text.HAL_I2C_ErrorCallback)
    HAL_I2C_GetError                         0x08001ca5   Thumb Code     4  stm32f1xx_hal_i2c.o(.text.HAL_I2C_GetError)
    HAL_I2C_GetState                         0x08001ca9   Thumb Code     6  stm32f1xx_hal_i2c.o(.text.HAL_I2C_GetState)
    HAL_I2C_Init                             0x08001cb1   Thumb Code   408  stm32f1xx_hal_i2c.o(.text.HAL_I2C_Init)
    HAL_I2C_IsDeviceReady                    0x08001e49   Thumb Code   696  stm32f1xx_hal_i2c.o(.text.HAL_I2C_IsDeviceReady)
    HAL_I2C_ListenCpltCallback               0x08002101   Thumb Code     2  stm32f1xx_hal_i2c.o(.text.HAL_I2C_ListenCpltCallback)
    HAL_I2C_MasterRxCpltCallback             0x08002105   Thumb Code    72  main.o(.text.HAL_I2C_MasterRxCpltCallback)
    HAL_I2C_MasterTxCpltCallback             0x0800214d   Thumb Code    22  main.o(.text.HAL_I2C_MasterTxCpltCallback)
    HAL_I2C_Master_Receive_DMA               0x08002165   Thumb Code   346  stm32f1xx_hal_i2c.o(.text.HAL_I2C_Master_Receive_DMA)
    HAL_I2C_Master_Transmit_DMA              0x080022c1   Thumb Code   350  stm32f1xx_hal_i2c.o(.text.HAL_I2C_Master_Transmit_DMA)
    HAL_I2C_MemRxCpltCallback                0x08002421   Thumb Code     2  stm32f1xx_hal_i2c.o(.text.HAL_I2C_MemRxCpltCallback)
    HAL_I2C_MemTxCpltCallback                0x08002425   Thumb Code     2  stm32f1xx_hal_i2c.o(.text.HAL_I2C_MemTxCpltCallback)
    HAL_I2C_MspDeInit                        0x08002429   Thumb Code    98  i2c.o(.text.HAL_I2C_MspDeInit)
    HAL_I2C_MspInit                          0x0800248d   Thumb Code   310  i2c.o(.text.HAL_I2C_MspInit)
    HAL_I2C_SlaveRxCpltCallback              0x080025c5   Thumb Code     2  stm32f1xx_hal_i2c.o(.text.HAL_I2C_SlaveRxCpltCallback)
    HAL_I2C_SlaveTxCpltCallback              0x080025c9   Thumb Code     2  stm32f1xx_hal_i2c.o(.text.HAL_I2C_SlaveTxCpltCallback)
    HAL_IncTick                              0x080025cd   Thumb Code    26  stm32f1xx_hal.o(.text.HAL_IncTick)
    HAL_Init                                 0x080025e9   Thumb Code    38  stm32f1xx_hal.o(.text.HAL_Init)
    HAL_InitTick                             0x08002611   Thumb Code   240  stm32f1xx_hal_timebase_tim.o(.text.HAL_InitTick)
    HAL_MspInit                              0x08002701   Thumb Code   114  stm32f1xx_hal_msp.o(.text.HAL_MspInit)
    HAL_NVIC_DisableIRQ                      0x08002775   Thumb Code    40  stm32f1xx_hal_cortex.o(.text.HAL_NVIC_DisableIRQ)
    HAL_NVIC_EnableIRQ                       0x0800279d   Thumb Code    32  stm32f1xx_hal_cortex.o(.text.HAL_NVIC_EnableIRQ)
    HAL_NVIC_SetPriority                     0x080027bd   Thumb Code    86  stm32f1xx_hal_cortex.o(.text.HAL_NVIC_SetPriority)
    HAL_NVIC_SetPriorityGrouping             0x08002815   Thumb Code    32  stm32f1xx_hal_cortex.o(.text.HAL_NVIC_SetPriorityGrouping)
    HAL_PWR_EnableBkUpAccess                 0x08002835   Thumb Code    12  stm32f1xx_hal_pwr.o(.text.HAL_PWR_EnableBkUpAccess)
    HAL_RCCEx_GetPeriphCLKFreq               0x08002841   Thumb Code   224  stm32f1xx_hal_rcc_ex.o(.text.HAL_RCCEx_GetPeriphCLKFreq)
    HAL_RCCEx_PeriphCLKConfig                0x08002935   Thumb Code   262  stm32f1xx_hal_rcc_ex.o(.text.HAL_RCCEx_PeriphCLKConfig)
    HAL_RCC_ClockConfig                      0x08002a3d   Thumb Code   442  stm32f1xx_hal_rcc.o(.text.HAL_RCC_ClockConfig)
    HAL_RCC_GetClockConfig                   0x08002bf9   Thumb Code    66  stm32f1xx_hal_rcc.o(.text.HAL_RCC_GetClockConfig)
    HAL_RCC_GetPCLK1Freq                     0x08002c3d   Thumb Code    38  stm32f1xx_hal_rcc.o(.text.HAL_RCC_GetPCLK1Freq)
    HAL_RCC_GetPCLK2Freq                     0x08002c65   Thumb Code    38  stm32f1xx_hal_rcc.o(.text.HAL_RCC_GetPCLK2Freq)
    HAL_RCC_OscConfig                        0x08002c8d   Thumb Code   816  stm32f1xx_hal_rcc.o(.text.HAL_RCC_OscConfig)
    HAL_RTCEx_RTCEventCallback               0x08002fbd   Thumb Code     2  stm32f1xx_hal_rtc_ex.o(.text.HAL_RTCEx_RTCEventCallback)
    HAL_RTCEx_RTCEventErrorCallback          0x08002fc1   Thumb Code     2  stm32f1xx_hal_rtc_ex.o(.text.HAL_RTCEx_RTCEventErrorCallback)
    HAL_RTCEx_RTCIRQHandler                  0x08002fc5   Thumb Code    68  stm32f1xx_hal_rtc_ex.o(.text.HAL_RTCEx_RTCIRQHandler)
    HAL_RTC_DeactivateAlarm                  0x08003009   Thumb Code   170  stm32f1xx_hal_rtc.o(.text.HAL_RTC_DeactivateAlarm)
    HAL_RTC_GetDate                          0x080030b5   Thumb Code   188  stm32f1xx_hal_rtc.o(.text.HAL_RTC_GetDate)
    HAL_RTC_GetTime                          0x08003171   Thumb Code   396  stm32f1xx_hal_rtc.o(.text.HAL_RTC_GetTime)
    HAL_RTC_Init                             0x080032fd   Thumb Code   250  stm32f1xx_hal_rtc.o(.text.HAL_RTC_Init)
    HAL_RTC_MspInit                          0x080033f9   Thumb Code    94  rtc.o(.text.HAL_RTC_MspInit)
    HAL_RTC_SetAlarm_IT                      0x08003459   Thumb Code   260  stm32f1xx_hal_rtc.o(.text.HAL_RTC_SetAlarm_IT)
    HAL_RTC_SetDate                          0x0800355d   Thumb Code   362  stm32f1xx_hal_rtc.o(.text.HAL_RTC_SetDate)
    HAL_RTC_SetTime                          0x080036c9   Thumb Code   198  stm32f1xx_hal_rtc.o(.text.HAL_RTC_SetTime)
    HAL_TIMEx_BreakCallback                  0x08003791   Thumb Code     2  stm32f1xx_hal_tim_ex.o(.text.HAL_TIMEx_BreakCallback)
    HAL_TIMEx_CommutCallback                 0x08003795   Thumb Code     2  stm32f1xx_hal_tim_ex.o(.text.HAL_TIMEx_CommutCallback)
    HAL_TIMEx_MasterConfigSynchronization    0x08003799   Thumb Code   118  stm32f1xx_hal_tim_ex.o(.text.HAL_TIMEx_MasterConfigSynchronization)
    HAL_TIM_Base_Init                        0x08003811   Thumb Code   216  stm32f1xx_hal_tim.o(.text.HAL_TIM_Base_Init)
    HAL_TIM_Base_MspInit                     0x080038e9   Thumb Code     2  stm32f1xx_hal_tim.o(.text.HAL_TIM_Base_MspInit)
    HAL_TIM_Base_Start_IT                    0x080038ed   Thumb Code   102  stm32f1xx_hal_tim.o(.text.HAL_TIM_Base_Start_IT)
    HAL_TIM_IC_CaptureCallback               0x08003955   Thumb Code     2  stm32f1xx_hal_tim.o(.text.HAL_TIM_IC_CaptureCallback)
    HAL_TIM_IC_ConfigChannel                 0x08003959   Thumb Code   366  stm32f1xx_hal_tim.o(.text.HAL_TIM_IC_ConfigChannel)
    HAL_TIM_IC_Init                          0x08003ac9   Thumb Code   216  stm32f1xx_hal_tim.o(.text.HAL_TIM_IC_Init)
    HAL_TIM_IC_MspInit                       0x08003ba1   Thumb Code   162  tim.o(.text.HAL_TIM_IC_MspInit)
    HAL_TIM_IRQHandler                       0x08003c45   Thumb Code   362  stm32f1xx_hal_tim.o(.text.HAL_TIM_IRQHandler)
    HAL_TIM_OC_DelayElapsedCallback          0x08003db1   Thumb Code     2  stm32f1xx_hal_tim.o(.text.HAL_TIM_OC_DelayElapsedCallback)
    HAL_TIM_PWM_PulseFinishedCallback        0x08003db5   Thumb Code     2  stm32f1xx_hal_tim.o(.text.HAL_TIM_PWM_PulseFinishedCallback)
    HAL_TIM_PeriodElapsedCallback            0x08003db9   Thumb Code    34  main.o(.text.HAL_TIM_PeriodElapsedCallback)
    HAL_TIM_TriggerCallback                  0x08003ddd   Thumb Code     2  stm32f1xx_hal_tim.o(.text.HAL_TIM_TriggerCallback)
    HAL_UARTEx_RxEventCallback               0x08003de1   Thumb Code     2  stm32f1xx_hal_uart.o(.text.HAL_UARTEx_RxEventCallback)
    HAL_UART_ErrorCallback                   0x08003de5   Thumb Code     2  stm32f1xx_hal_uart.o(.text.HAL_UART_ErrorCallback)
    HAL_UART_IRQHandler                      0x08003de9   Thumb Code   778  stm32f1xx_hal_uart.o(.text.HAL_UART_IRQHandler)
    HAL_UART_Init                            0x080040f5   Thumb Code   224  stm32f1xx_hal_uart.o(.text.HAL_UART_Init)
    HAL_UART_MspInit                         0x080041d5   Thumb Code   426  usart.o(.text.HAL_UART_MspInit)
    HAL_UART_RxCpltCallback                  0x08004381   Thumb Code    20  main.o(.text.HAL_UART_RxCpltCallback)
    HAL_UART_Transmit                        0x08004395   Thumb Code   356  stm32f1xx_hal_uart.o(.text.HAL_UART_Transmit)
    HAL_UART_Transmit_DMA                    0x080044f9   Thumb Code   124  stm32f1xx_hal_uart.o(.text.HAL_UART_Transmit_DMA)
    HAL_UART_TxCpltCallback                  0x08004575   Thumb Code    20  main.o(.text.HAL_UART_TxCpltCallback)
    HAL_UART_TxHalfCpltCallback              0x08004589   Thumb Code     2  stm32f1xx_hal_uart.o(.text.HAL_UART_TxHalfCpltCallback)
    HardFault_Handler                        0x0800458d   Thumb Code     4  stm32f1xx_it.o(.text.HardFault_Handler)
    I2C1_ER_IRQHandler                       0x08004591   Thumb Code    16  stm32f1xx_it.o(.text.I2C1_ER_IRQHandler)
    I2C1_EV_IRQHandler                       0x080045a1   Thumb Code    16  stm32f1xx_it.o(.text.I2C1_EV_IRQHandler)
    MX_ADC1_Init                             0x08004d19   Thumb Code   398  adc.o(.text.MX_ADC1_Init)
    MX_DMA_Init                              0x08004ea9   Thumb Code   132  dma.o(.text.MX_DMA_Init)
    MX_FREERTOS_Init                         0x08004f2d   Thumb Code   238  freertos.o(.text.MX_FREERTOS_Init)
    MX_GPIO_Init                             0x0800501d   Thumb Code   384  gpio.o(.text.MX_GPIO_Init)
    MX_I2C1_Init                             0x0800519d   Thumb Code    68  i2c.o(.text.MX_I2C1_Init)
    MX_RTC_Init                              0x080051e1   Thumb Code   150  rtc.o(.text.MX_RTC_Init)
    MX_TIM2_Init                             0x08005279   Thumb Code   132  tim.o(.text.MX_TIM2_Init)
    MX_USART1_UART_Init                      0x080052fd   Thumb Code    64  usart.o(.text.MX_USART1_UART_Init)
    MX_USART3_UART_Init                      0x0800533d   Thumb Code    64  usart.o(.text.MX_USART3_UART_Init)
    MemManage_Handler                        0x0800537d   Thumb Code     4  stm32f1xx_it.o(.text.MemManage_Handler)
    NMI_Handler                              0x08005381   Thumb Code     4  stm32f1xx_it.o(.text.NMI_Handler)
    PendSV_Handler                           0x08005391   Thumb Code    68  port.o(.text.PendSV_Handler)
    RTC_IRQHandler                           0x08005509   Thumb Code    46  stm32f1xx_it.o(.text.RTC_IRQHandler)
    RTC_ReadTimeCounter                      0x08005539   Thumb Code   106  main.o(.text.RTC_ReadTimeCounter)
    SVC_Handler                              0x08005691   Thumb Code    36  port.o(.text.SVC_Handler)
    StartDefaultTask                         0x080056b5   Thumb Code   260  freertos.o(.text.StartDefaultTask)
    StartTask02                              0x080057b9   Thumb Code   102  freertos.o(.text.StartTask02)
    SysTick_Handler                          0x08005821   Thumb Code    46  port.o(.text.SysTick_Handler)
    SystemClock_Config                       0x08005851   Thumb Code   154  main.o(.text.SystemClock_Config)
    SystemInit                               0x080058ed   Thumb Code     2  system_stm32f1xx.o(.text.SystemInit)
    TIM3_IRQHandler                          0x080058f1   Thumb Code    16  stm32f1xx_it.o(.text.TIM3_IRQHandler)
    USART3_IRQHandler                        0x08005ad5   Thumb Code    16  stm32f1xx_it.o(.text.USART3_IRQHandler)
    UsageFault_Handler                       0x08005ae5   Thumb Code     4  stm32f1xx_it.o(.text.UsageFault_Handler)
    handleScheduler                          0x08005ae9   Thumb Code   398  main.o(.text.handleScheduler)
    init_slip_buffer                         0x08005c79   Thumb Code    50  slip.o(.text.init_slip_buffer)
    main                                     0x08005cad   Thumb Code   644  main.o(.text.main)
    osDelay                                  0x08005f31   Thumb Code    52  cmsis_os2.o(.text.osDelay)
    osEventFlagsNew                          0x08005f65   Thumb Code    90  cmsis_os2.o(.text.osEventFlagsNew)
    osKernelInitialize                       0x08005fc1   Thumb Code    58  cmsis_os2.o(.text.osKernelInitialize)
    osKernelStart                            0x08005ffd   Thumb Code    66  cmsis_os2.o(.text.osKernelStart)
    osMessageQueueNew                        0x08006041   Thumb Code   204  cmsis_os2.o(.text.osMessageQueueNew)
    osThreadNew                              0x0800610d   Thumb Code   234  cmsis_os2.o(.text.osThreadNew)
    osTimerNew                               0x080061f9   Thumb Code   178  cmsis_os2.o(.text.osTimerNew)
    osTimerStart                             0x080062ad   Thumb Code    86  cmsis_os2.o(.text.osTimerStart)
    pvPortMalloc                             0x08006c5d   Thumb Code   440  heap_4.o(.text.pvPortMalloc)
    pvTimerGetTimerID                        0x08006e15   Thumb Code    38  timers.o(.text.pvTimerGetTimerID)
    pxPortInitialiseStack                    0x08006e3d   Thumb Code    32  port.o(.text.pxPortInitialiseStack)
    ulTaskNotifyTake                         0x08006e5d   Thumb Code   106  tasks.o(.text.ulTaskNotifyTake)
    uxListRemove                             0x08006ec9   Thumb Code    36  list.o(.text.uxListRemove)
    vApplicationGetIdleTaskMemory            0x08006eed   Thumb Code    26  cmsis_os2.o(.text.vApplicationGetIdleTaskMemory)
    vApplicationGetTimerTaskMemory           0x08006f09   Thumb Code    28  cmsis_os2.o(.text.vApplicationGetTimerTaskMemory)
    vListInitialise                          0x08006f25   Thumb Code    22  list.o(.text.vListInitialise)
    vListInitialiseItem                      0x08006f3d   Thumb Code     6  list.o(.text.vListInitialiseItem)
    vListInsert                              0x08006f45   Thumb Code    58  list.o(.text.vListInsert)
    vListInsertEnd                           0x08006f81   Thumb Code    28  list.o(.text.vListInsertEnd)
    vPortEnterCritical                       0x08006f9d   Thumb Code    70  port.o(.text.vPortEnterCritical)
    vPortExitCritical                        0x08006fe5   Thumb Code    46  port.o(.text.vPortExitCritical)
    vPortFree                                0x08007015   Thumb Code   196  heap_4.o(.text.vPortFree)
    vPortSetupTimerInterrupt                 0x080070d9   Thumb Code    52  port.o(.text.vPortSetupTimerInterrupt)
    vPortValidateInterruptPriority           0x0800710d   Thumb Code    98  port.o(.text.vPortValidateInterruptPriority)
    vQueueAddToRegistry                      0x08007171   Thumb Code    40  queue.o(.text.vQueueAddToRegistry)
    vQueueWaitForMessageRestricted           0x08007199   Thumb Code    70  queue.o(.text.vQueueWaitForMessageRestricted)
    vTaskDelay                               0x080071e1   Thumb Code   166  tasks.o(.text.vTaskDelay)
    vTaskInternalSetTimeOutState             0x08007289   Thumb Code    26  tasks.o(.text.vTaskInternalSetTimeOutState)
    vTaskMissedYield                         0x080072a5   Thumb Code    14  tasks.o(.text.vTaskMissedYield)
    vTaskNotifyGiveFromISR                   0x080072b5   Thumb Code   218  tasks.o(.text.vTaskNotifyGiveFromISR)
    vTaskPlaceOnEventList                    0x08007391   Thumb Code    54  tasks.o(.text.vTaskPlaceOnEventList)
    vTaskPlaceOnEventListRestricted          0x080073c9   Thumb Code    62  tasks.o(.text.vTaskPlaceOnEventListRestricted)
    vTaskStartScheduler                      0x08007409   Thumb Code   156  tasks.o(.text.vTaskStartScheduler)
    vTaskSuspendAll                          0x080074ad   Thumb Code    16  tasks.o(.text.vTaskSuspendAll)
    vTaskSwitchContext                       0x080074bd   Thumb Code   154  tasks.o(.text.vTaskSwitchContext)
    xEventGroupCreate                        0x08007559   Thumb Code    28  event_groups.o(.text.xEventGroupCreate)
    xEventGroupCreateStatic                  0x08007575   Thumb Code    78  event_groups.o(.text.xEventGroupCreateStatic)
    xPortStartScheduler                      0x080075c5   Thumb Code   218  port.o(.text.xPortStartScheduler)
    xQueueGenericCreate                      0x080076a1   Thumb Code   142  queue.o(.text.xQueueGenericCreate)
    xQueueGenericCreateStatic                0x08007731   Thumb Code   218  queue.o(.text.xQueueGenericCreateStatic)
    xQueueGenericSend                        0x0800780d   Thumb Code   530  queue.o(.text.xQueueGenericSend)
    xQueueGenericSendFromISR                 0x08007a21   Thumb Code   330  queue.o(.text.xQueueGenericSendFromISR)
    xQueueReceive                            0x08007b6d   Thumb Code   424  queue.o(.text.xQueueReceive)
    xTaskCheckForTimeOut                     0x08007d15   Thumb Code   142  tasks.o(.text.xTaskCheckForTimeOut)
    xTaskCreate                              0x08007da5   Thumb Code   216  tasks.o(.text.xTaskCreate)
    xTaskCreateStatic                        0x08007e7d   Thumb Code   222  tasks.o(.text.xTaskCreateStatic)
    xTaskGetSchedulerState                   0x08007f5d   Thumb Code    38  tasks.o(.text.xTaskGetSchedulerState)
    xTaskGetTickCount                        0x08007f85   Thumb Code    12  tasks.o(.text.xTaskGetTickCount)
    xTaskIncrementTick                       0x08007f91   Thumb Code   366  tasks.o(.text.xTaskIncrementTick)
    xTaskPriorityDisinherit                  0x08008101   Thumb Code   146  tasks.o(.text.xTaskPriorityDisinherit)
    xTaskRemoveFromEventList                 0x08008195   Thumb Code   142  tasks.o(.text.xTaskRemoveFromEventList)
    xTaskResumeAll                           0x08008225   Thumb Code   312  tasks.o(.text.xTaskResumeAll)
    xTimerCreate                             0x0800835d   Thumb Code    82  timers.o(.text.xTimerCreate)
    xTimerCreateStatic                       0x080083b1   Thumb Code   126  timers.o(.text.xTimerCreateStatic)
    xTimerCreateTimerTask                    0x08008431   Thumb Code   108  timers.o(.text.xTimerCreateTimerTask)
    xTimerGenericCommand                     0x080084a5   Thumb Code   104  timers.o(.text.xTimerGenericCommand)
    AHBPrescTable                            0x0800850c   Data          16  system_stm32f1xx.o(.rodata.AHBPrescTable)
    APBPrescTable                            0x0800851c   Data           8  system_stm32f1xx.o(.rodata.APBPrescTable)
    defaultTask_attributes                   0x08008538   Data          36  freertos.o(.rodata.defaultTask_attributes)
    myEvent01_attributes                     0x0800855c   Data          16  freertos.o(.rodata.myEvent01_attributes)
    myQueue01_attributes                     0x0800856c   Data          24  freertos.o(.rodata.myQueue01_attributes)
    myTask02_attributes                      0x08008584   Data          36  freertos.o(.rodata.myTask02_attributes)
    myTimer01_attributes                     0x080085a8   Data          16  freertos.o(.rodata.myTimer01_attributes)
    Region$$Table$$Base                      0x08008604   Number         0  anon$$obj.o(Region$$Table)
    Region$$Table$$Limit                     0x08008624   Number         0  anon$$obj.o(Region$$Table)
    SystemCoreClock                          0x20000000   Data           4  system_stm32f1xx.o(.data.SystemCoreClock)
    defaultTempSet0                          0x20000004   Data           4  main.o(.data.defaultTempSet0)
    defaultTempSet1                          0x20000008   Data           4  main.o(.data.defaultTempSet1)
    sch_size                                 0x2000000c   Data           1  main.o(.data.sch_size)
    uwTickFreq                               0x2000000d   Data           1  stm32f1xx_hal.o(.data.uwTickFreq)
    uwTickPrio                               0x20000010   Data           4  stm32f1xx_hal.o(.data.uwTickPrio)
    __libspace_start                         0x20000018   Data          96  libspace.o(.bss)
    ADC_Raw                                  0x20000078   Data          80  main.o(.bss.ADC_Raw)
    __temporary_stack_top$libspace           0x20000078   Data           0  libspace.o(.bss)
    aRxBuffer                                0x20000784   Data           4  main.o(.bss.aRxBuffer)
    aRxBufferCp                              0x20000788   Data           4  main.o(.bss.aRxBufferCp)
    defaultTaskHandle                        0x2000078c   Data           4  freertos.o(.bss.defaultTaskHandle)
    dummyAlert                               0x20000790   Data           1  main.o(.bss.dummyAlert)
    hadc1                                    0x20000794   Data          48  adc.o(.bss.hadc1)
    hal_busy_cnt                             0x200007c4   Data           4  freertos.o(.bss.hal_busy_cnt)
    hdma_adc1                                0x200007c8   Data          68  adc.o(.bss.hdma_adc1)
    hdma_i2c1_rx                             0x2000080c   Data          68  i2c.o(.bss.hdma_i2c1_rx)
    hdma_i2c1_tx                             0x20000850   Data          68  i2c.o(.bss.hdma_i2c1_tx)
    hdma_usart3_rx                           0x20000894   Data          68  usart.o(.bss.hdma_usart3_rx)
    hdma_usart3_tx                           0x200008d8   Data          68  usart.o(.bss.hdma_usart3_tx)
    hi2c1                                    0x2000091c   Data          84  i2c.o(.bss.hi2c1)
    hrtc                                     0x20000970   Data          20  rtc.o(.bss.hrtc)
    htim2                                    0x20000984   Data          72  tim.o(.bss.htim2)
    htim3                                    0x200009cc   Data          72  stm32f1xx_hal_timebase_tim.o(.bss.htim3)
    huart1                                   0x20000a14   Data          72  usart.o(.bss.huart1)
    huart3                                   0x20000a5c   Data          72  usart.o(.bss.huart3)
    i2c_rx_end                               0x20000aa4   Data           1  main.o(.bss.i2c_rx_end)
    i2ccnt                                   0x20000aa8   Data           4  main.o(.bss.i2ccnt)
    i2ccntRX                                 0x20000aac   Data           4  main.o(.bss.i2ccntRX)
    myEvent01Handle                          0x20000ab0   Data           4  freertos.o(.bss.myEvent01Handle)
    myQueue01Handle                          0x20000ab4   Data           4  freertos.o(.bss.myQueue01Handle)
    myTask02Handle                           0x20000ab8   Data           4  freertos.o(.bss.myTask02Handle)
    myTimer01Handle                          0x20000abc   Data           4  freertos.o(.bss.myTimer01Handle)
    pxCurrentTCB                             0x20000bb4   Data           4  tasks.o(.bss.pxCurrentTCB)
    quickDayChange                           0x2000102c   Data           4  main.o(.bss.quickDayChange)
    rtc_conter                               0x20001030   Data           4  freertos.o(.bss.rtc_conter)
    rtc_conter_delta                         0x20001034   Data           4  freertos.o(.bss.rtc_conter_delta)
    rx_cnt_ack                               0x20001038   Data           4  freertos.o(.bss.rx_cnt_ack)
    sDate                                    0x2000103c   Data           4  main.o(.bss.sDate)
    sTime                                    0x20001040   Data           3  main.o(.bss.sTime)
    sch_pos                                  0x20001044   Data           4  main.o(.bss.sch_pos)
    scheduler                                0x20001048   Data         400  main.o(.bss.scheduler)
    state                                    0x200011d8   Data          40  main.o(.bss.state)
    task_callCnt                             0x20001200   Data           4  freertos.o(.bss.task_callCnt)
    tempSet0                                 0x20001204   Data           4  main.o(.bss.tempSet0)
    tempSet1                                 0x20001208   Data           4  main.o(.bss.tempSet1)
    tx_end                                   0x2000120c   Data           1  main.o(.bss.tx_end)
    uart_dma_buf_tx                          0x2000120d   Data          40  main.o(.bss.uart_dma_buf_tx)
    uwTick                                   0x20001e3c   Data           4  stm32f1xx_hal.o(.bss.uwTick)
    xQueueRegistry                           0x20001ed4   Data          64  queue.o(.bss.xQueueRegistry)
    xTask1                                   0x20001f34   Data           4  main.o(.bss.xTask1)



==============================================================================

Memory Map of the image

  Image Entry point : 0x080000ed

  Load Region LR_IROM1 (Base: 0x08000000, Size: 0x00008640, Max: 0x00010000, ABSOLUTE)

    Execution Region ER_IROM1 (Exec base: 0x08000000, Load base: 0x08000000, Size: 0x00008624, Max: 0x00010000, ABSOLUTE)

    Exec Addr    Load Addr    Size         Type   Attr      Idx    E Section Name        Object

    0x08000000   0x08000000   0x000000ec   Data   RO            3    RESET               startup_stm32f103xb.o
    0x080000ec   0x080000ec   0x00000008   Code   RO         2253  * !!!main             c_w.l(__main.o)
    0x080000f4   0x080000f4   0x00000034   Code   RO         2733    !!!scatter          c_w.l(__scatter.o)
    0x08000128   0x08000128   0x0000001a   Code   RO         2735    !!handler_copy      c_w.l(__scatter_copy.o)
    0x08000142   0x08000142   0x00000002   PAD
    0x08000144   0x08000144   0x0000001c   Code   RO         2737    !!handler_zi        c_w.l(__scatter_zi.o)
    0x08000160   0x08000160   0x00000002   Code   RO         2658    .ARM.Collect$$libinit$$00000000  c_w.l(libinit.o)
    0x08000162   0x08000162   0x00000000   Code   RO         2411    .ARM.Collect$$libinit$$00000002  c_w.l(libinit2.o)
    0x08000162   0x08000162   0x00000000   Code   RO         2413    .ARM.Collect$$libinit$$00000004  c_w.l(libinit2.o)
    0x08000162   0x08000162   0x00000000   Code   RO         2415    .ARM.Collect$$libinit$$00000006  c_w.l(libinit2.o)
    0x08000162   0x08000162   0x00000000   Code   RO         2418    .ARM.Collect$$libinit$$0000000C  c_w.l(libinit2.o)
    0x08000162   0x08000162   0x00000000   Code   RO         2420    .ARM.Collect$$libinit$$0000000E  c_w.l(libinit2.o)
    0x08000162   0x08000162   0x00000000   Code   RO         2422    .ARM.Collect$$libinit$$00000010  c_w.l(libinit2.o)
    0x08000162   0x08000162   0x00000000   Code   RO         2425    .ARM.Collect$$libinit$$00000013  c_w.l(libinit2.o)
    0x08000162   0x08000162   0x00000000   Code   RO         2427    .ARM.Collect$$libinit$$00000015  c_w.l(libinit2.o)
    0x08000162   0x08000162   0x00000000   Code   RO         2429    .ARM.Collect$$libinit$$00000017  c_w.l(libinit2.o)
    0x08000162   0x08000162   0x00000000   Code   RO         2431    .ARM.Collect$$libinit$$00000019  c_w.l(libinit2.o)
    0x08000162   0x08000162   0x00000000   Code   RO         2433    .ARM.Collect$$libinit$$0000001B  c_w.l(libinit2.o)
    0x08000162   0x08000162   0x00000000   Code   RO         2435    .ARM.Collect$$libinit$$0000001D  c_w.l(libinit2.o)
    0x08000162   0x08000162   0x00000000   Code   RO         2437    .ARM.Collect$$libinit$$0000001F  c_w.l(libinit2.o)
    0x08000162   0x08000162   0x00000000   Code   RO         2439    .ARM.Collect$$libinit$$00000021  c_w.l(libinit2.o)
    0x08000162   0x08000162   0x00000000   Code   RO         2441    .ARM.Collect$$libinit$$00000023  c_w.l(libinit2.o)
    0x08000162   0x08000162   0x00000000   Code   RO         2443    .ARM.Collect$$libinit$$00000025  c_w.l(libinit2.o)
    0x08000162   0x08000162   0x00000000   Code   RO         2445    .ARM.Collect$$libinit$$00000027  c_w.l(libinit2.o)
    0x08000162   0x08000162   0x00000000   Code   RO         2449    .ARM.Collect$$libinit$$0000002E  c_w.l(libinit2.o)
    0x08000162   0x08000162   0x00000000   Code   RO         2451    .ARM.Collect$$libinit$$00000030  c_w.l(libinit2.o)
    0x08000162   0x08000162   0x00000000   Code   RO         2453    .ARM.Collect$$libinit$$00000032  c_w.l(libinit2.o)
    0x08000162   0x08000162   0x00000000   Code   RO         2455    .ARM.Collect$$libinit$$00000034  c_w.l(libinit2.o)
    0x08000162   0x08000162   0x00000002   Code   RO         2456    .ARM.Collect$$libinit$$00000035  c_w.l(libinit2.o)
    0x08000164   0x08000164   0x00000002   Code   RO         2730    .ARM.Collect$$libshutdown$$00000000  c_w.l(libshutdown.o)
    0x08000166   0x08000166   0x00000000   Code   RO         2558    .ARM.Collect$$libshutdown$$00000002  c_w.l(libshutdown2.o)
    0x08000166   0x08000166   0x00000000   Code   RO         2560    .ARM.Collect$$libshutdown$$00000004  c_w.l(libshutdown2.o)
    0x08000166   0x08000166   0x00000000   Code   RO         2563    .ARM.Collect$$libshutdown$$00000007  c_w.l(libshutdown2.o)
    0x08000166   0x08000166   0x00000000   Code   RO         2566    .ARM.Collect$$libshutdown$$0000000A  c_w.l(libshutdown2.o)
    0x08000166   0x08000166   0x00000000   Code   RO         2568    .ARM.Collect$$libshutdown$$0000000C  c_w.l(libshutdown2.o)
    0x08000166   0x08000166   0x00000000   Code   RO         2571    .ARM.Collect$$libshutdown$$0000000F  c_w.l(libshutdown2.o)
    0x08000166   0x08000166   0x00000002   Code   RO         2572    .ARM.Collect$$libshutdown$$00000010  c_w.l(libshutdown2.o)
    0x08000168   0x08000168   0x00000000   Code   RO         2279    .ARM.Collect$$rtentry$$00000000  c_w.l(__rtentry.o)
    0x08000168   0x08000168   0x00000000   Code   RO         2485    .ARM.Collect$$rtentry$$00000002  c_w.l(__rtentry2.o)
    0x08000168   0x08000168   0x00000006   Code   RO         2497    .ARM.Collect$$rtentry$$00000004  c_w.l(__rtentry4.o)
    0x0800016e   0x0800016e   0x00000000   Code   RO         2487    .ARM.Collect$$rtentry$$00000009  c_w.l(__rtentry2.o)
    0x0800016e   0x0800016e   0x00000004   Code   RO         2488    .ARM.Collect$$rtentry$$0000000A  c_w.l(__rtentry2.o)
    0x08000172   0x08000172   0x00000000   Code   RO         2490    .ARM.Collect$$rtentry$$0000000C  c_w.l(__rtentry2.o)
    0x08000172   0x08000172   0x00000008   Code   RO         2491    .ARM.Collect$$rtentry$$0000000D  c_w.l(__rtentry2.o)
    0x0800017a   0x0800017a   0x00000002   Code   RO         2667    .ARM.Collect$$rtexit$$00000000  c_w.l(rtexit.o)
    0x0800017c   0x0800017c   0x00000000   Code   RO         2699    .ARM.Collect$$rtexit$$00000002  c_w.l(rtexit2.o)
    0x0800017c   0x0800017c   0x00000004   Code   RO         2700    .ARM.Collect$$rtexit$$00000003  c_w.l(rtexit2.o)
    0x08000180   0x08000180   0x00000006   Code   RO         2701    .ARM.Collect$$rtexit$$00000004  c_w.l(rtexit2.o)
    0x08000186   0x08000186   0x00000002   PAD
    0x08000188   0x08000188   0x00000040   Code   RO            4    .text               startup_stm32f103xb.o
    0x080001c8   0x080001c8   0x0000008a   Code   RO         2239    .text               c_w.l(rt_memcpy_v6.o)
    0x08000252   0x08000252   0x00000010   Code   RO         2243    .text               c_w.l(aeabi_memset4.o)
    0x08000262   0x08000262   0x0000004e   Code   RO         2247    .text               c_w.l(rt_memclr_w.o)
    0x080002b0   0x080002b0   0x00000006   Code   RO         2251    .text               c_w.l(heapauxi.o)
    0x080002b6   0x080002b6   0x00000064   Code   RO         2406    .text               c_w.l(rt_memcpy_w.o)
    0x0800031a   0x0800031a   0x00000002   PAD
    0x0800031c   0x0800031c   0x00000008   Code   RO         2481    .text               c_w.l(libspace.o)
    0x08000324   0x08000324   0x00000002   Code   RO         2581    .text               c_w.l(use_no_semi.o)
    0x08000326   0x08000326   0x00000000   Code   RO         2583    .text               c_w.l(indicate_semi.o)
    0x08000326   0x08000326   0x0000004a   Code   RO         2584    .text               c_w.l(sys_stackheap_outer.o)
    0x08000370   0x08000370   0x00000012   Code   RO         2639    .text               c_w.l(exit.o)
    0x08000382   0x08000382   0x00000002   PAD
    0x08000384   0x08000384   0x0000000c   Code   RO         2663    .text               c_w.l(sys_exit.o)
    0x08000390   0x08000390   0x00000056   Code   RO          491    .text.ADC_ConversionStop_Disable  stm32f1xx_hal_adc.o
    0x080003e6   0x080003e6   0x00000002   PAD
    0x080003e8   0x080003e8   0x00000050   Code   RO          513    .text.ADC_DMAConvCplt  stm32f1xx_hal_adc.o
    0x08000438   0x08000438   0x00000016   Code   RO          517    .text.ADC_DMAError  stm32f1xx_hal_adc.o
    0x0800044e   0x0800044e   0x00000002   PAD
    0x08000450   0x08000450   0x00000006   Code   RO          515    .text.ADC_DMAHalfConvCplt  stm32f1xx_hal_adc.o
    0x08000456   0x08000456   0x00000002   PAD
    0x08000458   0x08000458   0x00000092   Code   RO          499    .text.ADC_Enable    stm32f1xx_hal_adc.o
    0x080004ea   0x080004ea   0x00000002   PAD
    0x080004ec   0x080004ec   0x00000004   Code   RO          416    .text.BusFault_Handler  stm32f1xx_it.o
    0x080004f0   0x080004f0   0x0000001a   Code   RO          281    .text.Callback01    freertos.o
    0x0800050a   0x0800050a   0x00000002   PAD
    0x0800050c   0x0800050c   0x00000010   Code   RO          424    .text.DMA1_Channel1_IRQHandler  stm32f1xx_it.o
    0x0800051c   0x0800051c   0x00000010   Code   RO          426    .text.DMA1_Channel2_IRQHandler  stm32f1xx_it.o
    0x0800052c   0x0800052c   0x00000010   Code   RO          428    .text.DMA1_Channel3_IRQHandler  stm32f1xx_it.o
    0x0800053c   0x0800053c   0x00000010   Code   RO          430    .text.DMA1_Channel6_IRQHandler  stm32f1xx_it.o
    0x0800054c   0x0800054c   0x00000010   Code   RO          432    .text.DMA1_Channel7_IRQHandler  stm32f1xx_it.o
    0x0800055c   0x0800055c   0x00000002   Code   RO          420    .text.DebugMon_Handler  stm32f1xx_it.o
    0x0800055e   0x0800055e   0x00000002   PAD
    0x08000560   0x08000560   0x00000012   Code   RO          434    .text.EXTI9_5_IRQHandler  stm32f1xx_it.o
    0x08000572   0x08000572   0x00000002   PAD
    0x08000574   0x08000574   0x0000000e   Code   RO          187    .text.Error_Handler  main.o
    0x08000582   0x08000582   0x00000002   PAD
    0x08000584   0x08000584   0x000000ea   Code   RO          549    .text.HAL_ADCEx_Calibration_Start  stm32f1xx_hal_adc_ex.o
    0x0800066e   0x0800066e   0x00000002   PAD
    0x08000670   0x08000670   0x0000010e   Code   RO          533    .text.HAL_ADC_ConfigChannel  stm32f1xx_hal_adc.o
    0x0800077e   0x0800077e   0x00000002   PAD
    0x08000780   0x08000780   0x000000ce   Code   RO          197    .text.HAL_ADC_ConvCpltCallback  main.o
    0x0800084e   0x0800084e   0x00000002   PAD
    0x08000850   0x08000850   0x00000002   Code   RO          529    .text.HAL_ADC_ConvHalfCpltCallback  stm32f1xx_hal_adc.o
    0x08000852   0x08000852   0x00000002   PAD
    0x08000854   0x08000854   0x00000002   Code   RO          531    .text.HAL_ADC_ErrorCallback  stm32f1xx_hal_adc.o
    0x08000856   0x08000856   0x00000002   PAD
    0x08000858   0x08000858   0x0000015c   Code   RO          487    .text.HAL_ADC_Init  stm32f1xx_hal_adc.o
    0x080009b4   0x080009b4   0x00000104   Code   RO          326    .text.HAL_ADC_MspInit  adc.o
    0x08000ab8   0x08000ab8   0x00000136   Code   RO          511    .text.HAL_ADC_Start_DMA  stm32f1xx_hal_adc.o
    0x08000bee   0x08000bee   0x00000002   PAD
    0x08000bf0   0x08000bf0   0x000000b0   Code   RO          519    .text.HAL_ADC_Stop_DMA  stm32f1xx_hal_adc.o
    0x08000ca0   0x08000ca0   0x00000040   Code   RO          728    .text.HAL_DMA_Abort  stm32f1xx_hal_dma.o
    0x08000ce0   0x08000ce0   0x000000ac   Code   RO          730    .text.HAL_DMA_Abort_IT  stm32f1xx_hal_dma.o
    0x08000d8c   0x08000d8c   0x00000064   Code   RO          722    .text.HAL_DMA_DeInit  stm32f1xx_hal_dma.o
    0x08000df0   0x08000df0   0x00000006   Code   RO          740    .text.HAL_DMA_GetState  stm32f1xx_hal_dma.o
    0x08000df6   0x08000df6   0x00000002   PAD
    0x08000df8   0x08000df8   0x00000170   Code   RO          734    .text.HAL_DMA_IRQHandler  stm32f1xx_hal_dma.o
    0x08000f68   0x08000f68   0x00000088   Code   RO          720    .text.HAL_DMA_Init  stm32f1xx_hal_dma.o
    0x08000ff0   0x08000ff0   0x00000098   Code   RO          726    .text.HAL_DMA_Start_IT  stm32f1xx_hal_dma.o
    0x08001088   0x08001088   0x00000120   Code   RO          698    .text.HAL_GPIO_DeInit  stm32f1xx_hal_gpio.o
    0x080011a8   0x080011a8   0x00000026   Code   RO          201    .text.HAL_GPIO_EXTI_Callback  main.o
    0x080011ce   0x080011ce   0x00000002   PAD
    0x080011d0   0x080011d0   0x00000016   Code   RO          708    .text.HAL_GPIO_EXTI_IRQHandler  stm32f1xx_hal_gpio.o
    0x080011e6   0x080011e6   0x00000002   PAD
    0x080011e8   0x080011e8   0x00000200   Code   RO          696    .text.HAL_GPIO_Init  stm32f1xx_hal_gpio.o
    0x080013e8   0x080013e8   0x00000010   Code   RO          704    .text.HAL_GPIO_TogglePin  stm32f1xx_hal_gpio.o
    0x080013f8   0x080013f8   0x0000000a   Code   RO          702    .text.HAL_GPIO_WritePin  stm32f1xx_hal_gpio.o
    0x08001402   0x08001402   0x00000002   PAD
    0x08001404   0x08001404   0x0000000c   Code   RO          595    .text.HAL_GetTick   stm32f1xx_hal.o
    0x08001410   0x08001410   0x000000e8   Code   RO         1458    .text.HAL_HalfDuplex_Init  stm32f1xx_hal_uart.o
    0x080014f8   0x080014f8   0x00000002   Code   RO         1033    .text.HAL_I2C_AbortCpltCallback  stm32f1xx_hal_i2c.o
    0x080014fa   0x080014fa   0x00000002   PAD
    0x080014fc   0x080014fc   0x00000002   Code   RO         1023    .text.HAL_I2C_AddrCallback  stm32f1xx_hal_i2c.o
    0x080014fe   0x080014fe   0x00000002   PAD
    0x08001500   0x08001500   0x00000036   Code   RO          921    .text.HAL_I2C_DeInit  stm32f1xx_hal_i2c.o
    0x08001536   0x08001536   0x00000002   PAD
    0x08001538   0x08001538   0x00000144   Code   RO         1013    .text.HAL_I2C_ER_IRQHandler  stm32f1xx_hal_i2c.o
    0x0800167c   0x0800167c   0x0000060a   Code   RO         1001    .text.HAL_I2C_EV_IRQHandler  stm32f1xx_hal_i2c.o
    0x08001c86   0x08001c86   0x00000002   PAD
    0x08001c88   0x08001c88   0x0000001c   Code   RO          185    .text.HAL_I2C_ErrorCallback  main.o
    0x08001ca4   0x08001ca4   0x00000004   Code   RO         1039    .text.HAL_I2C_GetError  stm32f1xx_hal_i2c.o
    0x08001ca8   0x08001ca8   0x00000006   Code   RO         1035    .text.HAL_I2C_GetState  stm32f1xx_hal_i2c.o
    0x08001cae   0x08001cae   0x00000002   PAD
    0x08001cb0   0x08001cb0   0x00000198   Code   RO          917    .text.HAL_I2C_Init  stm32f1xx_hal_i2c.o
    0x08001e48   0x08001e48   0x000002b8   Code   RO          973    .text.HAL_I2C_IsDeviceReady  stm32f1xx_hal_i2c.o
    0x08002100   0x08002100   0x00000002   Code   RO         1025    .text.HAL_I2C_ListenCpltCallback  stm32f1xx_hal_i2c.o
    0x08002102   0x08002102   0x00000002   PAD
    0x08002104   0x08002104   0x00000048   Code   RO          183    .text.HAL_I2C_MasterRxCpltCallback  main.o
    0x0800214c   0x0800214c   0x00000016   Code   RO          181    .text.HAL_I2C_MasterTxCpltCallback  main.o
    0x08002162   0x08002162   0x00000002   PAD
    0x08002164   0x08002164   0x0000015a   Code   RO          951    .text.HAL_I2C_Master_Receive_DMA  stm32f1xx_hal_i2c.o
    0x080022be   0x080022be   0x00000002   PAD
    0x080022c0   0x080022c0   0x0000015e   Code   RO          945    .text.HAL_I2C_Master_Transmit_DMA  stm32f1xx_hal_i2c.o
    0x0800241e   0x0800241e   0x00000002   PAD
    0x08002420   0x08002420   0x00000002   Code   RO         1029    .text.HAL_I2C_MemRxCpltCallback  stm32f1xx_hal_i2c.o
    0x08002422   0x08002422   0x00000002   PAD
    0x08002424   0x08002424   0x00000002   Code   RO         1027    .text.HAL_I2C_MemTxCpltCallback  stm32f1xx_hal_i2c.o
    0x08002426   0x08002426   0x00000002   PAD
    0x08002428   0x08002428   0x00000062   Code   RO          351    .text.HAL_I2C_MspDeInit  i2c.o
    0x0800248a   0x0800248a   0x00000002   PAD
    0x0800248c   0x0800248c   0x00000136   Code   RO          349    .text.HAL_I2C_MspInit  i2c.o
    0x080025c2   0x080025c2   0x00000002   PAD
    0x080025c4   0x080025c4   0x00000002   Code   RO         1021    .text.HAL_I2C_SlaveRxCpltCallback  stm32f1xx_hal_i2c.o
    0x080025c6   0x080025c6   0x00000002   PAD
    0x080025c8   0x080025c8   0x00000002   Code   RO         1019    .text.HAL_I2C_SlaveTxCpltCallback  stm32f1xx_hal_i2c.o
    0x080025ca   0x080025ca   0x00000002   PAD
    0x080025cc   0x080025cc   0x0000001a   Code   RO          593    .text.HAL_IncTick   stm32f1xx_hal.o
    0x080025e6   0x080025e6   0x00000002   PAD
    0x080025e8   0x080025e8   0x00000026   Code   RO          583    .text.HAL_Init      stm32f1xx_hal.o
    0x0800260e   0x0800260e   0x00000002   PAD
    0x08002610   0x08002610   0x000000f0   Code   RO          459    .text.HAL_InitTick  stm32f1xx_hal_timebase_tim.o
    0x08002700   0x08002700   0x00000072   Code   RO          451    .text.HAL_MspInit   stm32f1xx_hal_msp.o
    0x08002772   0x08002772   0x00000002   PAD
    0x08002774   0x08002774   0x00000028   Code   RO          758    .text.HAL_NVIC_DisableIRQ  stm32f1xx_hal_cortex.o
    0x0800279c   0x0800279c   0x00000020   Code   RO          756    .text.HAL_NVIC_EnableIRQ  stm32f1xx_hal_cortex.o
    0x080027bc   0x080027bc   0x00000056   Code   RO          754    .text.HAL_NVIC_SetPriority  stm32f1xx_hal_cortex.o
    0x08002812   0x08002812   0x00000002   PAD
    0x08002814   0x08002814   0x00000020   Code   RO          752    .text.HAL_NVIC_SetPriorityGrouping  stm32f1xx_hal_cortex.o
    0x08002834   0x08002834   0x0000000c   Code   RO          794    .text.HAL_PWR_EnableBkUpAccess  stm32f1xx_hal_pwr.o
    0x08002840   0x08002840   0x000000f4   Code   RO          686    .text.HAL_RCCEx_GetPeriphCLKFreq  stm32f1xx_hal_rcc_ex.o
    0x08002934   0x08002934   0x00000106   Code   RO          682    .text.HAL_RCCEx_PeriphCLKConfig  stm32f1xx_hal_rcc_ex.o
    0x08002a3a   0x08002a3a   0x00000002   PAD
    0x08002a3c   0x08002a3c   0x000001ba   Code   RO          648    .text.HAL_RCC_ClockConfig  stm32f1xx_hal_rcc.o
    0x08002bf6   0x08002bf6   0x00000002   PAD
    0x08002bf8   0x08002bf8   0x00000042   Code   RO          666    .text.HAL_RCC_GetClockConfig  stm32f1xx_hal_rcc.o
    0x08002c3a   0x08002c3a   0x00000002   PAD
    0x08002c3c   0x08002c3c   0x00000026   Code   RO          660    .text.HAL_RCC_GetPCLK1Freq  stm32f1xx_hal_rcc.o
    0x08002c62   0x08002c62   0x00000002   PAD
    0x08002c64   0x08002c64   0x00000026   Code   RO          662    .text.HAL_RCC_GetPCLK2Freq  stm32f1xx_hal_rcc.o
    0x08002c8a   0x08002c8a   0x00000002   PAD
    0x08002c8c   0x08002c8c   0x00000330   Code   RO          646    .text.HAL_RCC_OscConfig  stm32f1xx_hal_rcc.o
    0x08002fbc   0x08002fbc   0x00000002   Code   RO         1119    .text.HAL_RTCEx_RTCEventCallback  stm32f1xx_hal_rtc_ex.o
    0x08002fbe   0x08002fbe   0x00000002   PAD
    0x08002fc0   0x08002fc0   0x00000002   Code   RO         1117    .text.HAL_RTCEx_RTCEventErrorCallback  stm32f1xx_hal_rtc_ex.o
    0x08002fc2   0x08002fc2   0x00000002   PAD
    0x08002fc4   0x08002fc4   0x00000044   Code   RO         1115    .text.HAL_RTCEx_RTCIRQHandler  stm32f1xx_hal_rtc_ex.o
    0x08003008   0x08003008   0x000000aa   Code   RO         1081    .text.HAL_RTC_DeactivateAlarm  stm32f1xx_hal_rtc.o
    0x080030b2   0x080030b2   0x00000002   PAD
    0x080030b4   0x080030b4   0x000000bc   Code   RO         1073    .text.HAL_RTC_GetDate  stm32f1xx_hal_rtc.o
    0x08003170   0x08003170   0x0000018c   Code   RO         1067    .text.HAL_RTC_GetTime  stm32f1xx_hal_rtc.o
    0x080032fc   0x080032fc   0x000000fa   Code   RO         1051    .text.HAL_RTC_Init  stm32f1xx_hal_rtc.o
    0x080033f6   0x080033f6   0x00000002   PAD
    0x080033f8   0x080033f8   0x0000005e   Code   RO          365    .text.HAL_RTC_MspInit  rtc.o
    0x08003456   0x08003456   0x00000002   PAD
    0x08003458   0x08003458   0x00000104   Code   RO         1077    .text.HAL_RTC_SetAlarm_IT  stm32f1xx_hal_rtc.o
    0x0800355c   0x0800355c   0x0000016a   Code   RO         1071    .text.HAL_RTC_SetDate  stm32f1xx_hal_rtc.o
    0x080036c6   0x080036c6   0x00000002   PAD
    0x080036c8   0x080036c8   0x000000c6   Code   RO         1061    .text.HAL_RTC_SetTime  stm32f1xx_hal_rtc.o
    0x0800378e   0x0800378e   0x00000002   PAD
    0x08003790   0x08003790   0x00000002   Code   RO         1440    .text.HAL_TIMEx_BreakCallback  stm32f1xx_hal_tim_ex.o
    0x08003792   0x08003792   0x00000002   PAD
    0x08003794   0x08003794   0x00000002   Code   RO         1436    .text.HAL_TIMEx_CommutCallback  stm32f1xx_hal_tim_ex.o
    0x08003796   0x08003796   0x00000002   PAD
    0x08003798   0x08003798   0x00000076   Code   RO         1430    .text.HAL_TIMEx_MasterConfigSynchronization  stm32f1xx_hal_tim_ex.o
    0x0800380e   0x0800380e   0x00000002   PAD
    0x08003810   0x08003810   0x000000d8   Code   RO         1135    .text.HAL_TIM_Base_Init  stm32f1xx_hal_tim.o
    0x080038e8   0x080038e8   0x00000002   Code   RO         1137    .text.HAL_TIM_Base_MspInit  stm32f1xx_hal_tim.o
    0x080038ea   0x080038ea   0x00000002   PAD
    0x080038ec   0x080038ec   0x00000066   Code   RO         1149    .text.HAL_TIM_Base_Start_IT  stm32f1xx_hal_tim.o
    0x08003952   0x08003952   0x00000002   PAD
    0x08003954   0x08003954   0x00000002   Code   RO         1271    .text.HAL_TIM_IC_CaptureCallback  stm32f1xx_hal_tim.o
    0x08003956   0x08003956   0x00000002   PAD
    0x08003958   0x08003958   0x0000016e   Code   RO         1285    .text.HAL_TIM_IC_ConfigChannel  stm32f1xx_hal_tim.o
    0x08003ac6   0x08003ac6   0x00000002   PAD
    0x08003ac8   0x08003ac8   0x000000d8   Code   RO         1209    .text.HAL_TIM_IC_Init  stm32f1xx_hal_tim.o
    0x08003ba0   0x08003ba0   0x000000a2   Code   RO          379    .text.HAL_TIM_IC_MspInit  tim.o
    0x08003c42   0x08003c42   0x00000002   PAD
    0x08003c44   0x08003c44   0x0000016a   Code   RO         1269    .text.HAL_TIM_IRQHandler  stm32f1xx_hal_tim.o
    0x08003dae   0x08003dae   0x00000002   PAD
    0x08003db0   0x08003db0   0x00000002   Code   RO         1273    .text.HAL_TIM_OC_DelayElapsedCallback  stm32f1xx_hal_tim.o
    0x08003db2   0x08003db2   0x00000002   PAD
    0x08003db4   0x08003db4   0x00000002   Code   RO         1275    .text.HAL_TIM_PWM_PulseFinishedCallback  stm32f1xx_hal_tim.o
    0x08003db6   0x08003db6   0x00000002   PAD
    0x08003db8   0x08003db8   0x00000022   Code   RO          209    .text.HAL_TIM_PeriodElapsedCallback  main.o
    0x08003dda   0x08003dda   0x00000002   PAD
    0x08003ddc   0x08003ddc   0x00000002   Code   RO         1279    .text.HAL_TIM_TriggerCallback  stm32f1xx_hal_tim.o
    0x08003dde   0x08003dde   0x00000002   PAD
    0x08003de0   0x08003de0   0x00000002   Code   RO         1538    .text.HAL_UARTEx_RxEventCallback  stm32f1xx_hal_uart.o
    0x08003de2   0x08003de2   0x00000002   PAD
    0x08003de4   0x08003de4   0x00000002   Code   RO         1536    .text.HAL_UART_ErrorCallback  stm32f1xx_hal_uart.o
    0x08003de6   0x08003de6   0x00000002   PAD
    0x08003de8   0x08003de8   0x0000030a   Code   RO         1530    .text.HAL_UART_IRQHandler  stm32f1xx_hal_uart.o
    0x080040f2   0x080040f2   0x00000002   PAD
    0x080040f4   0x080040f4   0x000000e0   Code   RO         1454    .text.HAL_UART_Init  stm32f1xx_hal_uart.o
    0x080041d4   0x080041d4   0x000001aa   Code   RO          395    .text.HAL_UART_MspInit  usart.o
    0x0800437e   0x0800437e   0x00000002   PAD
    0x08004380   0x08004380   0x00000014   Code   RO          193    .text.HAL_UART_RxCpltCallback  main.o
    0x08004394   0x08004394   0x00000164   Code   RO         1468    .text.HAL_UART_Transmit  stm32f1xx_hal_uart.o
    0x080044f8   0x080044f8   0x0000007c   Code   RO         1478    .text.HAL_UART_Transmit_DMA  stm32f1xx_hal_uart.o
    0x08004574   0x08004574   0x00000014   Code   RO          191    .text.HAL_UART_TxCpltCallback  main.o
    0x08004588   0x08004588   0x00000002   Code   RO         1542    .text.HAL_UART_TxHalfCpltCallback  stm32f1xx_hal_uart.o
    0x0800458a   0x0800458a   0x00000002   PAD
    0x0800458c   0x0800458c   0x00000004   Code   RO          412    .text.HardFault_Handler  stm32f1xx_it.o
    0x08004590   0x08004590   0x00000010   Code   RO          440    .text.I2C1_ER_IRQHandler  stm32f1xx_it.o
    0x080045a0   0x080045a0   0x00000010   Code   RO          438    .text.I2C1_EV_IRQHandler  stm32f1xx_it.o
    0x080045b0   0x080045b0   0x000000e4   Code   RO          987    .text.I2C_DMAAbort  stm32f1xx_hal_i2c.o
    0x08004694   0x08004694   0x0000003a   Code   RO          949    .text.I2C_DMAError  stm32f1xx_hal_i2c.o
    0x080046ce   0x080046ce   0x00000002   PAD
    0x080046d0   0x080046d0   0x00000120   Code   RO          947    .text.I2C_DMAXferCplt  stm32f1xx_hal_i2c.o
    0x080047f0   0x080047f0   0x0000015a   Code   RO          999    .text.I2C_ITError   stm32f1xx_hal_i2c.o
    0x0800494a   0x0800494a   0x00000002   PAD
    0x0800494c   0x0800494c   0x000000e2   Code   RO         1011    .text.I2C_MasterReceive_BTF  stm32f1xx_hal_i2c.o
    0x08004a2e   0x08004a2e   0x00000002   PAD
    0x08004a30   0x08004a30   0x0000010a   Code   RO         1009    .text.I2C_MasterReceive_RXNE  stm32f1xx_hal_i2c.o
    0x08004b3a   0x08004b3a   0x00000002   PAD
    0x08004b3c   0x08004b3c   0x00000080   Code   RO         1005    .text.I2C_MasterTransmit_BTF  stm32f1xx_hal_i2c.o
    0x08004bbc   0x08004bbc   0x000000b0   Code   RO         1003    .text.I2C_MasterTransmit_TXE  stm32f1xx_hal_i2c.o
    0x08004c6c   0x08004c6c   0x000000ac   Code   RO         1007    .text.I2C_MemoryTransmit_TXE_BTF  stm32f1xx_hal_i2c.o
    0x08004d18   0x08004d18   0x0000018e   Code   RO          324    .text.MX_ADC1_Init  adc.o
    0x08004ea6   0x08004ea6   0x00000002   PAD
    0x08004ea8   0x08004ea8   0x00000084   Code   RO          339    .text.MX_DMA_Init   dma.o
    0x08004f2c   0x08004f2c   0x000000ee   Code   RO          279    .text.MX_FREERTOS_Init  freertos.o
    0x0800501a   0x0800501a   0x00000002   PAD
    0x0800501c   0x0800501c   0x00000180   Code   RO          265    .text.MX_GPIO_Init  gpio.o
    0x0800519c   0x0800519c   0x00000044   Code   RO          347    .text.MX_I2C1_Init  i2c.o
    0x080051e0   0x080051e0   0x00000096   Code   RO          363    .text.MX_RTC_Init   rtc.o
    0x08005276   0x08005276   0x00000002   PAD
    0x08005278   0x08005278   0x00000084   Code   RO          377    .text.MX_TIM2_Init  tim.o
    0x080052fc   0x080052fc   0x00000040   Code   RO          391    .text.MX_USART1_UART_Init  usart.o
    0x0800533c   0x0800533c   0x00000040   Code   RO          393    .text.MX_USART3_UART_Init  usart.o
    0x0800537c   0x0800537c   0x00000004   Code   RO          414    .text.MemManage_Handler  stm32f1xx_it.o
    0x08005380   0x08005380   0x00000004   Code   RO          410    .text.NMI_Handler   stm32f1xx_it.o
    0x08005384   0x08005384   0x0000000c   PAD
    0x08005390   0x08005390   0x00000044   Code   RO         2140    .text.PendSV_Handler  port.o
    0x080053d4   0x080053d4   0x00000134   Code   RO         1069    .text.RTC_DateUpdate  stm32f1xx_hal_rtc.o
    0x08005508   0x08005508   0x0000002e   Code   RO          422    .text.RTC_IRQHandler  stm32f1xx_it.o
    0x08005536   0x08005536   0x00000002   PAD
    0x08005538   0x08005538   0x0000006a   Code   RO          189    .text.RTC_ReadTimeCounter  main.o
    0x080055a2   0x080055a2   0x00000002   PAD
    0x080055a4   0x080055a4   0x00000074   Code   RO         1065    .text.RTC_WriteAlarmCounter  stm32f1xx_hal_rtc.o
    0x08005618   0x08005618   0x00000074   Code   RO         1063    .text.RTC_WriteTimeCounter  stm32f1xx_hal_rtc.o
    0x0800568c   0x0800568c   0x00000004   PAD
    0x08005690   0x08005690   0x00000024   Code   RO         2126    .text.SVC_Handler   port.o
    0x080056b4   0x080056b4   0x00000104   Code   RO          283    .text.StartDefaultTask  freertos.o
    0x080057b8   0x080057b8   0x00000066   Code   RO          285    .text.StartTask02   freertos.o
    0x0800581e   0x0800581e   0x00000002   PAD
    0x08005820   0x08005820   0x0000002e   Code   RO         2142    .text.SysTick_Handler  port.o
    0x0800584e   0x0800584e   0x00000002   PAD
    0x08005850   0x08005850   0x0000009a   Code   RO          207    .text.SystemClock_Config  main.o
    0x080058ea   0x080058ea   0x00000002   PAD
    0x080058ec   0x080058ec   0x00000002   Code   RO         1574    .text.SystemInit    system_stm32f1xx.o
    0x080058ee   0x080058ee   0x00000002   PAD
    0x080058f0   0x080058f0   0x00000010   Code   RO          436    .text.TIM3_IRQHandler  stm32f1xx_it.o
    0x08005900   0x08005900   0x00000018   Code   RO         2019    .text.TimerCallback  cmsis_os2.o
    0x08005918   0x08005918   0x0000000c   Code   RO         1534    .text.UART_DMAAbortOnError  stm32f1xx_hal_uart.o
    0x08005924   0x08005924   0x000000a2   Code   RO         1484    .text.UART_DMAError  stm32f1xx_hal_uart.o
    0x080059c6   0x080059c6   0x00000002   PAD
    0x080059c8   0x080059c8   0x0000003e   Code   RO         1480    .text.UART_DMATransmitCplt  stm32f1xx_hal_uart.o
    0x08005a06   0x08005a06   0x00000002   PAD
    0x08005a08   0x08005a08   0x00000006   Code   RO         1482    .text.UART_DMATxHalfCplt  stm32f1xx_hal_uart.o
    0x08005a0e   0x08005a0e   0x00000002   PAD
    0x08005a10   0x08005a10   0x000000c2   Code   RO         1532    .text.UART_Receive_IT  stm32f1xx_hal_uart.o
    0x08005ad2   0x08005ad2   0x00000002   PAD
    0x08005ad4   0x08005ad4   0x00000010   Code   RO          442    .text.USART3_IRQHandler  stm32f1xx_it.o
    0x08005ae4   0x08005ae4   0x00000004   Code   RO          418    .text.UsageFault_Handler  stm32f1xx_it.o
    0x08005ae8   0x08005ae8   0x0000018e   Code   RO          199    .text.handleScheduler  main.o
    0x08005c76   0x08005c76   0x00000002   PAD
    0x08005c78   0x08005c78   0x00000032   Code   RO           20    .text.init_slip_buffer  slip.o
    0x08005caa   0x08005caa   0x00000002   PAD
    0x08005cac   0x08005cac   0x00000284   Code   RO          205    .text.main          main.o
    0x08005f30   0x08005f30   0x00000034   Code   RO         2013    .text.osDelay       cmsis_os2.o
    0x08005f64   0x08005f64   0x0000005a   Code   RO         2031    .text.osEventFlagsNew  cmsis_os2.o
    0x08005fbe   0x08005fbe   0x00000002   PAD
    0x08005fc0   0x08005fc0   0x0000003a   Code   RO         1953    .text.osKernelInitialize  cmsis_os2.o
    0x08005ffa   0x08005ffa   0x00000002   PAD
    0x08005ffc   0x08005ffc   0x00000042   Code   RO         1959    .text.osKernelStart  cmsis_os2.o
    0x0800603e   0x0800603e   0x00000002   PAD
    0x08006040   0x08006040   0x000000cc   Code   RO         2063    .text.osMessageQueueNew  cmsis_os2.o
    0x0800610c   0x0800610c   0x000000ea   Code   RO         1975    .text.osThreadNew   cmsis_os2.o
    0x080061f6   0x080061f6   0x00000002   PAD
    0x080061f8   0x080061f8   0x000000b2   Code   RO         2017    .text.osTimerNew    cmsis_os2.o
    0x080062aa   0x080062aa   0x00000002   PAD
    0x080062ac   0x080062ac   0x00000056   Code   RO         2023    .text.osTimerStart  cmsis_os2.o
    0x08006302   0x08006302   0x00000002   PAD
    0x08006304   0x08006304   0x00000084   Code   RO         1779    .text.prvAddCurrentTaskToDelayedList  tasks.o
    0x08006388   0x08006388   0x0000011c   Code   RO         1769    .text.prvAddNewTaskToReadyList  tasks.o
    0x080064a4   0x080064a4   0x0000007c   Code   RO         1902    .text.prvCheckForValidListAndQueue  timers.o
    0x08006520   0x08006520   0x00000096   Code   RO         1803    .text.prvIdleTask   tasks.o
    0x080065b6   0x080065b6   0x00000002   PAD
    0x080065b8   0x080065b8   0x00000020   Code   RO         2132    .text.prvPortStartFirstTask  port.o
    0x080065d8   0x080065d8   0x000000e6   Code   RO         1934    .text.prvSampleTimeNow  timers.o
    0x080066be   0x080066be   0x00000002   PAD
    0x080066c0   0x080066c0   0x0000025a   Code   RO          287    .text.prvTask1      freertos.o
    0x0800691a   0x0800691a   0x00000002   PAD
    0x0800691c   0x0800691c   0x00000032   Code   RO         2124    .text.prvTaskExitError  port.o
    0x0800694e   0x0800694e   0x00000002   PAD
    0x08006950   0x08006950   0x00000296   Code   RO         1904    .text.prvTimerTask  timers.o
    0x08006be6   0x08006be6   0x00000002   PAD
    0x08006be8   0x08006be8   0x00000074   Code   RO         1670    .text.prvUnlockQueue  queue.o
    0x08006c5c   0x08006c5c   0x000001b8   Code   RO         2098    .text.pvPortMalloc  heap_4.o
    0x08006e14   0x08006e14   0x00000026   Code   RO         1922    .text.pvTimerGetTimerID  timers.o
    0x08006e3a   0x08006e3a   0x00000002   PAD
    0x08006e3c   0x08006e3c   0x00000020   Code   RO         2122    .text.pxPortInitialiseStack  port.o
    0x08006e5c   0x08006e5c   0x0000006a   Code   RO         1859    .text.ulTaskNotifyTake  tasks.o
    0x08006ec6   0x08006ec6   0x00000002   PAD
    0x08006ec8   0x08006ec8   0x00000024   Code   RO         1634    .text.uxListRemove  list.o
    0x08006eec   0x08006eec   0x0000001a   Code   RO         2081    .text.vApplicationGetIdleTaskMemory  cmsis_os2.o
    0x08006f06   0x08006f06   0x00000002   PAD
    0x08006f08   0x08006f08   0x0000001c   Code   RO         2083    .text.vApplicationGetTimerTaskMemory  cmsis_os2.o
    0x08006f24   0x08006f24   0x00000016   Code   RO         1626    .text.vListInitialise  list.o
    0x08006f3a   0x08006f3a   0x00000002   PAD
    0x08006f3c   0x08006f3c   0x00000006   Code   RO         1628    .text.vListInitialiseItem  list.o
    0x08006f42   0x08006f42   0x00000002   PAD
    0x08006f44   0x08006f44   0x0000003a   Code   RO         1632    .text.vListInsert   list.o
    0x08006f7e   0x08006f7e   0x00000002   PAD
    0x08006f80   0x08006f80   0x0000001c   Code   RO         1630    .text.vListInsertEnd  list.o
    0x08006f9c   0x08006f9c   0x00000046   Code   RO         2136    .text.vPortEnterCritical  port.o
    0x08006fe2   0x08006fe2   0x00000002   PAD
    0x08006fe4   0x08006fe4   0x0000002e   Code   RO         2138    .text.vPortExitCritical  port.o
    0x08007012   0x08007012   0x00000002   PAD
    0x08007014   0x08007014   0x000000c4   Code   RO         2100    .text.vPortFree     heap_4.o
    0x080070d8   0x080070d8   0x00000034   Code   RO         2130    .text.vPortSetupTimerInterrupt  port.o
    0x0800710c   0x0800710c   0x00000062   Code   RO         2144    .text.vPortValidateInterruptPriority  port.o
    0x0800716e   0x0800716e   0x00000002   PAD
    0x08007170   0x08007170   0x00000028   Code   RO         1704    .text.vQueueAddToRegistry  queue.o
    0x08007198   0x08007198   0x00000046   Code   RO         1708    .text.vQueueWaitForMessageRestricted  queue.o
    0x080071de   0x080071de   0x00000002   PAD
    0x080071e0   0x080071e0   0x000000a6   Code   RO         1783    .text.vTaskDelay    tasks.o
    0x08007286   0x08007286   0x00000002   PAD
    0x08007288   0x08007288   0x0000001a   Code   RO         1831    .text.vTaskInternalSetTimeOutState  tasks.o
    0x080072a2   0x080072a2   0x00000002   PAD
    0x080072a4   0x080072a4   0x0000000e   Code   RO         1835    .text.vTaskMissedYield  tasks.o
    0x080072b2   0x080072b2   0x00000002   PAD
    0x080072b4   0x080072b4   0x000000da   Code   RO         1867    .text.vTaskNotifyGiveFromISR  tasks.o
    0x0800738e   0x0800738e   0x00000002   PAD
    0x08007390   0x08007390   0x00000036   Code   RO         1819    .text.vTaskPlaceOnEventList  tasks.o
    0x080073c6   0x080073c6   0x00000002   PAD
    0x080073c8   0x080073c8   0x0000003e   Code   RO         1823    .text.vTaskPlaceOnEventListRestricted  tasks.o
    0x08007406   0x08007406   0x00000002   PAD
    0x08007408   0x08007408   0x000000a4   Code   RO         1801    .text.vTaskStartScheduler  tasks.o
    0x080074ac   0x080074ac   0x00000010   Code   RO         1777    .text.vTaskSuspendAll  tasks.o
    0x080074bc   0x080074bc   0x0000009a   Code   RO         1795    .text.vTaskSwitchContext  tasks.o
    0x08007556   0x08007556   0x00000002   PAD
    0x08007558   0x08007558   0x0000001c   Code   RO         1592    .text.xEventGroupCreate  event_groups.o
    0x08007574   0x08007574   0x0000004e   Code   RO         1590    .text.xEventGroupCreateStatic  event_groups.o
    0x080075c2   0x080075c2   0x00000002   PAD
    0x080075c4   0x080075c4   0x000000da   Code   RO         2128    .text.xPortStartScheduler  port.o
    0x0800769e   0x0800769e   0x00000002   PAD
    0x080076a0   0x080076a0   0x0000008e   Code   RO         1648    .text.xQueueGenericCreate  queue.o
    0x0800772e   0x0800772e   0x00000002   PAD
    0x08007730   0x08007730   0x000000da   Code   RO         1646    .text.xQueueGenericCreateStatic  queue.o
    0x0800780a   0x0800780a   0x00000002   PAD
    0x0800780c   0x0800780c   0x00000212   Code   RO         1660    .text.xQueueGenericSend  queue.o
    0x08007a1e   0x08007a1e   0x00000002   PAD
    0x08007a20   0x08007a20   0x0000014a   Code   RO         1672    .text.xQueueGenericSendFromISR  queue.o
    0x08007b6a   0x08007b6a   0x00000002   PAD
    0x08007b6c   0x08007b6c   0x000001a8   Code   RO         1676    .text.xQueueReceive  queue.o
    0x08007d14   0x08007d14   0x0000008e   Code   RO         1833    .text.xTaskCheckForTimeOut  tasks.o
    0x08007da2   0x08007da2   0x00000002   PAD
    0x08007da4   0x08007da4   0x000000d8   Code   RO         1771    .text.xTaskCreate   tasks.o
    0x08007e7c   0x08007e7c   0x000000de   Code   RO         1767    .text.xTaskCreateStatic  tasks.o
    0x08007f5a   0x08007f5a   0x00000002   PAD
    0x08007f5c   0x08007f5c   0x00000026   Code   RO         1847    .text.xTaskGetSchedulerState  tasks.o
    0x08007f82   0x08007f82   0x00000002   PAD
    0x08007f84   0x08007f84   0x0000000c   Code   RO         1809    .text.xTaskGetTickCount  tasks.o
    0x08007f90   0x08007f90   0x0000016e   Code   RO         1807    .text.xTaskIncrementTick  tasks.o
    0x080080fe   0x080080fe   0x00000002   PAD
    0x08008100   0x08008100   0x00000092   Code   RO         1851    .text.xTaskPriorityDisinherit  tasks.o
    0x08008192   0x08008192   0x00000002   PAD
    0x08008194   0x08008194   0x0000008e   Code   RO         1825    .text.xTaskRemoveFromEventList  tasks.o
    0x08008222   0x08008222   0x00000002   PAD
    0x08008224   0x08008224   0x00000138   Code   RO         1781    .text.xTaskResumeAll  tasks.o
    0x0800835c   0x0800835c   0x00000052   Code   RO         1906    .text.xTimerCreate  timers.o
    0x080083ae   0x080083ae   0x00000002   PAD
    0x080083b0   0x080083b0   0x0000007e   Code   RO         1908    .text.xTimerCreateStatic  timers.o
    0x0800842e   0x0800842e   0x00000002   PAD
    0x08008430   0x08008430   0x00000074   Code   RO         1900    .text.xTimerCreateTimerTask  timers.o
    0x080084a4   0x080084a4   0x00000068   Code   RO         1910    .text.xTimerGenericCommand  timers.o
    0x0800850c   0x0800850c   0x00000010   Data   RO         1579    .rodata.AHBPrescTable  system_stm32f1xx.o
    0x0800851c   0x0800851c   0x00000008   Data   RO         1580    .rodata.APBPrescTable  system_stm32f1xx.o
    0x08008524   0x08008524   0x00000002   Data   RO          673    .rodata.HAL_RCC_GetSysClockFreq.aPredivFactorTable  stm32f1xx_hal_rcc.o
    0x08008526   0x08008526   0x00000010   Data   RO          672    .rodata.cst16       stm32f1xx_hal_rcc.o
    0x08008536   0x08008536   0x00000002   PAD
    0x08008538   0x08008538   0x00000024   Data   RO          293    .rodata.defaultTask_attributes  freertos.o
    0x0800855c   0x0800855c   0x00000010   Data   RO          297    .rodata.myEvent01_attributes  freertos.o
    0x0800856c   0x0800856c   0x00000018   Data   RO          295    .rodata.myQueue01_attributes  freertos.o
    0x08008584   0x08008584   0x00000024   Data   RO          294    .rodata.myTask02_attributes  freertos.o
    0x080085a8   0x080085a8   0x00000010   Data   RO          296    .rodata.myTimer01_attributes  freertos.o
    0x080085b8   0x080085b8   0x00000013   Data   RO          254    .rodata.str1.1      main.o
    0x080085cb   0x080085cb   0x00000039   Data   RO          292    .rodata.str1.1      freertos.o
    0x08008604   0x08008604   0x00000020   Data   RO         2732    Region$$Table       anon$$obj.o


    Execution Region RW_IRAM1 (Exec base: 0x20000000, Load base: 0x08008628, Size: 0x00002560, Max: 0x00005000, ABSOLUTE)

    Exec Addr    Load Addr    Size         Type   Attr      Idx    E Section Name        Object

    0x20000000   0x08008628   0x00000004   Data   RW         1578    .data.SystemCoreClock  system_stm32f1xx.o
    0x20000004   0x0800862c   0x00000004   Data   RW          211    .data.defaultTempSet0  main.o
    0x20000008   0x08008630   0x00000004   Data   RW          212    .data.defaultTempSet1  main.o
    0x2000000c   0x08008634   0x00000001   Data   RW          221    .data.sch_size      main.o
    0x2000000d   0x08008635   0x00000001   Data   RW          634    .data.uwTickFreq    stm32f1xx_hal.o
    0x2000000e   0x08008636   0x00000002   PAD
    0x20000010   0x08008638   0x00000004   Data   RW          633    .data.uwTickPrio    stm32f1xx_hal.o
    0x20000014   0x0800863c   0x00000004   Data   RW         2148    .data.uxCriticalNesting  port.o
    0x20000018        -       0x00000060   Zero   RW         2482    .bss                c_w.l(libspace.o)
    0x20000078        -       0x00000050   Zero   RW          249    .bss.ADC_Raw        main.o
    0x200000c8        -       0x00000200   Zero   RW         2087    .bss.Idle_Stack     cmsis_os2.o
    0x200002c8        -       0x0000005c   Zero   RW         2086    .bss.Idle_TCB       cmsis_os2.o
    0x20000324        -       0x00000004   Zero   RW         2085    .bss.KernelState    cmsis_os2.o
    0x20000328        -       0x00000400   Zero   RW         2089    .bss.Timer_Stack    cmsis_os2.o
    0x20000728        -       0x0000005c   Zero   RW         2088    .bss.Timer_TCB      cmsis_os2.o
    0x20000784        -       0x00000004   Zero   RW          244    .bss.aRxBuffer      main.o
    0x20000788        -       0x00000004   Zero   RW          245    .bss.aRxBufferCp    main.o
    0x2000078c        -       0x00000004   Zero   RW          301    .bss.defaultTaskHandle  freertos.o
    0x20000790        -       0x00000001   Zero   RW          218    .bss.dummyAlert     main.o
    0x20000791   0x08008640   0x00000003   PAD
    0x20000794        -       0x00000030   Zero   RW          330    .bss.hadc1          adc.o
    0x200007c4        -       0x00000004   Zero   RW          305    .bss.hal_busy_cnt   freertos.o
    0x200007c8        -       0x00000044   Zero   RW          331    .bss.hdma_adc1      adc.o
    0x2000080c        -       0x00000044   Zero   RW          355    .bss.hdma_i2c1_rx   i2c.o
    0x20000850        -       0x00000044   Zero   RW          354    .bss.hdma_i2c1_tx   i2c.o
    0x20000894        -       0x00000044   Zero   RW          402    .bss.hdma_usart3_rx  usart.o
    0x200008d8        -       0x00000044   Zero   RW          401    .bss.hdma_usart3_tx  usart.o
    0x2000091c        -       0x00000054   Zero   RW          353    .bss.hi2c1          i2c.o
    0x20000970        -       0x00000014   Zero   RW          369    .bss.hrtc           rtc.o
    0x20000984        -       0x00000048   Zero   RW          383    .bss.htim2          tim.o
    0x200009cc        -       0x00000048   Zero   RW          465    .bss.htim3          stm32f1xx_hal_timebase_tim.o
    0x20000a14        -       0x00000048   Zero   RW          399    .bss.huart1         usart.o
    0x20000a5c        -       0x00000048   Zero   RW          400    .bss.huart3         usart.o
    0x20000aa4        -       0x00000001   Zero   RW          243    .bss.i2c_rx_end     main.o
    0x20000aa5   0x08008640   0x00000003   PAD
    0x20000aa8        -       0x00000004   Zero   RW          241    .bss.i2ccnt         main.o
    0x20000aac        -       0x00000004   Zero   RW          242    .bss.i2ccntRX       main.o
    0x20000ab0        -       0x00000004   Zero   RW          304    .bss.myEvent01Handle  freertos.o
    0x20000ab4        -       0x00000004   Zero   RW          300    .bss.myQueue01Handle  freertos.o
    0x20000ab8        -       0x00000004   Zero   RW          302    .bss.myTask02Handle  freertos.o
    0x20000abc        -       0x00000004   Zero   RW          299    .bss.myTimer01Handle  freertos.o
    0x20000ac0        -       0x000000a0   Zero   RW         1944    .bss.prvCheckForValidListAndQueue.ucStaticTimerQueueStorage  timers.o
    0x20000b60        -       0x00000050   Zero   RW         1943    .bss.prvCheckForValidListAndQueue.xStaticTimerQueue  timers.o
    0x20000bb0        -       0x00000004   Zero   RW         1940    .bss.prvSampleTimeNow.xLastTime  timers.o
    0x20000bb4        -       0x00000004   Zero   RW         1871    .bss.pxCurrentTCB   tasks.o
    0x20000bb8        -       0x00000004   Zero   RW         1938    .bss.pxCurrentTimerList  timers.o
    0x20000bbc        -       0x00000004   Zero   RW         1879    .bss.pxDelayedTaskList  tasks.o
    0x20000bc0        -       0x00000004   Zero   RW         2108    .bss.pxEnd          heap_4.o
    0x20000bc4        -       0x00000004   Zero   RW         1880    .bss.pxOverflowDelayedTaskList  tasks.o
    0x20000bc8        -       0x00000004   Zero   RW         1939    .bss.pxOverflowTimerList  timers.o
    0x20000bcc        -       0x00000460   Zero   RW         1882    .bss.pxReadyTasksLists  tasks.o
    0x2000102c        -       0x00000004   Zero   RW          219    .bss.quickDayChange  main.o
    0x20001030        -       0x00000004   Zero   RW          303    .bss.rtc_conter     freertos.o
    0x20001034        -       0x00000004   Zero   RW          289    .bss.rtc_conter_delta  freertos.o
    0x20001038        -       0x00000004   Zero   RW          311    .bss.rx_cnt_ack     freertos.o
    0x2000103c        -       0x00000004   Zero   RW          216    .bss.sDate          main.o
    0x20001040        -       0x00000003   Zero   RW          215    .bss.sTime          main.o
    0x20001043   0x08008640   0x00000001   PAD
    0x20001044        -       0x00000004   Zero   RW          220    .bss.sch_pos        main.o
    0x20001048        -       0x00000190   Zero   RW          251    .bss.scheduler      main.o
    0x200011d8        -       0x00000028   Zero   RW          250    .bss.state          main.o
    0x20001200        -       0x00000004   Zero   RW          298    .bss.task_callCnt   freertos.o
    0x20001204        -       0x00000004   Zero   RW          213    .bss.tempSet0       main.o
    0x20001208        -       0x00000004   Zero   RW          214    .bss.tempSet1       main.o
    0x2000120c        -       0x00000001   Zero   RW          246    .bss.tx_end         main.o
    0x2000120d        -       0x00000028   Zero   RW          222    .bss.uart_dma_buf_tx  main.o
    0x20001235        -       0x00000c00   Zero   RW         2113    .bss.ucHeap         heap_4.o
    0x20001e35        -       0x00000001   Zero   RW         2146    .bss.ucMaxSysCallPriority  port.o
    0x20001e36   0x08008640   0x00000002   PAD
    0x20001e38        -       0x00000004   Zero   RW         2147    .bss.ulMaxPRIGROUPValue  port.o
    0x20001e3c        -       0x00000004   Zero   RW          635    .bss.uwTick         stm32f1xx_hal.o
    0x20001e40        -       0x00000004   Zero   RW         1875    .bss.uxCurrentNumberOfTasks  tasks.o
    0x20001e44        -       0x00000004   Zero   RW         1874    .bss.uxDeletedTasksWaitingCleanUp  tasks.o
    0x20001e48        -       0x00000004   Zero   RW         1888    .bss.uxPendedTicks  tasks.o
    0x20001e4c        -       0x00000004   Zero   RW         1877    .bss.uxSchedulerSuspended  tasks.o
    0x20001e50        -       0x00000004   Zero   RW         1872    .bss.uxTaskNumber   tasks.o
    0x20001e54        -       0x00000004   Zero   RW         1883    .bss.uxTopReadyPriority  tasks.o
    0x20001e58        -       0x00000014   Zero   RW         1941    .bss.xActiveTimerList1  timers.o
    0x20001e6c        -       0x00000014   Zero   RW         1942    .bss.xActiveTimerList2  timers.o
    0x20001e80        -       0x00000001   Zero   RW         2109    .bss.xBlockAllocatedBit  heap_4.o
    0x20001e81   0x08008640   0x00000003   PAD
    0x20001e84        -       0x00000014   Zero   RW         1890    .bss.xDelayedTaskList1  tasks.o
    0x20001e98        -       0x00000014   Zero   RW         1891    .bss.xDelayedTaskList2  tasks.o
    0x20001eac        -       0x00000004   Zero   RW         2110    .bss.xFreeBytesRemaining  heap_4.o
    0x20001eb0        -       0x00000004   Zero   RW         1885    .bss.xIdleTaskHandle  tasks.o
    0x20001eb4        -       0x00000004   Zero   RW         2112    .bss.xMinimumEverFreeBytesRemaining  heap_4.o
    0x20001eb8        -       0x00000004   Zero   RW         1886    .bss.xNextTaskUnblockTime  tasks.o
    0x20001ebc        -       0x00000004   Zero   RW         1889    .bss.xNumOfOverflows  tasks.o
    0x20001ec0        -       0x00000014   Zero   RW         1884    .bss.xPendingReadyList  tasks.o
    0x20001ed4        -       0x00000040   Zero   RW         1710    .bss.xQueueRegistry  queue.o
    0x20001f14        -       0x00000004   Zero   RW         1876    .bss.xSchedulerRunning  tasks.o
    0x20001f18        -       0x00000008   Zero   RW         2111    .bss.xStart         heap_4.o
    0x20001f20        -       0x00000014   Zero   RW         1881    .bss.xSuspendedTaskList  tasks.o
    0x20001f34        -       0x00000004   Zero   RW          233    .bss.xTask1         main.o
    0x20001f38        -       0x00000014   Zero   RW         1873    .bss.xTasksWaitingTermination  tasks.o
    0x20001f4c        -       0x00000004   Zero   RW         1878    .bss.xTickCount     tasks.o
    0x20001f50        -       0x00000004   Zero   RW         1936    .bss.xTimerQueue    timers.o
    0x20001f54        -       0x00000004   Zero   RW         1937    .bss.xTimerTaskHandle  timers.o
    0x20001f58        -       0x00000004   Zero   RW         1887    .bss.xYieldPending  tasks.o
    0x20001f5c   0x08008640   0x00000004   PAD
    0x20001f60        -       0x00000200   Zero   RW            2    HEAP                startup_stm32f103xb.o
    0x20002160        -       0x00000400   Zero   RW            1    STACK               startup_stm32f103xb.o


==============================================================================

Image component sizes


      Code (inc. data)   RO Data    RW Data    ZI Data      Debug   Object Name

       658          0          0          0        116       4263   adc.o
      1046          0          0          0       1724      38483   cmsis_os2.o
       132          0          0          0          0       1990   dma.o
       106          0          0          0          0      10207   event_groups.o
      1228          0        185          0         40       6739   freertos.o
       384          0          0          0          0       2663   gpio.o
       636          0          0          0       3093       4047   heap_4.o
       476          0          0          0        220       5498   i2c.o
       150          0          0          0          0       2207   list.o
      1756          0         19          9        606      14210   main.o
       748         12          0          4          5       3840   port.o
      1870          0          0          0         64      24147   queue.o
       244          0          0          0         20       3590   rtc.o
        50          0          0          0          0       2350   slip.o
        64         26        236          0       1536        780   startup_stm32f103xb.o
        76          0          0          5          4       5729   stm32f1xx_hal.o
      1448          0          0          0          0      12742   stm32f1xx_hal_adc.o
       234          0          0          0          0       8682   stm32f1xx_hal_adc_ex.o
       190          0          0          0          0       8473   stm32f1xx_hal_cortex.o
       998          0          0          0          0       7540   stm32f1xx_hal_dma.o
       848         20          0          0          0       4609   stm32f1xx_hal_gpio.o
      5636         16          0          0          0      47179   stm32f1xx_hal_i2c.o
       114          0          0          0          0       2286   stm32f1xx_hal_msp.o
        12          0          0          0          0       4182   stm32f1xx_hal_pwr.o
      1400          0         18          0          0       7589   stm32f1xx_hal_rcc.o
       506         20          0          0          0       3561   stm32f1xx_hal_rcc_ex.o
      2364          0          0          0          0      16403   stm32f1xx_hal_rtc.o
        72          0          0          0          0       5477   stm32f1xx_hal_rtc_ex.o
      1272          4          0          0          0      54992   stm32f1xx_hal_tim.o
       122          0          0          0          0      21039   stm32f1xx_hal_tim_ex.o
       240          0          0          0         72       5668   stm32f1xx_hal_timebase_tim.o
      2156          0          0          0          0      28100   stm32f1xx_hal_uart.o
       230          0          0          0          0       2182   stm32f1xx_it.o
         2          0         24          4          0       1615   system_stm32f1xx.o
      3142          8          0          0       1280      35993   tasks.o
       294          0          0          0         72       5025   tim.o
      1482         16          0          0        300      16074   timers.o
       554          0          0          0        280       5635   usart.o

    ----------------------------------------------------------------------
     33212        122        516         24       9448     435789   Object Totals
         0          0         32          0          0          0   (incl. Generated)
       272          0          2          2         16          0   (incl. Padding)

    ----------------------------------------------------------------------

      Code (inc. data)   RO Data    RW Data    ZI Data      Debug   Library Member Name

         8          0          0          0          0         68   __main.o
         0          0          0          0          0          0   __rtentry.o
        12          0          0          0          0          0   __rtentry2.o
         6          0          0          0          0          0   __rtentry4.o
        52          8          0          0          0          0   __scatter.o
        26          0          0          0          0          0   __scatter_copy.o
        28          0          0          0          0          0   __scatter_zi.o
        16          0          0          0          0         68   aeabi_memset4.o
        18          0          0          0          0         80   exit.o
         6          0          0          0          0        152   heapauxi.o
         0          0          0          0          0          0   indicate_semi.o
         2          0          0          0          0          0   libinit.o
         2          0          0          0          0          0   libinit2.o
         2          0          0          0          0          0   libshutdown.o
         2          0          0          0          0          0   libshutdown2.o
         8          4          0          0         96         68   libspace.o
        78          0          0          0          0         80   rt_memclr_w.o
       138          0          0          0          0         68   rt_memcpy_v6.o
       100          0          0          0          0         80   rt_memcpy_w.o
         2          0          0          0          0          0   rtexit.o
        10          0          0          0          0          0   rtexit2.o
        12          4          0          0          0         68   sys_exit.o
        74          0          0          0          0         80   sys_stackheap_outer.o
         2          0          0          0          0         68   use_no_semi.o

    ----------------------------------------------------------------------
       612         16          0          0         96        880   Library Totals
         8          0          0          0          0          0   (incl. Padding)

    ----------------------------------------------------------------------

      Code (inc. data)   RO Data    RW Data    ZI Data      Debug   Library Name

       604         16          0          0         96        880   c_w.l

    ----------------------------------------------------------------------
       612         16          0          0         96        880   Library Totals

    ----------------------------------------------------------------------

==============================================================================


      Code (inc. data)   RO Data    RW Data    ZI Data      Debug   

     33824        138        516         24       9544     435633   Grand Totals
     33824        138        516         24       9544     435633   ELF Image Totals
     33824        138        516         24          0          0   ROM Totals

==============================================================================

    Total RO  Size (Code + RO Data)                34340 (  33.54kB)
    Total RW  Size (RW Data + ZI Data)              9568 (   9.34kB)
    Total ROM Size (Code + RO Data + RW Data)      34364 (  33.56kB)

==============================================================================

