Component: Arm Compiler for Embedded 6.19 Tool: armlink [5e73cb00]

==============================================================================

Section Cross References

    startup_stm32f103xb.o(STACK) refers (Special) to heapauxi.o(.text) for __use_two_region_memory
    startup_stm32f103xb.o(HEAP) refers (Special) to heapauxi.o(.text) for __use_two_region_memory
    startup_stm32f103xb.o(RESET) refers (Special) to heapauxi.o(.text) for __use_two_region_memory
    startup_stm32f103xb.o(RESET) refers to startup_stm32f103xb.o(STACK) for __initial_sp
    startup_stm32f103xb.o(RESET) refers to startup_stm32f103xb.o(.text) for Reset_Handler
    startup_stm32f103xb.o(RESET) refers to stm32f1xx_it.o(.text.NMI_Handler) for NMI_Handler
    startup_stm32f103xb.o(RESET) refers to stm32f1xx_it.o(.text.HardFault_Handler) for HardFault_Handler
    startup_stm32f103xb.o(RESET) refers to stm32f1xx_it.o(.text.MemManage_Handler) for MemManage_Handler
    startup_stm32f103xb.o(RESET) refers to stm32f1xx_it.o(.text.BusFault_Handler) for BusFault_Handler
    startup_stm32f103xb.o(RESET) refers to stm32f1xx_it.o(.text.UsageFault_Handler) for UsageFault_Handler
    startup_stm32f103xb.o(RESET) refers to port.o(.text.SVC_Handler) for SVC_Handler
    startup_stm32f103xb.o(RESET) refers to stm32f1xx_it.o(.text.DebugMon_Handler) for DebugMon_Handler
    startup_stm32f103xb.o(RESET) refers to port.o(.text.PendSV_Handler) for PendSV_Handler
    startup_stm32f103xb.o(RESET) refers to port.o(.text.SysTick_Handler) for SysTick_Handler
    startup_stm32f103xb.o(RESET) refers to stm32f1xx_it.o(.text.RTC_IRQHandler) for RTC_IRQHandler
    startup_stm32f103xb.o(RESET) refers to stm32f1xx_it.o(.text.EXTI3_IRQHandler) for EXTI3_IRQHandler
    startup_stm32f103xb.o(RESET) refers to stm32f1xx_it.o(.text.DMA1_Channel1_IRQHandler) for DMA1_Channel1_IRQHandler
    startup_stm32f103xb.o(RESET) refers to stm32f1xx_it.o(.text.DMA1_Channel2_IRQHandler) for DMA1_Channel2_IRQHandler
    startup_stm32f103xb.o(RESET) refers to stm32f1xx_it.o(.text.DMA1_Channel3_IRQHandler) for DMA1_Channel3_IRQHandler
    startup_stm32f103xb.o(RESET) refers to stm32f1xx_it.o(.text.DMA1_Channel6_IRQHandler) for DMA1_Channel6_IRQHandler
    startup_stm32f103xb.o(RESET) refers to stm32f1xx_it.o(.text.DMA1_Channel7_IRQHandler) for DMA1_Channel7_IRQHandler
    startup_stm32f103xb.o(RESET) refers to stm32f1xx_it.o(.text.USB_LP_CAN1_RX0_IRQHandler) for USB_LP_CAN1_RX0_IRQHandler
    startup_stm32f103xb.o(RESET) refers to stm32f1xx_it.o(.text.CAN1_SCE_IRQHandler) for CAN1_SCE_IRQHandler
    startup_stm32f103xb.o(RESET) refers to stm32f1xx_it.o(.text.EXTI9_5_IRQHandler) for EXTI9_5_IRQHandler
    startup_stm32f103xb.o(RESET) refers to stm32f1xx_it.o(.text.TIM3_IRQHandler) for TIM3_IRQHandler
    startup_stm32f103xb.o(RESET) refers to stm32f1xx_it.o(.text.I2C1_EV_IRQHandler) for I2C1_EV_IRQHandler
    startup_stm32f103xb.o(RESET) refers to stm32f1xx_it.o(.text.I2C1_ER_IRQHandler) for I2C1_ER_IRQHandler
    startup_stm32f103xb.o(RESET) refers to stm32f1xx_it.o(.text.USART3_IRQHandler) for USART3_IRQHandler
    startup_stm32f103xb.o(RESET) refers to stm32f1xx_it.o(.text.EXTI15_10_IRQHandler) for EXTI15_10_IRQHandler
    startup_stm32f103xb.o(.text) refers (Special) to heapauxi.o(.text) for __use_two_region_memory
    startup_stm32f103xb.o(.text) refers to system_stm32f1xx.o(.text.SystemInit) for SystemInit
    startup_stm32f103xb.o(.text) refers to __main.o(!!!main) for __main
    startup_stm32f103xb.o(.text) refers to startup_stm32f103xb.o(HEAP) for Heap_Mem
    startup_stm32f103xb.o(.text) refers to startup_stm32f103xb.o(STACK) for Stack_Mem
    ntc_table.o(.text.calc_temperature) refers to ntc_table.o(.rodata.termo_table) for termo_table
    ntc_table.o(.ARM.exidx.text.calc_temperature) refers to ntc_table.o(.text.calc_temperature) for [Anonymous Symbol]
    slip.o(.ARM.exidx.text.init_slip_buffer) refers to slip.o(.text.init_slip_buffer) for [Anonymous Symbol]
    slip.o(.ARM.exidx.text.slip_uart_putc) refers to slip.o(.text.slip_uart_putc) for [Anonymous Symbol]
    slip.o(.text.slip_send_packet) refers to slip.o(.text.slip_encode) for slip_encode
    slip.o(.ARM.exidx.text.slip_send_packet) refers to slip.o(.text.slip_send_packet) for [Anonymous Symbol]
    slip.o(.ARM.exidx.text.slip_encode) refers to slip.o(.text.slip_encode) for [Anonymous Symbol]
    slip.o(.text.slip_read_packet) refers to port.o(.text.vPortEnterCritical) for vPortEnterCritical
    slip.o(.text.slip_read_packet) refers to port.o(.text.vPortExitCritical) for vPortExitCritical
    slip.o(.ARM.exidx.text.slip_read_packet) refers to slip.o(.text.slip_read_packet) for [Anonymous Symbol]
    ds18b20.o(.text.DS18B20_ConvertT) refers to ds18b20.o(.data.convertT) for convertT
    ds18b20.o(.text.DS18B20_ConvertT) refers to ds18b20.o(.text.ExecuteCommand) for ExecuteCommand
    ds18b20.o(.text.DS18B20_ConvertT) refers to ds18b20.o(.text.WaitForConversionFinished) for WaitForConversionFinished
[...]
    HAL_GPIO_EXTI_Callback                   0x080018d9   Thumb Code    94  main.o(.text.HAL_GPIO_EXTI_Callback)
    HAL_GPIO_EXTI_IRQHandler                 0x08001939   Thumb Code    22  stm32f1xx_hal_gpio.o(.text.HAL_GPIO_EXTI_IRQHandler)
    HAL_GPIO_Init                            0x08001951   Thumb Code   512  stm32f1xx_hal_gpio.o(.text.HAL_GPIO_Init)
    HAL_GPIO_TogglePin                       0x08001b51   Thumb Code    16  stm32f1xx_hal_gpio.o(.text.HAL_GPIO_TogglePin)
    HAL_GPIO_WritePin                        0x08001b61   Thumb Code    10  stm32f1xx_hal_gpio.o(.text.HAL_GPIO_WritePin)
    HAL_GetTick                              0x08001b6d   Thumb Code    12  stm32f1xx_hal.o(.text.HAL_GetTick)
    HAL_HalfDuplex_Init                      0x08001b79   Thumb Code   232  stm32f1xx_hal_uart.o(.text.HAL_HalfDuplex_Init)
    HAL_I2C_AbortCpltCallback                0x08001c61   Thumb Code     2  stm32f1xx_hal_i2c.o(.text.HAL_I2C_AbortCpltCallback)
    HAL_I2C_AddrCallback                     0x08001c65   Thumb Code     2  stm32f1xx_hal_i2c.o(.text.HAL_I2C_AddrCallback)
    HAL_I2C_ER_IRQHandler                    0x08001c69   Thumb Code   324  stm32f1xx_hal_i2c.o(.text.HAL_I2C_ER_IRQHandler)
    HAL_I2C_EV_IRQHandler                    0x08001dad   Thumb Code  1546  stm32f1xx_hal_i2c.o(.text.HAL_I2C_EV_IRQHandler)
    HAL_I2C_ErrorCallback                    0x080023b9   Thumb Code    28  main.o(.text.HAL_I2C_ErrorCallback)
    HAL_I2C_GetError                         0x080023d5   Thumb Code     4  stm32f1xx_hal_i2c.o(.text.HAL_I2C_GetError)
    HAL_I2C_Init                             0x080023d9   Thumb Code   408  stm32f1xx_hal_i2c.o(.text.HAL_I2C_Init)
    HAL_I2C_ListenCpltCallback               0x08002571   Thumb Code     2  stm32f1xx_hal_i2c.o(.text.HAL_I2C_ListenCpltCallback)
    HAL_I2C_MasterRxCpltCallback             0x08002575   Thumb Code    34  main.o(.text.HAL_I2C_MasterRxCpltCallback)
    HAL_I2C_MasterTxCpltCallback             0x08002599   Thumb Code    34  main.o(.text.HAL_I2C_MasterTxCpltCallback)
    HAL_I2C_Master_Transmit                  0x080025bd   Thumb Code   994  stm32f1xx_hal_i2c.o(.text.HAL_I2C_Master_Transmit)
    HAL_I2C_MemRxCpltCallback                0x080029a1   Thumb Code     2  stm32f1xx_hal_i2c.o(.text.HAL_I2C_MemRxCpltCallback)
    HAL_I2C_MemTxCpltCallback                0x080029a5   Thumb Code     2  stm32f1xx_hal_i2c.o(.text.HAL_I2C_MemTxCpltCallback)
    HAL_I2C_MspInit                          0x080029a9   Thumb Code   310  i2c.o(.text.HAL_I2C_MspInit)
    HAL_I2C_SlaveRxCpltCallback              0x08002ae1   Thumb Code     2  stm32f1xx_hal_i2c.o(.text.HAL_I2C_SlaveRxCpltCallback)
    HAL_I2C_SlaveTxCpltCallback              0x08002ae5   Thumb Code     2  stm32f1xx_hal_i2c.o(.text.HAL_I2C_SlaveTxCpltCallback)
    HAL_IWDG_Refresh                         0x08002ae9   Thumb Code    12  stm32f1xx_hal_iwdg.o(.text.HAL_IWDG_Refresh)
    HAL_IncTick                              0x08002af5   Thumb Code    26  stm32f1xx_hal.o(.text.HAL_IncTick)
    HAL_Init                                 0x08002b11   Thumb Code    38  stm32f1xx_hal.o(.text.HAL_Init)
    HAL_InitTick                             0x08002b39   Thumb Code   240  stm32f1xx_hal_timebase_tim.o(.text.HAL_InitTick)
    HAL_MspInit                              0x08002c29   Thumb Code   114  stm32f1xx_hal_msp.o(.text.HAL_MspInit)
    HAL_NVIC_DisableIRQ                      0x08002c9d   Thumb Code    40  stm32f1xx_hal_cortex.o(.text.HAL_NVIC_DisableIRQ)
    HAL_NVIC_EnableIRQ                       0x08002cc5   Thumb Code    32  stm32f1xx_hal_cortex.o(.text.HAL_NVIC_EnableIRQ)
    HAL_NVIC_SetPriority                     0x08002ce5   Thumb Code    86  stm32f1xx_hal_cortex.o(.text.HAL_NVIC_SetPriority)
    HAL_NVIC_SetPriorityGrouping             0x08002d3d   Thumb Code    32  stm32f1xx_hal_cortex.o(.text.HAL_NVIC_SetPriorityGrouping)
    HAL_PWR_EnableBkUpAccess                 0x08002d5d   Thumb Code    12  stm32f1xx_hal_pwr.o(.text.HAL_PWR_EnableBkUpAccess)
    HAL_RCCEx_GetPeriphCLKFreq               0x08002d69   Thumb Code   224  stm32f1xx_hal_rcc_ex.o(.text.HAL_RCCEx_GetPeriphCLKFreq)
    HAL_RCCEx_PeriphCLKConfig                0x08002e5d   Thumb Code   262  stm32f1xx_hal_rcc_ex.o(.text.HAL_RCCEx_PeriphCLKConfig)
    HAL_RCC_ClockConfig                      0x08002f65   Thumb Code   442  stm32f1xx_hal_rcc.o(.text.HAL_RCC_ClockConfig)
    HAL_RCC_GetClockConfig                   0x08003121   Thumb Code    66  stm32f1xx_hal_rcc.o(.text.HAL_RCC_GetClockConfig)
    HAL_RCC_GetPCLK1Freq                     0x08003165   Thumb Code    38  stm32f1xx_hal_rcc.o(.text.HAL_RCC_GetPCLK1Freq)
    HAL_RCC_GetPCLK2Freq                     0x0800318d   Thumb Code    38  stm32f1xx_hal_rcc.o(.text.HAL_RCC_GetPCLK2Freq)
    HAL_RCC_OscConfig                        0x080031b5   Thumb Code   816  stm32f1xx_hal_rcc.o(.text.HAL_RCC_OscConfig)
    HAL_RTCEx_RTCEventCallback               0x080034e5   Thumb Code     2  stm32f1xx_hal_rtc_ex.o(.text.HAL_RTCEx_RTCEventCallback)
    HAL_RTCEx_RTCEventErrorCallback          0x080034e9   Thumb Code     2  stm32f1xx_hal_rtc_ex.o(.text.HAL_RTCEx_RTCEventErrorCallback)
    HAL_RTCEx_RTCIRQHandler                  0x080034ed   Thumb Code    68  stm32f1xx_hal_rtc_ex.o(.text.HAL_RTCEx_RTCIRQHandler)
    HAL_RTC_DeactivateAlarm                  0x08003531   Thumb Code   170  stm32f1xx_hal_rtc.o(.text.HAL_RTC_DeactivateAlarm)
    HAL_RTC_GetDate                          0x080035dd   Thumb Code   188  stm32f1xx_hal_rtc.o(.text.HAL_RTC_GetDate)
    HAL_RTC_GetTime                          0x08003699   Thumb Code   396  stm32f1xx_hal_rtc.o(.text.HAL_RTC_GetTime)
    HAL_RTC_Init                             0x08003825   Thumb Code   250  stm32f1xx_hal_rtc.o(.text.HAL_RTC_Init)
    HAL_RTC_MspInit                          0x08003921   Thumb Code    94  rtc.o(.text.HAL_RTC_MspInit)
    HAL_RTC_SetAlarm_IT                      0x08003981   Thumb Code   260  stm32f1xx_hal_rtc.o(.text.HAL_RTC_SetAlarm_IT)
    HAL_RTC_SetDate                          0x08003a85   Thumb Code   362  stm32f1xx_hal_rtc.o(.text.HAL_RTC_SetDate)
    HAL_RTC_SetTime                          0x08003bf1   Thumb Code   198  stm32f1xx_hal_rtc.o(.text.HAL_RTC_SetTime)
    HAL_TIMEx_BreakCallback                  0x08003cb9   Thumb Code     2  stm32f1xx_hal_tim_ex.o(.text.HAL_TIMEx_BreakCallback)
    HAL_TIMEx_CommutCallback                 0x08003cbd   Thumb Code     2  stm32f1xx_hal_tim_ex.o(.text.HAL_TIMEx_CommutCallback)
    HAL_TIMEx_ConfigBreakDeadTime            0x08003cc1   Thumb Code    76  stm32f1xx_hal_tim_ex.o(.text.HAL_TIMEx_ConfigBreakDeadTime)
    HAL_TIMEx_MasterConfigSynchronization    0x08003d0d   Thumb Code   118  stm32f1xx_hal_tim_ex.o(.text.HAL_TIMEx_MasterConfigSynchronization)
    HAL_TIM_Base_Init                        0x08003d85   Thumb Code   216  stm32f1xx_hal_tim.o(.text.HAL_TIM_Base_Init)
    HAL_TIM_Base_MspInit                     0x08003e5d   Thumb Code     2  stm32f1xx_hal_tim.o(.text.HAL_TIM_Base_MspInit)
    HAL_TIM_Base_Start_IT                    0x08003e61   Thumb Code   102  stm32f1xx_hal_tim.o(.text.HAL_TIM_Base_Start_IT)
    HAL_TIM_IC_CaptureCallback               0x08003ec9   Thumb Code     2  stm32f1xx_hal_tim.o(.text.HAL_TIM_IC_CaptureCallback)
    HAL_TIM_IRQHandler                       0x08003ecd   Thumb Code   362  stm32f1xx_hal_tim.o(.text.HAL_TIM_IRQHandler)
    HAL_TIM_OC_ConfigChannel                 0x08004039   Thumb Code   410  stm32f1xx_hal_tim.o(.text.HAL_TIM_OC_ConfigChannel)
    HAL_TIM_OC_DelayElapsedCallback          0x080041d5   Thumb Code     2  stm32f1xx_hal_tim.o(.text.HAL_TIM_OC_DelayElapsedCallback)
    HAL_TIM_OC_Init                          0x080041d9   Thumb Code   216  stm32f1xx_hal_tim.o(.text.HAL_TIM_OC_Init)
    HAL_TIM_OC_MspInit                       0x080042b1   Thumb Code    58  tim.o(.text.HAL_TIM_OC_MspInit)
    HAL_TIM_PWM_PulseFinishedCallback        0x080042ed   Thumb Code     2  stm32f1xx_hal_tim.o(.text.HAL_TIM_PWM_PulseFinishedCallback)
    HAL_TIM_PeriodElapsedCallback            0x080042f1   Thumb Code    34  main.o(.text.HAL_TIM_PeriodElapsedCallback)
    HAL_TIM_TriggerCallback                  0x08004315   Thumb Code     2  stm32f1xx_hal_tim.o(.text.HAL_TIM_TriggerCallback)
    HAL_UARTEx_ReceiveToIdle_DMA             0x08004319   Thumb Code   236  stm32f1xx_hal_uart.o(.text.HAL_UARTEx_ReceiveToIdle_DMA)
    HAL_UARTEx_RxEventCallback               0x08004405   Thumb Code   228  main.o(.text.HAL_UARTEx_RxEventCallback)
    HAL_UART_ErrorCallback                   0x080044e9   Thumb Code     2  stm32f1xx_hal_uart.o(.text.HAL_UART_ErrorCallback)
    HAL_UART_IRQHandler                      0x080044ed   Thumb Code   778  stm32f1xx_hal_uart.o(.text.HAL_UART_IRQHandler)
    HAL_UART_Init                            0x080047f9   Thumb Code   224  stm32f1xx_hal_uart.o(.text.HAL_UART_Init)
    HAL_UART_MspInit                         0x080048d9   Thumb Code   426  usart.o(.text.HAL_UART_MspInit)
    HAL_UART_RxCpltCallback                  0x08004a85   Thumb Code    20  main.o(.text.HAL_UART_RxCpltCallback)
    HAL_UART_RxHalfCpltCallback              0x08004a99   Thumb Code     2  stm32f1xx_hal_uart.o(.text.HAL_UART_RxHalfCpltCallback)
    HAL_UART_Transmit                        0x08004a9d   Thumb Code   356  stm32f1xx_hal_uart.o(.text.HAL_UART_Transmit)
    HAL_UART_Transmit_DMA                    0x08004c01   Thumb Code   124  stm32f1xx_hal_uart.o(.text.HAL_UART_Transmit_DMA)
    HAL_UART_TxCpltCallback                  0x08004c7d   Thumb Code    36  main.o(.text.HAL_UART_TxCpltCallback)
    HAL_UART_TxHalfCpltCallback              0x08004ca1   Thumb Code     2  stm32f1xx_hal_uart.o(.text.HAL_UART_TxHalfCpltCallback)
    HardFault_Handler                        0x08004ca5   Thumb Code     4  stm32f1xx_it.o(.text.HardFault_Handler)
    I2C1_ER_IRQHandler                       0x08004ca9   Thumb Code    16  stm32f1xx_it.o(.text.I2C1_ER_IRQHandler)
    I2C1_EV_IRQHandler                       0x08004cb9   Thumb Code    16  stm32f1xx_it.o(.text.I2C1_EV_IRQHandler)
    MX_ADC1_Init                             0x080052d5   Thumb Code   398  adc.o(.text.MX_ADC1_Init)
    MX_CAN_Init                              0x08005465   Thumb Code   128  can.o(.text.MX_CAN_Init)
    MX_CRC_Init                              0x080054e5   Thumb Code    36  crc.o(.text.MX_CRC_Init)
    MX_DMA_Init                              0x08005509   Thumb Code   132  dma.o(.text.MX_DMA_Init)
    MX_FREERTOS_Init                         0x0800558d   Thumb Code   286  freertos.o(.text.MX_FREERTOS_Init)
    MX_GPIO_Init                             0x080056ad   Thumb Code   306  gpio.o(.text.MX_GPIO_Init)
    MX_I2C1_Init                             0x080057e1   Thumb Code    72  i2c.o(.text.MX_I2C1_Init)
    MX_IWDG_Init                             0x08005829   Thumb Code     2  iwdg.o(.text.MX_IWDG_Init)
    MX_RTC_Init                              0x0800582d   Thumb Code   150  rtc.o(.text.MX_RTC_Init)
    MX_TIM1_Init                             0x080058c5   Thumb Code   212  tim.o(.text.MX_TIM1_Init)
    MX_USART1_UART_Init                      0x08005999   Thumb Code    64  usart.o(.text.MX_USART1_UART_Init)
    MX_USART3_UART_Init                      0x080059d9   Thumb Code    64  usart.o(.text.MX_USART3_UART_Init)
    MemManage_Handler                        0x08005a19   Thumb Code     4  stm32f1xx_it.o(.text.MemManage_Handler)
    NMI_Handler                              0x08005a1d   Thumb Code     4  stm32f1xx_it.o(.text.NMI_Handler)
    PendSV_Handler                           0x08005a21   Thumb Code    68  port.o(.text.PendSV_Handler)
    RTC_IRQHandler                           0x08005b99   Thumb Code    46  stm32f1xx_it.o(.text.RTC_IRQHandler)
    RTC_ReadTimeCounter                      0x08005bc9   Thumb Code   106  main.o(.text.RTC_ReadTimeCounter)
    SVC_Handler                              0x08005d21   Thumb Code    36  port.o(.text.SVC_Handler)
    StartDefaultTask                         0x08005d45   Thumb Code   430  freertos.o(.text.StartDefaultTask)
    StartTask02                              0x08005ef5   Thumb Code   202  freertos.o(.text.StartTask02)
    SysTick_Handler                          0x08005fc1   Thumb Code    46  port.o(.text.SysTick_Handler)
    SystemClock_Config                       0x08005ff1   Thumb Code   156  main.o(.text.SystemClock_Config)
    SystemInit                               0x0800608d   Thumb Code     2  system_stm32f1xx.o(.text.SystemInit)
    TIM3_IRQHandler                          0x08006091   Thumb Code    16  stm32f1xx_it.o(.text.TIM3_IRQHandler)
    USART3_IRQHandler                        0x0800630d   Thumb Code    16  stm32f1xx_it.o(.text.USART3_IRQHandler)
    USB_LP_CAN1_RX0_IRQHandler               0x0800631d   Thumb Code    16  stm32f1xx_it.o(.text.USB_LP_CAN1_RX0_IRQHandler)
    UsageFault_Handler                       0x0800632d   Thumb Code     4  stm32f1xx_it.o(.text.UsageFault_Handler)
    changeGPIOstate                          0x08006331   Thumb Code   198  main.o(.text.changeGPIOstate)
    handleScheduler                          0x080063f9   Thumb Code   418  main.o(.text.handleScheduler)
    main                                     0x0800659d   Thumb Code   696  main.o(.text.main)
    osDelay                                  0x08006855   Thumb Code    52  cmsis_os2.o(.text.osDelay)
    osEventFlagsNew                          0x08006889   Thumb Code    90  cmsis_os2.o(.text.osEventFlagsNew)
    osKernelInitialize                       0x080068e5   Thumb Code    58  cmsis_os2.o(.text.osKernelInitialize)
    osKernelStart                            0x08006921   Thumb Code    66  cmsis_os2.o(.text.osKernelStart)
    osMessageQueueGet                        0x08006965   Thumb Code   156  cmsis_os2.o(.text.osMessageQueueGet)
    osMessageQueueNew                        0x08006a01   Thumb Code   204  cmsis_os2.o(.text.osMessageQueueNew)
    osMessageQueuePut                        0x08006acd   Thumb Code   158  cmsis_os2.o(.text.osMessageQueuePut)
    osSemaphoreAcquire                       0x08006b6d   Thumb Code   136  cmsis_os2.o(.text.osSemaphoreAcquire)
    osSemaphoreNew                           0x08006bf5   Thumb Code   242  cmsis_os2.o(.text.osSemaphoreNew)
    osSemaphoreRelease                       0x08006ce9   Thumb Code   124  cmsis_os2.o(.text.osSemaphoreRelease)
    osThreadNew                              0x08006d65   Thumb Code   234  cmsis_os2.o(.text.osThreadNew)
    osTimerNew                               0x08006e51   Thumb Code   178  cmsis_os2.o(.text.osTimerNew)
    osTimerStart                             0x08006f05   Thumb Code    86  cmsis_os2.o(.text.osTimerStart)
    osTimerStop                              0x08006f5d   Thumb Code   106  cmsis_os2.o(.text.osTimerStop)
    pvPortMalloc                             0x08007929   Thumb Code   440  heap_4.o(.text.pvPortMalloc)
    pvTaskIncrementMutexHeldCount            0x08007ae1   Thumb Code    24  tasks.o(.text.pvTaskIncrementMutexHeldCount)
    pvTimerGetTimerID                        0x08007af9   Thumb Code    38  timers.o(.text.pvTimerGetTimerID)
    pxPortInitialiseStack                    0x08007b21   Thumb Code    32  port.o(.text.pxPortInitialiseStack)
    txStatus                                 0x08007b41   Thumb Code    70  freertos.o(.text.txStatus)
    ulTaskNotifyTake                         0x08007b89   Thumb Code   106  tasks.o(.text.ulTaskNotifyTake)
    usMBCRC16                                0x08007bf5   Thumb Code   106  main.o(.text.usMBCRC16)
    uxListRemove                             0x08007c61   Thumb Code    36  list.o(.text.uxListRemove)
    vApplicationGetIdleTaskMemory            0x08007c85   Thumb Code    26  cmsis_os2.o(.text.vApplicationGetIdleTaskMemory)
    vApplicationGetTimerTaskMemory           0x08007ca1   Thumb Code    28  cmsis_os2.o(.text.vApplicationGetTimerTaskMemory)
    vListInitialise                          0x08007cbd   Thumb Code    22  list.o(.text.vListInitialise)
    vListInitialiseItem                      0x08007cd5   Thumb Code     6  list.o(.text.vListInitialiseItem)
    vListInsert                              0x08007cdd   Thumb Code    58  list.o(.text.vListInsert)
    vListInsertEnd                           0x08007d19   Thumb Code    28  list.o(.text.vListInsertEnd)
    vPortEnterCritical                       0x08007d35   Thumb Code    70  port.o(.text.vPortEnterCritical)
    vPortExitCritical                        0x08007d7d   Thumb Code    46  port.o(.text.vPortExitCritical)
    vPortFree                                0x08007dad   Thumb Code   196  heap_4.o(.text.vPortFree)
    vPortSetupTimerInterrupt                 0x08007e71   Thumb Code    52  port.o(.text.vPortSetupTimerInterrupt)
    vPortValidateInterruptPriority           0x08007ea5   Thumb Code    98  port.o(.text.vPortValidateInterruptPriority)
    vQueueAddToRegistry                      0x08007f09   Thumb Code    40  queue.o(.text.vQueueAddToRegistry)
    vQueueDelete                             0x08007f31   Thumb Code    72  queue.o(.text.vQueueDelete)
    vQueueWaitForMessageRestricted           0x08007f79   Thumb Code    70  queue.o(.text.vQueueWaitForMessageRestricted)
    vTaskDelay                               0x08007fc1   Thumb Code   166  tasks.o(.text.vTaskDelay)
    vTaskInternalSetTimeOutState             0x08008069   Thumb Code    26  tasks.o(.text.vTaskInternalSetTimeOutState)
    vTaskMissedYield                         0x08008085   Thumb Code    14  tasks.o(.text.vTaskMissedYield)
    vTaskNotifyGiveFromISR                   0x08008095   Thumb Code   218  tasks.o(.text.vTaskNotifyGiveFromISR)
    vTaskPlaceOnEventList                    0x08008171   Thumb Code    54  tasks.o(.text.vTaskPlaceOnEventList)
    vTaskPlaceOnEventListRestricted          0x080081a9   Thumb Code    62  tasks.o(.text.vTaskPlaceOnEventListRestricted)
    vTaskPriorityDisinheritAfterTimeout      0x080081e9   Thumb Code   166  tasks.o(.text.vTaskPriorityDisinheritAfterTimeout)
    vTaskStartScheduler                      0x08008291   Thumb Code   156  tasks.o(.text.vTaskStartScheduler)
    vTaskSuspendAll                          0x08008335   Thumb Code    16  tasks.o(.text.vTaskSuspendAll)
    vTaskSwitchContext                       0x08008345   Thumb Code   154  tasks.o(.text.vTaskSwitchContext)
    xEventGroupCreate                        0x080083e1   Thumb Code    28  event_groups.o(.text.xEventGroupCreate)
    xEventGroupCreateStatic                  0x080083fd   Thumb Code    78  event_groups.o(.text.xEventGroupCreateStatic)
    xPortStartScheduler                      0x0800844d   Thumb Code   218  port.o(.text.xPortStartScheduler)
    xQueueCreateCountingSemaphore            0x08008529   Thumb Code    66  queue.o(.text.xQueueCreateCountingSemaphore)
    xQueueCreateCountingSemaphoreStatic      0x0800856d   Thumb Code    82  queue.o(.text.xQueueCreateCountingSemaphoreStatic)
    xQueueGenericCreate                      0x080085c1   Thumb Code   142  queue.o(.text.xQueueGenericCreate)
    xQueueGenericCreateStatic                0x08008651   Thumb Code   218  queue.o(.text.xQueueGenericCreateStatic)
    xQueueGenericSend                        0x0800872d   Thumb Code   530  queue.o(.text.xQueueGenericSend)
    xQueueGenericSendFromISR                 0x08008941   Thumb Code   330  queue.o(.text.xQueueGenericSendFromISR)
    xQueueGiveFromISR                        0x08008a8d   Thumb Code   194  queue.o(.text.xQueueGiveFromISR)
    xQueueReceive                            0x08008b51   Thumb Code   424  queue.o(.text.xQueueReceive)
    xQueueReceiveFromISR                     0x08008cf9   Thumb Code   198  queue.o(.text.xQueueReceiveFromISR)
    xQueueSemaphoreTake                      0x08008dc1   Thumb Code   482  queue.o(.text.xQueueSemaphoreTake)
    xTaskCheckForTimeOut                     0x08008fa5   Thumb Code   142  tasks.o(.text.xTaskCheckForTimeOut)
    xTaskCreate                              0x08009035   Thumb Code   216  tasks.o(.text.xTaskCreate)
    xTaskCreateStatic                        0x0800910d   Thumb Code   222  tasks.o(.text.xTaskCreateStatic)
    xTaskGetSchedulerState                   0x080091ed   Thumb Code    38  tasks.o(.text.xTaskGetSchedulerState)
    xTaskGetTickCount                        0x08009215   Thumb Code    12  tasks.o(.text.xTaskGetTickCount)
    xTaskIncrementTick                       0x08009221   Thumb Code   366  tasks.o(.text.xTaskIncrementTick)
    xTaskPriorityDisinherit                  0x08009391   Thumb Code   146  tasks.o(.text.xTaskPriorityDisinherit)
    xTaskPriorityInherit                     0x08009425   Thumb Code   146  tasks.o(.text.xTaskPriorityInherit)
    xTaskRemoveFromEventList                 0x080094b9   Thumb Code   142  tasks.o(.text.xTaskRemoveFromEventList)
    xTaskResumeAll                           0x08009549   Thumb Code   312  tasks.o(.text.xTaskResumeAll)
    xTimerCreate                             0x08009681   Thumb Code    82  timers.o(.text.xTimerCreate)
    xTimerCreateStatic                       0x080096d5   Thumb Code   126  timers.o(.text.xTimerCreateStatic)
    xTimerCreateTimerTask                    0x08009755   Thumb Code   108  timers.o(.text.xTimerCreateTimerTask)
    xTimerGenericCommand                     0x080097c9   Thumb Code   104  timers.o(.text.xTimerGenericCommand)
    xTimerIsTimerActive                      0x08009831   Thumb Code    46  timers.o(.text.xTimerIsTimerActive)
    AHBPrescTable                            0x0800985e   Data          16  system_stm32f1xx.o(.rodata.AHBPrescTable)
    APBPrescTable                            0x0800986e   Data           8  system_stm32f1xx.o(.rodata.APBPrescTable)
    defaultTask_attributes                   0x08009a88   Data          36  freertos.o(.rodata.defaultTask_attributes)
    myEvent01_attributes                     0x08009aac   Data          16  freertos.o(.rodata.myEvent01_attributes)
    myQueue01_attributes                     0x08009abc   Data          24  freertos.o(.rodata.myQueue01_attributes)
    myTask02_attributes                      0x08009ad4   Data          36  freertos.o(.rodata.myTask02_attributes)
    myTimer01_attributes                     0x08009af8   Data          16  freertos.o(.rodata.myTimer01_attributes)
    txBinSemaphore_attributes                0x08009b64   Data          16  freertos.o(.rodata.txBinSemaphore_attributes)
    Region$$Table$$Base                      0x08009b74   Number         0  anon$$obj.o(Region$$Table)
    Region$$Table$$Limit                     0x08009b94   Number         0  anon$$obj.o(Region$$Table)
    SystemCoreClock                          0x20000000   Data           4  system_stm32f1xx.o(.data.SystemCoreClock)
    sch_size                                 0x20000004   Data           1  main.o(.data.sch_size)
    uwTickFreq                               0x20000005   Data           1  stm32f1xx_hal.o(.data.uwTickFreq)
    uwTickPrio                               0x20000008   Data           4  stm32f1xx_hal.o(.data.uwTickPrio)
    __libspace_start                         0x20000010   Data          96  libspace.o(.bss)
    ADC_Raw                                  0x20000070   Data          80  main.o(.bss.ADC_Raw)
    __temporary_stack_top$libspace           0x20000070   Data           0  libspace.o(.bss)
    FSM_CHECK_DEVICES_ERROR_count            0x200000c0   Data           4  freertos.o(.bss.FSM_CHECK_DEVICES_ERROR_count)
    RxData                                   0x20000324   Data           8  main.o(.bss.RxData)
    RxHeader                                 0x2000032c   Data          28  main.o(.bss.RxHeader)
    TxData                                   0x200007a4   Data           8  main.o(.bss.TxData)
    TxHeader                                 0x200007ac   Data          24  main.o(.bss.TxHeader)
    TxMailbox                                0x200007c4   Data           4  main.o(.bss.TxMailbox)
    aa                                       0x200007c8   Data           4  main.o(.bss.aa)
    adc_complete                             0x200007cc   Data           1  main.o(.bss.adc_complete)
    cnt_flow1                                0x200007d0   Data           4  main.o(.bss.cnt_flow1)
    cnt_flow2                                0x200007d4   Data           4  main.o(.bss.cnt_flow2)
    config                                   0x200007d8   Data          24  main.o(.bss.config)
    defaultTaskHandle                        0x200007f0   Data           4  freertos.o(.bss.defaultTaskHandle)
    dummyAlert                               0x200007f4   Data           1  main.o(.bss.dummyAlert)
    hadc1                                    0x200007f8   Data          48  adc.o(.bss.hadc1)
    hcan                                     0x20000828   Data          40  can.o(.bss.hcan)
    hcrc                                     0x20000850   Data           8  crc.o(.bss.hcrc)
    hdma_adc1                                0x20000858   Data          68  adc.o(.bss.hdma_adc1)
    hdma_i2c1_rx                             0x2000089c   Data          68  i2c.o(.bss.hdma_i2c1_rx)
    hdma_i2c1_tx                             0x200008e0   Data          68  i2c.o(.bss.hdma_i2c1_tx)
    hdma_usart3_rx                           0x20000924   Data          68  usart.o(.bss.hdma_usart3_rx)
    hdma_usart3_tx                           0x20000968   Data          68  usart.o(.bss.hdma_usart3_tx)
    hi2c1                                    0x200009ac   Data          84  i2c.o(.bss.hi2c1)
    hiwdg                                    0x20000a00   Data          12  iwdg.o(.bss.hiwdg)
    hrtc                                     0x20000a0c   Data          20  rtc.o(.bss.hrtc)
    htim1                                    0x20000a20   Data          72  tim.o(.bss.htim1)
    htim3                                    0x20000a68   Data          72  stm32f1xx_hal_timebase_tim.o(.bss.htim3)
    huart1                                   0x20000ab0   Data          72  usart.o(.bss.huart1)
    huart3                                   0x20000af8   Data          72  usart.o(.bss.huart3)
    i2c_error_count                          0x20000b40   Data           4  main.o(.bss.i2c_error_count)
    i2c_rxStatus                             0x20000b44   Data          16  main.o(.bss.i2c_rxStatus)
    i2c_rx_end                               0x20000b54   Data           1  main.o(.bss.i2c_rx_end)
    i2c_tx_end                               0x20000b55   Data           1  main.o(.bss.i2c_tx_end)
    i2ccnt                                   0x20000b58   Data           4  main.o(.bss.i2ccnt)
    i2ccntRX                                 0x20000b5c   Data           4  main.o(.bss.i2ccntRX)
    myEvent01Handle                          0x20000b60   Data           4  freertos.o(.bss.myEvent01Handle)
    myQueue01Handle                          0x20000b64   Data           4  freertos.o(.bss.myQueue01Handle)
    myTask02Handle                           0x20000b68   Data           4  freertos.o(.bss.myTask02Handle)
    myTimer01Handle                          0x20000b6c   Data           4  freertos.o(.bss.myTimer01Handle)
    pxCurrentTCB                             0x20000c64   Data           4  tasks.o(.bss.pxCurrentTCB)
    quickDayChange                           0x200010dc   Data           4  main.o(.bss.quickDayChange)
    rtc_conter                               0x200010e0   Data           4  freertos.o(.bss.rtc_conter)
    rtc_conter_delta                         0x200010e4   Data           4  freertos.o(.bss.rtc_conter_delta)
    rx_cnt_ack                               0x200010e8   Data           4  freertos.o(.bss.rx_cnt_ack)
    rx_end                                   0x200010ec   Data           1  main.o(.bss.rx_end)
    sDate                                    0x200010ed   Data           4  main.o(.bss.sDate)
    sTime                                    0x200010f1   Data           3  main.o(.bss.sTime)
    sch_pos                                  0x200010f4   Data           4  main.o(.bss.sch_pos)
    scheduler                                0x200010f8   Data         400  main.o(.bss.scheduler)
    state                                    0x20001288   Data          48  main.o(.bss.state)
    task_callCnt                             0x200012b8   Data           4  freertos.o(.bss.task_callCnt)
    txBinSemaphoreHandle                     0x200012bc   Data           4  freertos.o(.bss.txBinSemaphoreHandle)
    tx_end                                   0x200012c0   Data           1  main.o(.bss.tx_end)
    uart_dma_buf_rx                          0x200012c1   Data         512  main.o(.bss.uart_dma_buf_rx)
    uwTick                                   0x200020c8   Data           4  stm32f1xx_hal.o(.bss.uwTick)
    xQueueRegistry                           0x20002160   Data          64  queue.o(.bss.xQueueRegistry)
    xTask1                                   0x200021c0   Data           4  main.o(.bss.xTask1)



==============================================================================

Memory Map of the image

  Image Entry point : 0x080000ed

  Load Region LR_IROM1 (Base: 0x08000000, Size: 0x00009ba8, Max: 0x00010000, ABSOLUTE)

    Execution Region ER_IROM1 (Exec base: 0x08000000, Load base: 0x08000000, Size: 0x00009b94, Max: 0x00010000, ABSOLUTE)

    Exec Addr    Load Addr    Size         Type   Attr      Idx    E Section Name        Object

    0x08000000   0x08000000   0x000000ec   Data   RO            3    RESET               startup_stm32f103xb.o
    0x080000ec   0x080000ec   0x00000008   Code   RO         2442  * !!!main             c_w.l(__main.o)
    0x080000f4   0x080000f4   0x00000034   Code   RO         2922    !!!scatter          c_w.l(__scatter.o)
    0x08000128   0x08000128   0x0000001a   Code   RO         2924    !!handler_copy      c_w.l(__scatter_copy.o)
    0x08000142   0x08000142   0x00000002   PAD
    0x08000144   0x08000144   0x0000001c   Code   RO         2926    !!handler_zi        c_w.l(__scatter_zi.o)
    0x08000160   0x08000160   0x00000002   Code   RO         2847    .ARM.Collect$$libinit$$00000000  c_w.l(libinit.o)
    0x08000162   0x08000162   0x00000000   Code   RO         2600    .ARM.Collect$$libinit$$00000002  c_w.l(libinit2.o)
    0x08000162   0x08000162   0x00000000   Code   RO         2602    .ARM.Collect$$libinit$$00000004  c_w.l(libinit2.o)
    0x08000162   0x08000162   0x00000000   Code   RO         2604    .ARM.Collect$$libinit$$00000006  c_w.l(libinit2.o)
    0x08000162   0x08000162   0x00000000   Code   RO         2607    .ARM.Collect$$libinit$$0000000C  c_w.l(libinit2.o)
    0x08000162   0x08000162   0x00000000   Code   RO         2609    .ARM.Collect$$libinit$$0000000E  c_w.l(libinit2.o)
    0x08000162   0x08000162   0x00000000   Code   RO         2611    .ARM.Collect$$libinit$$00000010  c_w.l(libinit2.o)
    0x08000162   0x08000162   0x00000000   Code   RO         2614    .ARM.Collect$$libinit$$00000013  c_w.l(libinit2.o)
    0x08000162   0x08000162   0x00000000   Code   RO         2616    .ARM.Collect$$libinit$$00000015  c_w.l(libinit2.o)
    0x08000162   0x08000162   0x00000000   Code   RO         2618    .ARM.Collect$$libinit$$00000017  c_w.l(libinit2.o)
    0x08000162   0x08000162   0x00000000   Code   RO         2620    .ARM.Collect$$libinit$$00000019  c_w.l(libinit2.o)
    0x08000162   0x08000162   0x00000000   Code   RO         2622    .ARM.Collect$$libinit$$0000001B  c_w.l(libinit2.o)
    0x08000162   0x08000162   0x00000000   Code   RO         2624    .ARM.Collect$$libinit$$0000001D  c_w.l(libinit2.o)
    0x08000162   0x08000162   0x00000000   Code   RO         2626    .ARM.Collect$$libinit$$0000001F  c_w.l(libinit2.o)
    0x08000162   0x08000162   0x00000000   Code   RO         2628    .ARM.Collect$$libinit$$00000021  c_w.l(libinit2.o)
    0x08000162   0x08000162   0x00000000   Code   RO         2630    .ARM.Collect$$libinit$$00000023  c_w.l(libinit2.o)
    0x08000162   0x08000162   0x00000000   Code   RO         2632    .ARM.Collect$$libinit$$00000025  c_w.l(libinit2.o)
    0x08000162   0x08000162   0x00000000   Code   RO         2634    .ARM.Collect$$libinit$$00000027  c_w.l(libinit2.o)
    0x08000162   0x08000162   0x00000000   Code   RO         2638    .ARM.Collect$$libinit$$0000002E  c_w.l(libinit2.o)
    0x08000162   0x08000162   0x00000000   Code   RO         2640    .ARM.Collect$$libinit$$00000030  c_w.l(libinit2.o)
    0x08000162   0x08000162   0x00000000   Code   RO         2642    .ARM.Collect$$libinit$$00000032  c_w.l(libinit2.o)
    0x08000162   0x08000162   0x00000000   Code   RO         2644    .ARM.Collect$$libinit$$00000034  c_w.l(libinit2.o)
    0x08000162   0x08000162   0x00000002   Code   RO         2645    .ARM.Collect$$libinit$$00000035  c_w.l(libinit2.o)
    0x08000164   0x08000164   0x00000002   Code   RO         2919    .ARM.Collect$$libshutdown$$00000000  c_w.l(libshutdown.o)
    0x08000166   0x08000166   0x00000000   Code   RO         2747    .ARM.Collect$$libshutdown$$00000002  c_w.l(libshutdown2.o)
    0x08000166   0x08000166   0x00000000   Code   RO         2749    .ARM.Collect$$libshutdown$$00000004  c_w.l(libshutdown2.o)
    0x08000166   0x08000166   0x00000000   Code   RO         2752    .ARM.Collect$$libshutdown$$00000007  c_w.l(libshutdown2.o)
    0x08000166   0x08000166   0x00000000   Code   RO         2755    .ARM.Collect$$libshutdown$$0000000A  c_w.l(libshutdown2.o)
    0x08000166   0x08000166   0x00000000   Code   RO         2757    .ARM.Collect$$libshutdown$$0000000C  c_w.l(libshutdown2.o)
    0x08000166   0x08000166   0x00000000   Code   RO         2760    .ARM.Collect$$libshutdown$$0000000F  c_w.l(libshutdown2.o)
    0x08000166   0x08000166   0x00000002   Code   RO         2761    .ARM.Collect$$libshutdown$$00000010  c_w.l(libshutdown2.o)
    0x08000168   0x08000168   0x00000000   Code   RO         2468    .ARM.Collect$$rtentry$$00000000  c_w.l(__rtentry.o)
    0x08000168   0x08000168   0x00000000   Code   RO         2674    .ARM.Collect$$rtentry$$00000002  c_w.l(__rtentry2.o)
    0x08000168   0x08000168   0x00000006   Code   RO         2686    .ARM.Collect$$rtentry$$00000004  c_w.l(__rtentry4.o)
    0x0800016e   0x0800016e   0x00000000   Code   RO         2676    .ARM.Collect$$rtentry$$00000009  c_w.l(__rtentry2.o)
    0x0800016e   0x0800016e   0x00000004   Code   RO         2677    .ARM.Collect$$rtentry$$0000000A  c_w.l(__rtentry2.o)
    0x08000172   0x08000172   0x00000000   Code   RO         2679    .ARM.Collect$$rtentry$$0000000C  c_w.l(__rtentry2.o)
    0x08000172   0x08000172   0x00000008   Code   RO         2680    .ARM.Collect$$rtentry$$0000000D  c_w.l(__rtentry2.o)
    0x0800017a   0x0800017a   0x00000002   Code   RO         2856    .ARM.Collect$$rtexit$$00000000  c_w.l(rtexit.o)
    0x0800017c   0x0800017c   0x00000000   Code   RO         2888    .ARM.Collect$$rtexit$$00000002  c_w.l(rtexit2.o)
    0x0800017c   0x0800017c   0x00000004   Code   RO         2889    .ARM.Collect$$rtexit$$00000003  c_w.l(rtexit2.o)
    0x08000180   0x08000180   0x00000006   Code   RO         2890    .ARM.Collect$$rtexit$$00000004  c_w.l(rtexit2.o)
    0x08000186   0x08000186   0x00000002   PAD
    0x08000188   0x08000188   0x00000040   Code   RO            4    .text               startup_stm32f103xb.o
    0x080001c8   0x080001c8   0x0000008a   Code   RO         2428    .text               c_w.l(rt_memcpy_v6.o)
    0x08000252   0x08000252   0x00000010   Code   RO         2432    .text               c_w.l(aeabi_memset4.o)
    0x08000262   0x08000262   0x0000004e   Code   RO         2436    .text               c_w.l(rt_memclr_w.o)
    0x080002b0   0x080002b0   0x00000006   Code   RO         2440    .text               c_w.l(heapauxi.o)
    0x080002b6   0x080002b6   0x00000064   Code   RO         2595    .text               c_w.l(rt_memcpy_w.o)
    0x0800031a   0x0800031a   0x00000002   PAD
    0x0800031c   0x0800031c   0x00000008   Code   RO         2670    .text               c_w.l(libspace.o)
    0x08000324   0x08000324   0x00000002   Code   RO         2770    .text               c_w.l(use_no_semi.o)
    0x08000326   0x08000326   0x00000000   Code   RO         2772    .text               c_w.l(indicate_semi.o)
    0x08000326   0x08000326   0x0000004a   Code   RO         2773    .text               c_w.l(sys_stackheap_outer.o)
    0x08000370   0x08000370   0x00000012   Code   RO         2828    .text               c_w.l(exit.o)
    0x08000382   0x08000382   0x00000002   PAD
    0x08000384   0x08000384   0x0000000c   Code   RO         2852    .text               c_w.l(sys_exit.o)
    0x08000390   0x08000390   0x00000056   Code   RO          566    .text.ADC_ConversionStop_Disable  stm32f1xx_hal_adc.o
    0x080003e6   0x080003e6   0x00000002   PAD
    0x080003e8   0x080003e8   0x00000050   Code   RO          588    .text.ADC_DMAConvCplt  stm32f1xx_hal_adc.o
    0x08000438   0x08000438   0x00000016   Code   RO          592    .text.ADC_DMAError  stm32f1xx_hal_adc.o
    0x0800044e   0x0800044e   0x00000002   PAD
    0x08000450   0x08000450   0x00000006   Code   RO          590    .text.ADC_DMAHalfConvCplt  stm32f1xx_hal_adc.o
    0x08000456   0x08000456   0x00000002   PAD
    0x08000458   0x08000458   0x00000092   Code   RO          574    .text.ADC_Enable    stm32f1xx_hal_adc.o
    0x080004ea   0x080004ea   0x00000002   PAD
    0x080004ec   0x080004ec   0x00000004   Code   RO          483    .text.BusFault_Handler  stm32f1xx_it.o
    0x080004f0   0x080004f0   0x00000010   Code   RO          505    .text.CAN1_SCE_IRQHandler  stm32f1xx_it.o
    0x08000500   0x08000500   0x00000044   Code   RO          305    .text.Callback01    freertos.o
    0x08000544   0x08000544   0x00000010   Code   RO          493    .text.DMA1_Channel1_IRQHandler  stm32f1xx_it.o
    0x08000554   0x08000554   0x00000010   Code   RO          495    .text.DMA1_Channel2_IRQHandler  stm32f1xx_it.o
    0x08000564   0x08000564   0x00000010   Code   RO          497    .text.DMA1_Channel3_IRQHandler  stm32f1xx_it.o
    0x08000574   0x08000574   0x00000010   Code   RO          499    .text.DMA1_Channel6_IRQHandler  stm32f1xx_it.o
    0x08000584   0x08000584   0x0000001e   Code   RO          501    .text.DMA1_Channel7_IRQHandler  stm32f1xx_it.o
    0x080005a2   0x080005a2   0x00000002   PAD
    0x080005a4   0x080005a4   0x00000002   Code   RO          487    .text.DebugMon_Handler  stm32f1xx_it.o
    0x080005a6   0x080005a6   0x00000002   PAD
    0x080005a8   0x080005a8   0x0000000c   Code   RO          517    .text.EXTI15_10_IRQHandler  stm32f1xx_it.o
    0x080005b4   0x080005b4   0x00000010   Code   RO          491    .text.EXTI3_IRQHandler  stm32f1xx_it.o
    0x080005c4   0x080005c4   0x0000000c   Code   RO          507    .text.EXTI9_5_IRQHandler  stm32f1xx_it.o
    0x080005d0   0x080005d0   0x0000000e   Code   RO          193    .text.Error_Handler  main.o
    0x080005de   0x080005de   0x00000002   PAD
    0x080005e0   0x080005e0   0x000000ea   Code   RO          624    .text.HAL_ADCEx_Calibration_Start  stm32f1xx_hal_adc_ex.o
    0x080006ca   0x080006ca   0x00000002   PAD
    0x080006cc   0x080006cc   0x0000010e   Code   RO          608    .text.HAL_ADC_ConfigChannel  stm32f1xx_hal_adc.o
    0x080007da   0x080007da   0x00000002   PAD
    0x080007dc   0x080007dc   0x000000da   Code   RO          207    .text.HAL_ADC_ConvCpltCallback  main.o
    0x080008b6   0x080008b6   0x00000002   PAD
    0x080008b8   0x080008b8   0x00000002   Code   RO          604    .text.HAL_ADC_ConvHalfCpltCallback  stm32f1xx_hal_adc.o
    0x080008ba   0x080008ba   0x00000002   PAD
    0x080008bc   0x080008bc   0x00000002   Code   RO          606    .text.HAL_ADC_ErrorCallback  stm32f1xx_hal_adc.o
    0x080008be   0x080008be   0x00000002   PAD
    0x080008c0   0x080008c0   0x0000015c   Code   RO          562    .text.HAL_ADC_Init  stm32f1xx_hal_adc.o
    0x08000a1c   0x08000a1c   0x00000104   Code   RO          356    .text.HAL_ADC_MspInit  adc.o
    0x08000b20   0x08000b20   0x00000136   Code   RO          586    .text.HAL_ADC_Start_DMA  stm32f1xx_hal_adc.o
    0x08000c56   0x08000c56   0x00000002   PAD
    0x08000c58   0x08000c58   0x000000b0   Code   RO          594    .text.HAL_ADC_Stop_DMA  stm32f1xx_hal_adc.o
    0x08000d08   0x08000d08   0x00000026   Code   RO         1026    .text.HAL_CAN_ActivateNotification  stm32f1xx_hal_can.o
    0x08000d2e   0x08000d2e   0x00000002   PAD
    0x08000d30   0x08000d30   0x00000096   Code   RO         1012    .text.HAL_CAN_AddTxMessage  stm32f1xx_hal_can.o
    0x08000dc6   0x08000dc6   0x00000002   PAD
    0x08000dc8   0x08000dc8   0x000000e8   Code   RO         1002    .text.HAL_CAN_ConfigFilter  stm32f1xx_hal_can.o
    0x08000eb0   0x08000eb0   0x00000012   Code   RO          179    .text.HAL_CAN_ErrorCallback  main.o
    0x08000ec2   0x08000ec2   0x00000002   PAD
    0x08000ec4   0x08000ec4   0x00000004   Code   RO         1060    .text.HAL_CAN_GetError  stm32f1xx_hal_can.o
    0x08000ec8   0x08000ec8   0x00000124   Code   RO         1022    .text.HAL_CAN_GetRxMessage  stm32f1xx_hal_can.o
    0x08000fec   0x08000fec   0x00000028   Code   RO         1016    .text.HAL_CAN_GetTxMailboxesFreeLevel  stm32f1xx_hal_can.o
    0x08001014   0x08001014   0x00000242   Code   RO         1030    .text.HAL_CAN_IRQHandler  stm32f1xx_hal_can.o
    0x08001256   0x08001256   0x00000002   PAD
    0x08001258   0x08001258   0x000000f4   Code   RO          992    .text.HAL_CAN_Init  stm32f1xx_hal_can.o
    0x0800134c   0x0800134c   0x000000c0   Code   RO          371    .text.HAL_CAN_MspInit  can.o
    0x0800140c   0x0800140c   0x00000002   Code   RO         1044    .text.HAL_CAN_RxFifo0FullCallback  stm32f1xx_hal_can.o
    0x0800140e   0x0800140e   0x00000002   PAD
    0x08001410   0x08001410   0x00000038   Code   RO          177    .text.HAL_CAN_RxFifo0MsgPendingCallback  main.o
    0x08001448   0x08001448   0x00000002   Code   RO         1048    .text.HAL_CAN_RxFifo1FullCallback  stm32f1xx_hal_can.o
    0x0800144a   0x0800144a   0x00000002   PAD
    0x0800144c   0x0800144c   0x00000002   Code   RO         1050    .text.HAL_CAN_RxFifo1MsgPendingCallback  stm32f1xx_hal_can.o
    0x0800144e   0x0800144e   0x00000002   PAD
    0x08001450   0x08001450   0x00000002   Code   RO         1052    .text.HAL_CAN_SleepCallback  stm32f1xx_hal_can.o
    0x08001452   0x08001452   0x00000002   PAD
    0x08001454   0x08001454   0x0000005a   Code   RO         1004    .text.HAL_CAN_Start  stm32f1xx_hal_can.o
    0x080014ae   0x080014ae   0x00000002   PAD
    0x080014b0   0x080014b0   0x00000002   Code   RO         1034    .text.HAL_CAN_TxMailbox0AbortCallback  stm32f1xx_hal_can.o
    0x080014b2   0x080014b2   0x00000002   PAD
    0x080014b4   0x080014b4   0x00000002   Code   RO         1032    .text.HAL_CAN_TxMailbox0CompleteCallback  stm32f1xx_hal_can.o
    0x080014b6   0x080014b6   0x00000002   PAD
    0x080014b8   0x080014b8   0x00000002   Code   RO         1038    .text.HAL_CAN_TxMailbox1AbortCallback  stm32f1xx_hal_can.o
    0x080014ba   0x080014ba   0x00000002   PAD
    0x080014bc   0x080014bc   0x00000002   Code   RO         1036    .text.HAL_CAN_TxMailbox1CompleteCallback  stm32f1xx_hal_can.o
    0x080014be   0x080014be   0x00000002   PAD
    0x080014c0   0x080014c0   0x00000002   Code   RO         1042    .text.HAL_CAN_TxMailbox2AbortCallback  stm32f1xx_hal_can.o
    0x080014c2   0x080014c2   0x00000002   PAD
    0x080014c4   0x080014c4   0x00000002   Code   RO         1040    .text.HAL_CAN_TxMailbox2CompleteCallback  stm32f1xx_hal_can.o
    0x080014c6   0x080014c6   0x00000002   PAD
    0x080014c8   0x080014c8   0x00000002   Code   RO         1054    .text.HAL_CAN_WakeUpFromRxMsgCallback  stm32f1xx_hal_can.o
    0x080014ca   0x080014ca   0x00000002   PAD
    0x080014cc   0x080014cc   0x00000022   Code   RO         1072    .text.HAL_CRC_Init  stm32f1xx_hal_crc.o
    0x080014ee   0x080014ee   0x00000002   PAD
    0x080014f0   0x080014f0   0x0000003a   Code   RO          385    .text.HAL_CRC_MspInit  crc.o
    0x0800152a   0x0800152a   0x00000002   PAD
    0x0800152c   0x0800152c   0x00000040   Code   RO          803    .text.HAL_DMA_Abort  stm32f1xx_hal_dma.o
    0x0800156c   0x0800156c   0x000000ac   Code   RO          805    .text.HAL_DMA_Abort_IT  stm32f1xx_hal_dma.o
    0x08001618   0x08001618   0x00000006   Code   RO          815    .text.HAL_DMA_GetState  stm32f1xx_hal_dma.o
    0x0800161e   0x0800161e   0x00000002   PAD
    0x08001620   0x08001620   0x00000170   Code   RO          809    .text.HAL_DMA_IRQHandler  stm32f1xx_hal_dma.o
    0x08001790   0x08001790   0x00000088   Code   RO          795    .text.HAL_DMA_Init  stm32f1xx_hal_dma.o
    0x08001818   0x08001818   0x00000098   Code   RO          801    .text.HAL_DMA_Start_IT  stm32f1xx_hal_dma.o
    0x080018b0   0x080018b0   0x00000028   Code   RO          678    .text.HAL_Delay     stm32f1xx_hal.o
    0x080018d8   0x080018d8   0x0000005e   Code   RO          211    .text.HAL_GPIO_EXTI_Callback  main.o
    0x08001936   0x08001936   0x00000002   PAD
    0x08001938   0x08001938   0x00000016   Code   RO          783    .text.HAL_GPIO_EXTI_IRQHandler  stm32f1xx_hal_gpio.o
    0x0800194e   0x0800194e   0x00000002   PAD
    0x08001950   0x08001950   0x00000200   Code   RO          771    .text.HAL_GPIO_Init  stm32f1xx_hal_gpio.o
    0x08001b50   0x08001b50   0x00000010   Code   RO          779    .text.HAL_GPIO_TogglePin  stm32f1xx_hal_gpio.o
    0x08001b60   0x08001b60   0x0000000a   Code   RO          777    .text.HAL_GPIO_WritePin  stm32f1xx_hal_gpio.o
    0x08001b6a   0x08001b6a   0x00000002   PAD
    0x08001b6c   0x08001b6c   0x0000000c   Code   RO          670    .text.HAL_GetTick   stm32f1xx_hal.o
    0x08001b78   0x08001b78   0x000000e8   Code   RO         1647    .text.HAL_HalfDuplex_Init  stm32f1xx_hal_uart.o
    0x08001c60   0x08001c60   0x00000002   Code   RO         1210    .text.HAL_I2C_AbortCpltCallback  stm32f1xx_hal_i2c.o
    0x08001c62   0x08001c62   0x00000002   PAD
    0x08001c64   0x08001c64   0x00000002   Code   RO         1200    .text.HAL_I2C_AddrCallback  stm32f1xx_hal_i2c.o
    0x08001c66   0x08001c66   0x00000002   PAD
    0x08001c68   0x08001c68   0x00000144   Code   RO         1190    .text.HAL_I2C_ER_IRQHandler  stm32f1xx_hal_i2c.o
    0x08001dac   0x08001dac   0x0000060a   Code   RO         1178    .text.HAL_I2C_EV_IRQHandler  stm32f1xx_hal_i2c.o
    0x080023b6   0x080023b6   0x00000002   PAD
    0x080023b8   0x080023b8   0x0000001c   Code   RO          191    .text.HAL_I2C_ErrorCallback  main.o
    0x080023d4   0x080023d4   0x00000004   Code   RO         1216    .text.HAL_I2C_GetError  stm32f1xx_hal_i2c.o
    0x080023d8   0x080023d8   0x00000198   Code   RO         1094    .text.HAL_I2C_Init  stm32f1xx_hal_i2c.o
    0x08002570   0x08002570   0x00000002   Code   RO         1202    .text.HAL_I2C_ListenCpltCallback  stm32f1xx_hal_i2c.o
    0x08002572   0x08002572   0x00000002   PAD
    0x08002574   0x08002574   0x00000022   Code   RO          189    .text.HAL_I2C_MasterRxCpltCallback  main.o
    0x08002596   0x08002596   0x00000002   PAD
    0x08002598   0x08002598   0x00000022   Code   RO          187    .text.HAL_I2C_MasterTxCpltCallback  main.o
    0x080025ba   0x080025ba   0x00000002   PAD
    0x080025bc   0x080025bc   0x000003e2   Code   RO         1102    .text.HAL_I2C_Master_Transmit  stm32f1xx_hal_i2c.o
    0x0800299e   0x0800299e   0x00000002   PAD
    0x080029a0   0x080029a0   0x00000002   Code   RO         1206    .text.HAL_I2C_MemRxCpltCallback  stm32f1xx_hal_i2c.o
    0x080029a2   0x080029a2   0x00000002   PAD
    0x080029a4   0x080029a4   0x00000002   Code   RO         1204    .text.HAL_I2C_MemTxCpltCallback  stm32f1xx_hal_i2c.o
    0x080029a6   0x080029a6   0x00000002   PAD
    0x080029a8   0x080029a8   0x00000136   Code   RO          407    .text.HAL_I2C_MspInit  i2c.o
    0x08002ade   0x08002ade   0x00000002   PAD
    0x08002ae0   0x08002ae0   0x00000002   Code   RO         1198    .text.HAL_I2C_SlaveRxCpltCallback  stm32f1xx_hal_i2c.o
    0x08002ae2   0x08002ae2   0x00000002   PAD
    0x08002ae4   0x08002ae4   0x00000002   Code   RO         1196    .text.HAL_I2C_SlaveTxCpltCallback  stm32f1xx_hal_i2c.o
    0x08002ae6   0x08002ae6   0x00000002   PAD
    0x08002ae8   0x08002ae8   0x0000000c   Code   RO         1230    .text.HAL_IWDG_Refresh  stm32f1xx_hal_iwdg.o
    0x08002af4   0x08002af4   0x0000001a   Code   RO          668    .text.HAL_IncTick   stm32f1xx_hal.o
    0x08002b0e   0x08002b0e   0x00000002   PAD
    0x08002b10   0x08002b10   0x00000026   Code   RO          658    .text.HAL_Init      stm32f1xx_hal.o
    0x08002b36   0x08002b36   0x00000002   PAD
    0x08002b38   0x08002b38   0x000000f0   Code   RO          534    .text.HAL_InitTick  stm32f1xx_hal_timebase_tim.o
    0x08002c28   0x08002c28   0x00000072   Code   RO          526    .text.HAL_MspInit   stm32f1xx_hal_msp.o
    0x08002c9a   0x08002c9a   0x00000002   PAD
    0x08002c9c   0x08002c9c   0x00000028   Code   RO          833    .text.HAL_NVIC_DisableIRQ  stm32f1xx_hal_cortex.o
    0x08002cc4   0x08002cc4   0x00000020   Code   RO          831    .text.HAL_NVIC_EnableIRQ  stm32f1xx_hal_cortex.o
    0x08002ce4   0x08002ce4   0x00000056   Code   RO          829    .text.HAL_NVIC_SetPriority  stm32f1xx_hal_cortex.o
    0x08002d3a   0x08002d3a   0x00000002   PAD
    0x08002d3c   0x08002d3c   0x00000020   Code   RO          827    .text.HAL_NVIC_SetPriorityGrouping  stm32f1xx_hal_cortex.o
    0x08002d5c   0x08002d5c   0x0000000c   Code   RO          869    .text.HAL_PWR_EnableBkUpAccess  stm32f1xx_hal_pwr.o
    0x08002d68   0x08002d68   0x000000f4   Code   RO          761    .text.HAL_RCCEx_GetPeriphCLKFreq  stm32f1xx_hal_rcc_ex.o
    0x08002e5c   0x08002e5c   0x00000106   Code   RO          757    .text.HAL_RCCEx_PeriphCLKConfig  stm32f1xx_hal_rcc_ex.o
    0x08002f62   0x08002f62   0x00000002   PAD
    0x08002f64   0x08002f64   0x000001ba   Code   RO          723    .text.HAL_RCC_ClockConfig  stm32f1xx_hal_rcc.o
    0x0800311e   0x0800311e   0x00000002   PAD
    0x08003120   0x08003120   0x00000042   Code   RO          741    .text.HAL_RCC_GetClockConfig  stm32f1xx_hal_rcc.o
    0x08003162   0x08003162   0x00000002   PAD
    0x08003164   0x08003164   0x00000026   Code   RO          735    .text.HAL_RCC_GetPCLK1Freq  stm32f1xx_hal_rcc.o
    0x0800318a   0x0800318a   0x00000002   PAD
    0x0800318c   0x0800318c   0x00000026   Code   RO          737    .text.HAL_RCC_GetPCLK2Freq  stm32f1xx_hal_rcc.o
    0x080031b2   0x080031b2   0x00000002   PAD
    0x080031b4   0x080031b4   0x00000330   Code   RO          721    .text.HAL_RCC_OscConfig  stm32f1xx_hal_rcc.o
    0x080034e4   0x080034e4   0x00000002   Code   RO         1308    .text.HAL_RTCEx_RTCEventCallback  stm32f1xx_hal_rtc_ex.o
    0x080034e6   0x080034e6   0x00000002   PAD
    0x080034e8   0x080034e8   0x00000002   Code   RO         1306    .text.HAL_RTCEx_RTCEventErrorCallback  stm32f1xx_hal_rtc_ex.o
    0x080034ea   0x080034ea   0x00000002   PAD
    0x080034ec   0x080034ec   0x00000044   Code   RO         1304    .text.HAL_RTCEx_RTCIRQHandler  stm32f1xx_hal_rtc_ex.o
    0x08003530   0x08003530   0x000000aa   Code   RO         1270    .text.HAL_RTC_DeactivateAlarm  stm32f1xx_hal_rtc.o
    0x080035da   0x080035da   0x00000002   PAD
    0x080035dc   0x080035dc   0x000000bc   Code   RO         1262    .text.HAL_RTC_GetDate  stm32f1xx_hal_rtc.o
    0x08003698   0x08003698   0x0000018c   Code   RO         1256    .text.HAL_RTC_GetTime  stm32f1xx_hal_rtc.o
    0x08003824   0x08003824   0x000000fa   Code   RO         1240    .text.HAL_RTC_Init  stm32f1xx_hal_rtc.o
    0x0800391e   0x0800391e   0x00000002   PAD
    0x08003920   0x08003920   0x0000005e   Code   RO          432    .text.HAL_RTC_MspInit  rtc.o
    0x0800397e   0x0800397e   0x00000002   PAD
    0x08003980   0x08003980   0x00000104   Code   RO         1266    .text.HAL_RTC_SetAlarm_IT  stm32f1xx_hal_rtc.o
    0x08003a84   0x08003a84   0x0000016a   Code   RO         1260    .text.HAL_RTC_SetDate  stm32f1xx_hal_rtc.o
    0x08003bee   0x08003bee   0x00000002   PAD
    0x08003bf0   0x08003bf0   0x000000c6   Code   RO         1250    .text.HAL_RTC_SetTime  stm32f1xx_hal_rtc.o
    0x08003cb6   0x08003cb6   0x00000002   PAD
    0x08003cb8   0x08003cb8   0x00000002   Code   RO         1629    .text.HAL_TIMEx_BreakCallback  stm32f1xx_hal_tim_ex.o
    0x08003cba   0x08003cba   0x00000002   PAD
    0x08003cbc   0x08003cbc   0x00000002   Code   RO         1625    .text.HAL_TIMEx_CommutCallback  stm32f1xx_hal_tim_ex.o
    0x08003cbe   0x08003cbe   0x00000002   PAD
    0x08003cc0   0x08003cc0   0x0000004c   Code   RO         1621    .text.HAL_TIMEx_ConfigBreakDeadTime  stm32f1xx_hal_tim_ex.o
    0x08003d0c   0x08003d0c   0x00000076   Code   RO         1619    .text.HAL_TIMEx_MasterConfigSynchronization  stm32f1xx_hal_tim_ex.o
    0x08003d82   0x08003d82   0x00000002   PAD
    0x08003d84   0x08003d84   0x000000d8   Code   RO         1324    .text.HAL_TIM_Base_Init  stm32f1xx_hal_tim.o
    0x08003e5c   0x08003e5c   0x00000002   Code   RO         1326    .text.HAL_TIM_Base_MspInit  stm32f1xx_hal_tim.o
    0x08003e5e   0x08003e5e   0x00000002   PAD
    0x08003e60   0x08003e60   0x00000066   Code   RO         1338    .text.HAL_TIM_Base_Start_IT  stm32f1xx_hal_tim.o
    0x08003ec6   0x08003ec6   0x00000002   PAD
    0x08003ec8   0x08003ec8   0x00000002   Code   RO         1460    .text.HAL_TIM_IC_CaptureCallback  stm32f1xx_hal_tim.o
    0x08003eca   0x08003eca   0x00000002   PAD
    0x08003ecc   0x08003ecc   0x0000016a   Code   RO         1458    .text.HAL_TIM_IRQHandler  stm32f1xx_hal_tim.o
    0x08004036   0x08004036   0x00000002   PAD
    0x08004038   0x08004038   0x0000019a   Code   RO         1470    .text.HAL_TIM_OC_ConfigChannel  stm32f1xx_hal_tim.o
    0x080041d2   0x080041d2   0x00000002   PAD
    0x080041d4   0x080041d4   0x00000002   Code   RO         1462    .text.HAL_TIM_OC_DelayElapsedCallback  stm32f1xx_hal_tim.o
    0x080041d6   0x080041d6   0x00000002   PAD
    0x080041d8   0x080041d8   0x000000d8   Code   RO         1352    .text.HAL_TIM_OC_Init  stm32f1xx_hal_tim.o
    0x080042b0   0x080042b0   0x0000003a   Code   RO          446    .text.HAL_TIM_OC_MspInit  tim.o
    0x080042ea   0x080042ea   0x00000002   PAD
    0x080042ec   0x080042ec   0x00000002   Code   RO         1464    .text.HAL_TIM_PWM_PulseFinishedCallback  stm32f1xx_hal_tim.o
    0x080042ee   0x080042ee   0x00000002   PAD
    0x080042f0   0x080042f0   0x00000022   Code   RO          221    .text.HAL_TIM_PeriodElapsedCallback  main.o
    0x08004312   0x08004312   0x00000002   PAD
    0x08004314   0x08004314   0x00000002   Code   RO         1468    .text.HAL_TIM_TriggerCallback  stm32f1xx_hal_tim.o
    0x08004316   0x08004316   0x00000002   PAD
    0x08004318   0x08004318   0x000000ec   Code   RO         1689    .text.HAL_UARTEx_ReceiveToIdle_DMA  stm32f1xx_hal_uart.o
    0x08004404   0x08004404   0x000000e4   Code   RO          203    .text.HAL_UARTEx_RxEventCallback  main.o
    0x080044e8   0x080044e8   0x00000002   Code   RO         1725    .text.HAL_UART_ErrorCallback  stm32f1xx_hal_uart.o
    0x080044ea   0x080044ea   0x00000002   PAD
    0x080044ec   0x080044ec   0x0000030a   Code   RO         1719    .text.HAL_UART_IRQHandler  stm32f1xx_hal_uart.o
    0x080047f6   0x080047f6   0x00000002   PAD
    0x080047f8   0x080047f8   0x000000e0   Code   RO         1643    .text.HAL_UART_Init  stm32f1xx_hal_uart.o
    0x080048d8   0x080048d8   0x000001aa   Code   RO          462    .text.HAL_UART_MspInit  usart.o
    0x08004a82   0x08004a82   0x00000002   PAD
    0x08004a84   0x08004a84   0x00000014   Code   RO          199    .text.HAL_UART_RxCpltCallback  main.o
    0x08004a98   0x08004a98   0x00000002   Code   RO         1735    .text.HAL_UART_RxHalfCpltCallback  stm32f1xx_hal_uart.o
    0x08004a9a   0x08004a9a   0x00000002   PAD
    0x08004a9c   0x08004a9c   0x00000164   Code   RO         1657    .text.HAL_UART_Transmit  stm32f1xx_hal_uart.o
    0x08004c00   0x08004c00   0x0000007c   Code   RO         1667    .text.HAL_UART_Transmit_DMA  stm32f1xx_hal_uart.o
    0x08004c7c   0x08004c7c   0x00000024   Code   RO          197    .text.HAL_UART_TxCpltCallback  main.o
    0x08004ca0   0x08004ca0   0x00000002   Code   RO         1731    .text.HAL_UART_TxHalfCpltCallback  stm32f1xx_hal_uart.o
    0x08004ca2   0x08004ca2   0x00000002   PAD
    0x08004ca4   0x08004ca4   0x00000004   Code   RO          479    .text.HardFault_Handler  stm32f1xx_it.o
    0x08004ca8   0x08004ca8   0x00000010   Code   RO          513    .text.I2C1_ER_IRQHandler  stm32f1xx_it.o
    0x08004cb8   0x08004cb8   0x00000010   Code   RO          511    .text.I2C1_EV_IRQHandler  stm32f1xx_it.o
    0x08004cc8   0x08004cc8   0x000000e4   Code   RO         1164    .text.I2C_DMAAbort  stm32f1xx_hal_i2c.o
    0x08004dac   0x08004dac   0x0000015a   Code   RO         1176    .text.I2C_ITError   stm32f1xx_hal_i2c.o
    0x08004f06   0x08004f06   0x00000002   PAD
    0x08004f08   0x08004f08   0x000000e2   Code   RO         1188    .text.I2C_MasterReceive_BTF  stm32f1xx_hal_i2c.o
    0x08004fea   0x08004fea   0x00000002   PAD
    0x08004fec   0x08004fec   0x0000010a   Code   RO         1186    .text.I2C_MasterReceive_RXNE  stm32f1xx_hal_i2c.o
    0x080050f6   0x080050f6   0x00000002   PAD
    0x080050f8   0x080050f8   0x00000080   Code   RO         1182    .text.I2C_MasterTransmit_BTF  stm32f1xx_hal_i2c.o
    0x08005178   0x08005178   0x000000b0   Code   RO         1180    .text.I2C_MasterTransmit_TXE  stm32f1xx_hal_i2c.o
    0x08005228   0x08005228   0x000000ac   Code   RO         1184    .text.I2C_MemoryTransmit_TXE_BTF  stm32f1xx_hal_i2c.o
    0x080052d4   0x080052d4   0x0000018e   Code   RO          354    .text.MX_ADC1_Init  adc.o
    0x08005462   0x08005462   0x00000002   PAD
    0x08005464   0x08005464   0x00000080   Code   RO          369    .text.MX_CAN_Init   can.o
    0x080054e4   0x080054e4   0x00000024   Code   RO          383    .text.MX_CRC_Init   crc.o
    0x08005508   0x08005508   0x00000084   Code   RO          397    .text.MX_DMA_Init   dma.o
    0x0800558c   0x0800558c   0x0000011e   Code   RO          303    .text.MX_FREERTOS_Init  freertos.o
    0x080056aa   0x080056aa   0x00000002   PAD
    0x080056ac   0x080056ac   0x00000132   Code   RO          285    .text.MX_GPIO_Init  gpio.o
    0x080057de   0x080057de   0x00000002   PAD
    0x080057e0   0x080057e0   0x00000048   Code   RO          405    .text.MX_I2C1_Init  i2c.o
    0x08005828   0x08005828   0x00000002   Code   RO          421    .text.MX_IWDG_Init  iwdg.o
    0x0800582a   0x0800582a   0x00000002   PAD
    0x0800582c   0x0800582c   0x00000096   Code   RO          430    .text.MX_RTC_Init   rtc.o
    0x080058c2   0x080058c2   0x00000002   PAD
    0x080058c4   0x080058c4   0x000000d4   Code   RO          444    .text.MX_TIM1_Init  tim.o
    0x08005998   0x08005998   0x00000040   Code   RO          458    .text.MX_USART1_UART_Init  usart.o
    0x080059d8   0x080059d8   0x00000040   Code   RO          460    .text.MX_USART3_UART_Init  usart.o
    0x08005a18   0x08005a18   0x00000004   Code   RO          481    .text.MemManage_Handler  stm32f1xx_it.o
    0x08005a1c   0x08005a1c   0x00000004   Code   RO          477    .text.NMI_Handler   stm32f1xx_it.o
    0x08005a20   0x08005a20   0x00000044   Code   RO         2329    .text.PendSV_Handler  port.o
    0x08005a64   0x08005a64   0x00000134   Code   RO         1258    .text.RTC_DateUpdate  stm32f1xx_hal_rtc.o
    0x08005b98   0x08005b98   0x0000002e   Code   RO          489    .text.RTC_IRQHandler  stm32f1xx_it.o
    0x08005bc6   0x08005bc6   0x00000002   PAD
    0x08005bc8   0x08005bc8   0x0000006a   Code   RO          195    .text.RTC_ReadTimeCounter  main.o
    0x08005c32   0x08005c32   0x00000002   PAD
    0x08005c34   0x08005c34   0x00000074   Code   RO         1254    .text.RTC_WriteAlarmCounter  stm32f1xx_hal_rtc.o
    0x08005ca8   0x08005ca8   0x00000074   Code   RO         1252    .text.RTC_WriteTimeCounter  stm32f1xx_hal_rtc.o
    0x08005d1c   0x08005d1c   0x00000004   PAD
    0x08005d20   0x08005d20   0x00000024   Code   RO         2315    .text.SVC_Handler   port.o
    0x08005d44   0x08005d44   0x000001ae   Code   RO          307    .text.StartDefaultTask  freertos.o
    0x08005ef2   0x08005ef2   0x00000002   PAD
    0x08005ef4   0x08005ef4   0x000000ca   Code   RO          309    .text.StartTask02   freertos.o
    0x08005fbe   0x08005fbe   0x00000002   PAD
    0x08005fc0   0x08005fc0   0x0000002e   Code   RO         2331    .text.SysTick_Handler  port.o
    0x08005fee   0x08005fee   0x00000002   PAD
    0x08005ff0   0x08005ff0   0x0000009c   Code   RO          219    .text.SystemClock_Config  main.o
    0x0800608c   0x0800608c   0x00000002   Code   RO         1763    .text.SystemInit    system_stm32f1xx.o
    0x0800608e   0x0800608e   0x00000002   PAD
    0x08006090   0x08006090   0x00000010   Code   RO          509    .text.TIM3_IRQHandler  stm32f1xx_it.o
    0x080060a0   0x080060a0   0x00000018   Code   RO         2208    .text.TimerCallback  cmsis_os2.o
    0x080060b8   0x080060b8   0x0000000c   Code   RO         1723    .text.UART_DMAAbortOnError  stm32f1xx_hal_uart.o
    0x080060c4   0x080060c4   0x000000a2   Code   RO         1673    .text.UART_DMAError  stm32f1xx_hal_uart.o
    0x08006166   0x08006166   0x00000002   PAD
    0x08006168   0x08006168   0x00000080   Code   RO         1751    .text.UART_DMAReceiveCplt  stm32f1xx_hal_uart.o
    0x080061e8   0x080061e8   0x00000018   Code   RO         1753    .text.UART_DMARxHalfCplt  stm32f1xx_hal_uart.o
    0x08006200   0x08006200   0x0000003e   Code   RO         1669    .text.UART_DMATransmitCplt  stm32f1xx_hal_uart.o
    0x0800623e   0x0800623e   0x00000002   PAD
    0x08006240   0x08006240   0x00000006   Code   RO         1671    .text.UART_DMATxHalfCplt  stm32f1xx_hal_uart.o
    0x08006246   0x08006246   0x00000002   PAD
    0x08006248   0x08006248   0x000000c2   Code   RO         1721    .text.UART_Receive_IT  stm32f1xx_hal_uart.o
    0x0800630a   0x0800630a   0x00000002   PAD
    0x0800630c   0x0800630c   0x00000010   Code   RO          515    .text.USART3_IRQHandler  stm32f1xx_it.o
    0x0800631c   0x0800631c   0x00000010   Code   RO          503    .text.USB_LP_CAN1_RX0_IRQHandler  stm32f1xx_it.o
    0x0800632c   0x0800632c   0x00000004   Code   RO          485    .text.UsageFault_Handler  stm32f1xx_it.o
    0x08006330   0x08006330   0x000000c6   Code   RO          215    .text.changeGPIOstate  main.o
    0x080063f6   0x080063f6   0x00000002   PAD
    0x080063f8   0x080063f8   0x000001a2   Code   RO          209    .text.handleScheduler  main.o
    0x0800659a   0x0800659a   0x00000002   PAD
    0x0800659c   0x0800659c   0x000002b8   Code   RO          217    .text.main          main.o
    0x08006854   0x08006854   0x00000034   Code   RO         2202    .text.osDelay       cmsis_os2.o
    0x08006888   0x08006888   0x0000005a   Code   RO         2220    .text.osEventFlagsNew  cmsis_os2.o
    0x080068e2   0x080068e2   0x00000002   PAD
    0x080068e4   0x080068e4   0x0000003a   Code   RO         2142    .text.osKernelInitialize  cmsis_os2.o
    0x0800691e   0x0800691e   0x00000002   PAD
    0x08006920   0x08006920   0x00000042   Code   RO         2148    .text.osKernelStart  cmsis_os2.o
    0x08006962   0x08006962   0x00000002   PAD
    0x08006964   0x08006964   0x0000009c   Code   RO         2256    .text.osMessageQueueGet  cmsis_os2.o
    0x08006a00   0x08006a00   0x000000cc   Code   RO         2252    .text.osMessageQueueNew  cmsis_os2.o
    0x08006acc   0x08006acc   0x0000009e   Code   RO         2254    .text.osMessageQueuePut  cmsis_os2.o
    0x08006b6a   0x08006b6a   0x00000002   PAD
    0x08006b6c   0x08006b6c   0x00000088   Code   RO         2244    .text.osSemaphoreAcquire  cmsis_os2.o
    0x08006bf4   0x08006bf4   0x000000f2   Code   RO         2242    .text.osSemaphoreNew  cmsis_os2.o
    0x08006ce6   0x08006ce6   0x00000002   PAD
    0x08006ce8   0x08006ce8   0x0000007c   Code   RO         2246    .text.osSemaphoreRelease  cmsis_os2.o
    0x08006d64   0x08006d64   0x000000ea   Code   RO         2164    .text.osThreadNew   cmsis_os2.o
    0x08006e4e   0x08006e4e   0x00000002   PAD
    0x08006e50   0x08006e50   0x000000b2   Code   RO         2206    .text.osTimerNew    cmsis_os2.o
    0x08006f02   0x08006f02   0x00000002   PAD
    0x08006f04   0x08006f04   0x00000056   Code   RO         2212    .text.osTimerStart  cmsis_os2.o
    0x08006f5a   0x08006f5a   0x00000002   PAD
    0x08006f5c   0x08006f5c   0x0000006a   Code   RO         2214    .text.osTimerStop   cmsis_os2.o
    0x08006fc6   0x08006fc6   0x00000002   PAD
    0x08006fc8   0x08006fc8   0x00000084   Code   RO         1968    .text.prvAddCurrentTaskToDelayedList  tasks.o
    0x0800704c   0x0800704c   0x0000011c   Code   RO         1958    .text.prvAddNewTaskToReadyList  tasks.o
    0x08007168   0x08007168   0x0000007c   Code   RO         2091    .text.prvCheckForValidListAndQueue  timers.o
    0x080071e4   0x080071e4   0x00000096   Code   RO         1992    .text.prvIdleTask   tasks.o
    0x0800727a   0x0800727a   0x00000002   PAD
    0x0800727c   0x0800727c   0x00000020   Code   RO         2321    .text.prvPortStartFirstTask  port.o
    0x0800729c   0x0800729c   0x000000e6   Code   RO         2123    .text.prvSampleTimeNow  timers.o
    0x08007382   0x08007382   0x00000002   PAD
    0x08007384   0x08007384   0x00000262   Code   RO          311    .text.prvTask1      freertos.o
    0x080075e6   0x080075e6   0x00000002   PAD
    0x080075e8   0x080075e8   0x00000032   Code   RO         2313    .text.prvTaskExitError  port.o
    0x0800761a   0x0800761a   0x00000002   PAD
    0x0800761c   0x0800761c   0x00000296   Code   RO         2093    .text.prvTimerTask  timers.o
    0x080078b2   0x080078b2   0x00000002   PAD
    0x080078b4   0x080078b4   0x00000074   Code   RO         1859    .text.prvUnlockQueue  queue.o
    0x08007928   0x08007928   0x000001b8   Code   RO         2287    .text.pvPortMalloc  heap_4.o
    0x08007ae0   0x08007ae0   0x00000018   Code   RO         2046    .text.pvTaskIncrementMutexHeldCount  tasks.o
    0x08007af8   0x08007af8   0x00000026   Code   RO         2111    .text.pvTimerGetTimerID  timers.o
    0x08007b1e   0x08007b1e   0x00000002   PAD
    0x08007b20   0x08007b20   0x00000020   Code   RO         2311    .text.pxPortInitialiseStack  port.o
    0x08007b40   0x08007b40   0x00000046   Code   RO          301    .text.txStatus      freertos.o
    0x08007b86   0x08007b86   0x00000002   PAD
    0x08007b88   0x08007b88   0x0000006a   Code   RO         2048    .text.ulTaskNotifyTake  tasks.o
    0x08007bf2   0x08007bf2   0x00000002   PAD
    0x08007bf4   0x08007bf4   0x0000006a   Code   RO          201    .text.usMBCRC16     main.o
    0x08007c5e   0x08007c5e   0x00000002   PAD
    0x08007c60   0x08007c60   0x00000024   Code   RO         1823    .text.uxListRemove  list.o
    0x08007c84   0x08007c84   0x0000001a   Code   RO         2270    .text.vApplicationGetIdleTaskMemory  cmsis_os2.o
    0x08007c9e   0x08007c9e   0x00000002   PAD
    0x08007ca0   0x08007ca0   0x0000001c   Code   RO         2272    .text.vApplicationGetTimerTaskMemory  cmsis_os2.o
    0x08007cbc   0x08007cbc   0x00000016   Code   RO         1815    .text.vListInitialise  list.o
    0x08007cd2   0x08007cd2   0x00000002   PAD
    0x08007cd4   0x08007cd4   0x00000006   Code   RO         1817    .text.vListInitialiseItem  list.o
    0x08007cda   0x08007cda   0x00000002   PAD
    0x08007cdc   0x08007cdc   0x0000003a   Code   RO         1821    .text.vListInsert   list.o
    0x08007d16   0x08007d16   0x00000002   PAD
    0x08007d18   0x08007d18   0x0000001c   Code   RO         1819    .text.vListInsertEnd  list.o
    0x08007d34   0x08007d34   0x00000046   Code   RO         2325    .text.vPortEnterCritical  port.o
    0x08007d7a   0x08007d7a   0x00000002   PAD
    0x08007d7c   0x08007d7c   0x0000002e   Code   RO         2327    .text.vPortExitCritical  port.o
    0x08007daa   0x08007daa   0x00000002   PAD
    0x08007dac   0x08007dac   0x000000c4   Code   RO         2289    .text.vPortFree     heap_4.o
    0x08007e70   0x08007e70   0x00000034   Code   RO         2319    .text.vPortSetupTimerInterrupt  port.o
    0x08007ea4   0x08007ea4   0x00000062   Code   RO         2333    .text.vPortValidateInterruptPriority  port.o
    0x08007f06   0x08007f06   0x00000002   PAD
    0x08007f08   0x08007f08   0x00000028   Code   RO         1893    .text.vQueueAddToRegistry  queue.o
    0x08007f30   0x08007f30   0x00000048   Code   RO         1879    .text.vQueueDelete  queue.o
    0x08007f78   0x08007f78   0x00000046   Code   RO         1897    .text.vQueueWaitForMessageRestricted  queue.o
    0x08007fbe   0x08007fbe   0x00000002   PAD
    0x08007fc0   0x08007fc0   0x000000a6   Code   RO         1972    .text.vTaskDelay    tasks.o
    0x08008066   0x08008066   0x00000002   PAD
    0x08008068   0x08008068   0x0000001a   Code   RO         2020    .text.vTaskInternalSetTimeOutState  tasks.o
    0x08008082   0x08008082   0x00000002   PAD
    0x08008084   0x08008084   0x0000000e   Code   RO         2024    .text.vTaskMissedYield  tasks.o
    0x08008092   0x08008092   0x00000002   PAD
    0x08008094   0x08008094   0x000000da   Code   RO         2056    .text.vTaskNotifyGiveFromISR  tasks.o
    0x0800816e   0x0800816e   0x00000002   PAD
    0x08008170   0x08008170   0x00000036   Code   RO         2008    .text.vTaskPlaceOnEventList  tasks.o
    0x080081a6   0x080081a6   0x00000002   PAD
    0x080081a8   0x080081a8   0x0000003e   Code   RO         2012    .text.vTaskPlaceOnEventListRestricted  tasks.o
    0x080081e6   0x080081e6   0x00000002   PAD
    0x080081e8   0x080081e8   0x000000a6   Code   RO         2042    .text.vTaskPriorityDisinheritAfterTimeout  tasks.o
    0x0800828e   0x0800828e   0x00000002   PAD
    0x08008290   0x08008290   0x000000a4   Code   RO         1990    .text.vTaskStartScheduler  tasks.o
    0x08008334   0x08008334   0x00000010   Code   RO         1966    .text.vTaskSuspendAll  tasks.o
    0x08008344   0x08008344   0x0000009a   Code   RO         1984    .text.vTaskSwitchContext  tasks.o
    0x080083de   0x080083de   0x00000002   PAD
    0x080083e0   0x080083e0   0x0000001c   Code   RO         1781    .text.xEventGroupCreate  event_groups.o
    0x080083fc   0x080083fc   0x0000004e   Code   RO         1779    .text.xEventGroupCreateStatic  event_groups.o
    0x0800844a   0x0800844a   0x00000002   PAD
    0x0800844c   0x0800844c   0x000000da   Code   RO         2317    .text.xPortStartScheduler  port.o
    0x08008526   0x08008526   0x00000002   PAD
    0x08008528   0x08008528   0x00000042   Code   RO         1857    .text.xQueueCreateCountingSemaphore  queue.o
    0x0800856a   0x0800856a   0x00000002   PAD
    0x0800856c   0x0800856c   0x00000052   Code   RO         1855    .text.xQueueCreateCountingSemaphoreStatic  queue.o
    0x080085be   0x080085be   0x00000002   PAD
    0x080085c0   0x080085c0   0x0000008e   Code   RO         1837    .text.xQueueGenericCreate  queue.o
    0x0800864e   0x0800864e   0x00000002   PAD
    0x08008650   0x08008650   0x000000da   Code   RO         1835    .text.xQueueGenericCreateStatic  queue.o
    0x0800872a   0x0800872a   0x00000002   PAD
    0x0800872c   0x0800872c   0x00000212   Code   RO         1849    .text.xQueueGenericSend  queue.o
    0x0800893e   0x0800893e   0x00000002   PAD
    0x08008940   0x08008940   0x0000014a   Code   RO         1861    .text.xQueueGenericSendFromISR  queue.o
    0x08008a8a   0x08008a8a   0x00000002   PAD
    0x08008a8c   0x08008a8c   0x000000c2   Code   RO         1863    .text.xQueueGiveFromISR  queue.o
    0x08008b4e   0x08008b4e   0x00000002   PAD
    0x08008b50   0x08008b50   0x000001a8   Code   RO         1865    .text.xQueueReceive  queue.o
    0x08008cf8   0x08008cf8   0x000000c6   Code   RO         1869    .text.xQueueReceiveFromISR  queue.o
    0x08008dbe   0x08008dbe   0x00000002   PAD
    0x08008dc0   0x08008dc0   0x000001e2   Code   RO         1853    .text.xQueueSemaphoreTake  queue.o
    0x08008fa2   0x08008fa2   0x00000002   PAD
    0x08008fa4   0x08008fa4   0x0000008e   Code   RO         2022    .text.xTaskCheckForTimeOut  tasks.o
    0x08009032   0x08009032   0x00000002   PAD
    0x08009034   0x08009034   0x000000d8   Code   RO         1960    .text.xTaskCreate   tasks.o
    0x0800910c   0x0800910c   0x000000de   Code   RO         1956    .text.xTaskCreateStatic  tasks.o
    0x080091ea   0x080091ea   0x00000002   PAD
    0x080091ec   0x080091ec   0x00000026   Code   RO         2036    .text.xTaskGetSchedulerState  tasks.o
    0x08009212   0x08009212   0x00000002   PAD
    0x08009214   0x08009214   0x0000000c   Code   RO         1998    .text.xTaskGetTickCount  tasks.o
    0x08009220   0x08009220   0x0000016e   Code   RO         1996    .text.xTaskIncrementTick  tasks.o
    0x0800938e   0x0800938e   0x00000002   PAD
    0x08009390   0x08009390   0x00000092   Code   RO         2040    .text.xTaskPriorityDisinherit  tasks.o
    0x08009422   0x08009422   0x00000002   PAD
    0x08009424   0x08009424   0x00000092   Code   RO         2038    .text.xTaskPriorityInherit  tasks.o
    0x080094b6   0x080094b6   0x00000002   PAD
    0x080094b8   0x080094b8   0x0000008e   Code   RO         2014    .text.xTaskRemoveFromEventList  tasks.o
    0x08009546   0x08009546   0x00000002   PAD
    0x08009548   0x08009548   0x00000138   Code   RO         1970    .text.xTaskResumeAll  tasks.o
    0x08009680   0x08009680   0x00000052   Code   RO         2095    .text.xTimerCreate  timers.o
    0x080096d2   0x080096d2   0x00000002   PAD
    0x080096d4   0x080096d4   0x0000007e   Code   RO         2097    .text.xTimerCreateStatic  timers.o
    0x08009752   0x08009752   0x00000002   PAD
    0x08009754   0x08009754   0x00000074   Code   RO         2089    .text.xTimerCreateTimerTask  timers.o
    0x080097c8   0x080097c8   0x00000068   Code   RO         2099    .text.xTimerGenericCommand  timers.o
    0x08009830   0x08009830   0x0000002e   Code   RO         2109    .text.xTimerIsTimerActive  timers.o
    0x0800985e   0x0800985e   0x00000010   Data   RO         1768    .rodata.AHBPrescTable  system_stm32f1xx.o
    0x0800986e   0x0800986e   0x00000008   Data   RO         1769    .rodata.APBPrescTable  system_stm32f1xx.o
    0x08009876   0x08009876   0x00000002   Data   RO          748    .rodata.HAL_RCC_GetSysClockFreq.aPredivFactorTable  stm32f1xx_hal_rcc.o
    0x08009878   0x08009878   0x00000100   Data   RO          259    .rodata.aucCRCHi    main.o
    0x08009978   0x08009978   0x00000100   Data   RO          260    .rodata.aucCRCLo    main.o
    0x08009a78   0x08009a78   0x00000010   Data   RO          747    .rodata.cst16       stm32f1xx_hal_rcc.o
    0x08009a88   0x08009a88   0x00000024   Data   RO          319    .rodata.defaultTask_attributes  freertos.o
    0x08009aac   0x08009aac   0x00000010   Data   RO          324    .rodata.myEvent01_attributes  freertos.o
    0x08009abc   0x08009abc   0x00000018   Data   RO          321    .rodata.myQueue01_attributes  freertos.o
    0x08009ad4   0x08009ad4   0x00000024   Data   RO          320    .rodata.myTask02_attributes  freertos.o
    0x08009af8   0x08009af8   0x00000010   Data   RO          322    .rodata.myTimer01_attributes  freertos.o
    0x08009b08   0x08009b08   0x00000013   Data   RO          270    .rodata.str1.1      main.o
    0x08009b1b   0x08009b1b   0x00000048   Data   RO          318    .rodata.str1.1      freertos.o
    0x08009b63   0x08009b63   0x00000001   PAD
    0x08009b64   0x08009b64   0x00000010   Data   RO          323    .rodata.txBinSemaphore_attributes  freertos.o
    0x08009b74   0x08009b74   0x00000020   Data   RO         2921    Region$$Table       anon$$obj.o


    Execution Region RW_IRAM1 (Exec base: 0x20000000, Load base: 0x08009b98, Size: 0x000027e8, Max: 0x00005000, ABSOLUTE)

    Exec Addr    Load Addr    Size         Type   Attr      Idx    E Section Name        Object

    0x20000000   0x08009b98   0x00000004   Data   RW         1767    .data.SystemCoreClock  system_stm32f1xx.o
    0x20000004   0x08009b9c   0x00000001   Data   RW          234    .data.sch_size      main.o
    0x20000005   0x08009b9d   0x00000001   Data   RW          709    .data.uwTickFreq    stm32f1xx_hal.o
    0x20000006   0x08009b9e   0x00000002   PAD
    0x20000008   0x08009ba0   0x00000004   Data   RW          708    .data.uwTickPrio    stm32f1xx_hal.o
    0x2000000c   0x08009ba4   0x00000004   Data   RW         2337    .data.uxCriticalNesting  port.o
    0x20000010        -       0x00000060   Zero   RW         2671    .bss                c_w.l(libspace.o)
    0x20000070        -       0x00000050   Zero   RW          263    .bss.ADC_Raw        main.o
    0x200000c0        -       0x00000004   Zero   RW          339    .bss.FSM_CHECK_DEVICES_ERROR_count  freertos.o
    0x200000c4        -       0x00000200   Zero   RW         2276    .bss.Idle_Stack     cmsis_os2.o
    0x200002c4        -       0x0000005c   Zero   RW         2275    .bss.Idle_TCB       cmsis_os2.o
    0x20000320        -       0x00000004   Zero   RW         2274    .bss.KernelState    cmsis_os2.o
    0x20000324        -       0x00000008   Zero   RW          224    .bss.RxData         main.o
    0x2000032c        -       0x0000001c   Zero   RW          226    .bss.RxHeader       main.o
    0x20000348        -       0x00000400   Zero   RW         2278    .bss.Timer_Stack    cmsis_os2.o
    0x20000748        -       0x0000005c   Zero   RW         2277    .bss.Timer_TCB      cmsis_os2.o
    0x200007a4        -       0x00000008   Zero   RW          223    .bss.TxData         main.o
    0x200007ac        -       0x00000018   Zero   RW          227    .bss.TxHeader       main.o
    0x200007c4        -       0x00000004   Zero   RW          225    .bss.TxMailbox      main.o
    0x200007c8        -       0x00000004   Zero   RW          267    .bss.aa             main.o
    0x200007cc        -       0x00000001   Zero   RW          246    .bss.adc_complete   main.o
    0x200007cd   0x08009ba8   0x00000003   PAD
    0x200007d0        -       0x00000004   Zero   RW          242    .bss.cnt_flow1      main.o
    0x200007d4        -       0x00000004   Zero   RW          243    .bss.cnt_flow2      main.o
    0x200007d8        -       0x00000018   Zero   RW          265    .bss.config         main.o
    0x200007f0        -       0x00000004   Zero   RW          329    .bss.defaultTaskHandle  freertos.o
    0x200007f4        -       0x00000001   Zero   RW          231    .bss.dummyAlert     main.o
    0x200007f5   0x08009ba8   0x00000003   PAD
    0x200007f8        -       0x00000030   Zero   RW          360    .bss.hadc1          adc.o
    0x20000828        -       0x00000028   Zero   RW          375    .bss.hcan           can.o
    0x20000850        -       0x00000008   Zero   RW          389    .bss.hcrc           crc.o
    0x20000858        -       0x00000044   Zero   RW          361    .bss.hdma_adc1      adc.o
    0x2000089c        -       0x00000044   Zero   RW          413    .bss.hdma_i2c1_rx   i2c.o
    0x200008e0        -       0x00000044   Zero   RW          412    .bss.hdma_i2c1_tx   i2c.o
    0x20000924        -       0x00000044   Zero   RW          469    .bss.hdma_usart3_rx  usart.o
    0x20000968        -       0x00000044   Zero   RW          468    .bss.hdma_usart3_tx  usart.o
    0x200009ac        -       0x00000054   Zero   RW          411    .bss.hi2c1          i2c.o
    0x20000a00        -       0x0000000c   Zero   RW          423    .bss.hiwdg          iwdg.o
    0x20000a0c        -       0x00000014   Zero   RW          436    .bss.hrtc           rtc.o
    0x20000a20        -       0x00000048   Zero   RW          450    .bss.htim1          tim.o
    0x20000a68        -       0x00000048   Zero   RW          540    .bss.htim3          stm32f1xx_hal_timebase_tim.o
    0x20000ab0        -       0x00000048   Zero   RW          466    .bss.huart1         usart.o
    0x20000af8        -       0x00000048   Zero   RW          467    .bss.huart3         usart.o
    0x20000b40        -       0x00000004   Zero   RW          269    .bss.i2c_error_count  main.o
    0x20000b44        -       0x00000010   Zero   RW          261    .bss.i2c_rxStatus   main.o
    0x20000b54        -       0x00000001   Zero   RW          245    .bss.i2c_rx_end     main.o
    0x20000b55        -       0x00000001   Zero   RW          244    .bss.i2c_tx_end     main.o
    0x20000b56   0x08009ba8   0x00000002   PAD
    0x20000b58        -       0x00000004   Zero   RW          255    .bss.i2ccnt         main.o
    0x20000b5c        -       0x00000004   Zero   RW          256    .bss.i2ccntRX       main.o
    0x20000b60        -       0x00000004   Zero   RW          332    .bss.myEvent01Handle  freertos.o
    0x20000b64        -       0x00000004   Zero   RW          328    .bss.myQueue01Handle  freertos.o
    0x20000b68        -       0x00000004   Zero   RW          330    .bss.myTask02Handle  freertos.o
    0x20000b6c        -       0x00000004   Zero   RW          327    .bss.myTimer01Handle  freertos.o
    0x20000b70        -       0x000000a0   Zero   RW         2133    .bss.prvCheckForValidListAndQueue.ucStaticTimerQueueStorage  timers.o
    0x20000c10        -       0x00000050   Zero   RW         2132    .bss.prvCheckForValidListAndQueue.xStaticTimerQueue  timers.o
    0x20000c60        -       0x00000004   Zero   RW         2129    .bss.prvSampleTimeNow.xLastTime  timers.o
    0x20000c64        -       0x00000004   Zero   RW         2060    .bss.pxCurrentTCB   tasks.o
    0x20000c68        -       0x00000004   Zero   RW         2127    .bss.pxCurrentTimerList  timers.o
    0x20000c6c        -       0x00000004   Zero   RW         2068    .bss.pxDelayedTaskList  tasks.o
    0x20000c70        -       0x00000004   Zero   RW         2297    .bss.pxEnd          heap_4.o
    0x20000c74        -       0x00000004   Zero   RW         2069    .bss.pxOverflowDelayedTaskList  tasks.o
    0x20000c78        -       0x00000004   Zero   RW         2128    .bss.pxOverflowTimerList  timers.o
    0x20000c7c        -       0x00000460   Zero   RW         2071    .bss.pxReadyTasksLists  tasks.o
    0x200010dc        -       0x00000004   Zero   RW          232    .bss.quickDayChange  main.o
    0x200010e0        -       0x00000004   Zero   RW          331    .bss.rtc_conter     freertos.o
    0x200010e4        -       0x00000004   Zero   RW          315    .bss.rtc_conter_delta  freertos.o
    0x200010e8        -       0x00000004   Zero   RW          340    .bss.rx_cnt_ack     freertos.o
    0x200010ec        -       0x00000001   Zero   RW          258    .bss.rx_end         main.o
    0x200010ed        -       0x00000004   Zero   RW          229    .bss.sDate          main.o
    0x200010f1        -       0x00000003   Zero   RW          228    .bss.sTime          main.o
    0x200010f4        -       0x00000004   Zero   RW          233    .bss.sch_pos        main.o
    0x200010f8        -       0x00000190   Zero   RW          266    .bss.scheduler      main.o
    0x20001288        -       0x00000030   Zero   RW          264    .bss.state          main.o
    0x200012b8        -       0x00000004   Zero   RW          325    .bss.task_callCnt   freertos.o
    0x200012bc        -       0x00000004   Zero   RW          326    .bss.txBinSemaphoreHandle  freertos.o
    0x200012c0        -       0x00000001   Zero   RW          257    .bss.tx_end         main.o
    0x200012c1        -       0x00000200   Zero   RW          236    .bss.uart_dma_buf_rx  main.o
    0x200014c1        -       0x00000c00   Zero   RW         2302    .bss.ucHeap         heap_4.o
    0x200020c1        -       0x00000001   Zero   RW         2335    .bss.ucMaxSysCallPriority  port.o
    0x200020c2   0x08009ba8   0x00000002   PAD
    0x200020c4        -       0x00000004   Zero   RW         2336    .bss.ulMaxPRIGROUPValue  port.o
    0x200020c8        -       0x00000004   Zero   RW          710    .bss.uwTick         stm32f1xx_hal.o
    0x200020cc        -       0x00000004   Zero   RW         2064    .bss.uxCurrentNumberOfTasks  tasks.o
    0x200020d0        -       0x00000004   Zero   RW         2063    .bss.uxDeletedTasksWaitingCleanUp  tasks.o
    0x200020d4        -       0x00000004   Zero   RW         2077    .bss.uxPendedTicks  tasks.o
    0x200020d8        -       0x00000004   Zero   RW         2066    .bss.uxSchedulerSuspended  tasks.o
    0x200020dc        -       0x00000004   Zero   RW         2061    .bss.uxTaskNumber   tasks.o
    0x200020e0        -       0x00000004   Zero   RW         2072    .bss.uxTopReadyPriority  tasks.o
    0x200020e4        -       0x00000014   Zero   RW         2130    .bss.xActiveTimerList1  timers.o
    0x200020f8        -       0x00000014   Zero   RW         2131    .bss.xActiveTimerList2  timers.o
    0x2000210c        -       0x00000001   Zero   RW         2298    .bss.xBlockAllocatedBit  heap_4.o
    0x2000210d   0x08009ba8   0x00000003   PAD
    0x20002110        -       0x00000014   Zero   RW         2079    .bss.xDelayedTaskList1  tasks.o
    0x20002124        -       0x00000014   Zero   RW         2080    .bss.xDelayedTaskList2  tasks.o
    0x20002138        -       0x00000004   Zero   RW         2299    .bss.xFreeBytesRemaining  heap_4.o
    0x2000213c        -       0x00000004   Zero   RW         2074    .bss.xIdleTaskHandle  tasks.o
    0x20002140        -       0x00000004   Zero   RW         2301    .bss.xMinimumEverFreeBytesRemaining  heap_4.o
    0x20002144        -       0x00000004   Zero   RW         2075    .bss.xNextTaskUnblockTime  tasks.o
    0x20002148        -       0x00000004   Zero   RW         2078    .bss.xNumOfOverflows  tasks.o
    0x2000214c        -       0x00000014   Zero   RW         2073    .bss.xPendingReadyList  tasks.o
    0x20002160        -       0x00000040   Zero   RW         1899    .bss.xQueueRegistry  queue.o
    0x200021a0        -       0x00000004   Zero   RW         2065    .bss.xSchedulerRunning  tasks.o
    0x200021a4        -       0x00000008   Zero   RW         2300    .bss.xStart         heap_4.o
    0x200021ac        -       0x00000014   Zero   RW         2070    .bss.xSuspendedTaskList  tasks.o
    0x200021c0        -       0x00000004   Zero   RW          247    .bss.xTask1         main.o
    0x200021c4        -       0x00000014   Zero   RW         2062    .bss.xTasksWaitingTermination  tasks.o
    0x200021d8        -       0x00000004   Zero   RW         2067    .bss.xTickCount     tasks.o
    0x200021dc        -       0x00000004   Zero   RW         2125    .bss.xTimerQueue    timers.o
    0x200021e0        -       0x00000004   Zero   RW         2126    .bss.xTimerTaskHandle  timers.o
    0x200021e4        -       0x00000004   Zero   RW         2076    .bss.xYieldPending  tasks.o
    0x200021e8        -       0x00000200   Zero   RW            2    HEAP                startup_stm32f103xb.o
    0x200023e8        -       0x00000400   Zero   RW            1    STACK               startup_stm32f103xb.o


==============================================================================

Image component sizes


      Code (inc. data)   RO Data    RW Data    ZI Data      Debug   Object Name

       658          0          0          0        116       4273   adc.o
       320          0          0          0         40       5068   can.o
      1968          0          0          0       1724      38493   cmsis_os2.o
        94          0          0          0          8       2006   crc.o
       132          0          0          0          0       2000   dma.o
       106          0          0          0          0      10217   event_groups.o
      1666         44        216          0         44       9404   freertos.o
       306          0          0          0          0       2636   gpio.o
       636          0          0          0       3093       4057   heap_4.o
       382          0          0          0        220       5508   i2c.o
         2          0          0          0         12        968   iwdg.o
       150          0          0          0          0       2217   list.o
      2494          0        531          1       1201      19254   main.o
       748         12          0          4          5       3850   port.o
      2964          0          0          0         64      24157   queue.o
       244          0          0          0         20       3600   rtc.o
        64         26        236          0       1536        788   startup_stm32f103xb.o
       116          0          0          5          4       5739   stm32f1xx_hal.o
      1448          0          0          0          0      12752   stm32f1xx_hal_adc.o
       234          0          0          0          0       8692   stm32f1xx_hal_adc_ex.o
      1690          6          0          0          0      13600   stm32f1xx_hal_can.o
       190          0          0          0          0       8483   stm32f1xx_hal_cortex.o
        34          0          0          0          0       3108   stm32f1xx_hal_crc.o
       898          0          0          0          0       7550   stm32f1xx_hal_dma.o
       560         20          0          0          0       4619   stm32f1xx_hal_gpio.o
      4832         16          0          0          0      47189   stm32f1xx_hal_i2c.o
        12          0          0          0          0       1649   stm32f1xx_hal_iwdg.o
       114          0          0          0          0       2296   stm32f1xx_hal_msp.o
        12          0          0          0          0       4192   stm32f1xx_hal_pwr.o
      1400          0         18          0          0       7599   stm32f1xx_hal_rcc.o
       506         20          0          0          0       3571   stm32f1xx_hal_rcc_ex.o
      2364          0          0          0          0      16413   stm32f1xx_hal_rtc.o
        72          0          0          0          0       5487   stm32f1xx_hal_rtc_ex.o
      1316          4          0          0          0      55002   stm32f1xx_hal_tim.o
       198          0          0          0          0      21049   stm32f1xx_hal_tim_ex.o
       240          0          0          0         72       5678   stm32f1xx_hal_timebase_tim.o
      2544          0          0          0          0      28110   stm32f1xx_hal_uart.o
       298          0          0          0          0       3731   stm32f1xx_it.o
         2          0         24          4          0       1625   system_stm32f1xx.o
      3478          8          0          0       1280      36003   tasks.o
       270          0          0          0         72       4845   tim.o
      1528         16          0          0        300      16084   timers.o
       554          0          0          0        280       5645   usart.o

    ----------------------------------------------------------------------
     38158        172       1058         16      10104     469207   Object Totals
         0          0         32          0          0          0   (incl. Generated)
       314          0          1          2         13          0   (incl. Padding)

    ----------------------------------------------------------------------

      Code (inc. data)   RO Data    RW Data    ZI Data      Debug   Library Member Name

         8          0          0          0          0         68   __main.o
         0          0          0          0          0          0   __rtentry.o
        12          0          0          0          0          0   __rtentry2.o
         6          0          0          0          0          0   __rtentry4.o
        52          8          0          0          0          0   __scatter.o
        26          0          0          0          0          0   __scatter_copy.o
        28          0          0          0          0          0   __scatter_zi.o
        16          0          0          0          0         68   aeabi_memset4.o
        18          0          0          0          0         80   exit.o
         6          0          0          0          0        152   heapauxi.o
         0          0          0          0          0          0   indicate_semi.o
         2          0          0          0          0          0   libinit.o
         2          0          0          0          0          0   libinit2.o
         2          0          0          0          0          0   libshutdown.o
         2          0          0          0          0          0   libshutdown2.o
         8          4          0          0         96         68   libspace.o
        78          0          0          0          0         80   rt_memclr_w.o
       138          0          0          0          0         68   rt_memcpy_v6.o
       100          0          0          0          0         80   rt_memcpy_w.o
         2          0          0          0          0          0   rtexit.o
        10          0          0          0          0          0   rtexit2.o
        12          4          0          0          0         68   sys_exit.o
        74          0          0          0          0         80   sys_stackheap_outer.o
         2          0          0          0          0         68   use_no_semi.o

    ----------------------------------------------------------------------
       612         16          0          0         96        880   Library Totals
         8          0          0          0          0          0   (incl. Padding)

    ----------------------------------------------------------------------

      Code (inc. data)   RO Data    RW Data    ZI Data      Debug   Library Name

       604         16          0          0         96        880   c_w.l

    ----------------------------------------------------------------------
       612         16          0          0         96        880   Library Totals

    ----------------------------------------------------------------------

==============================================================================


      Code (inc. data)   RO Data    RW Data    ZI Data      Debug   

     38770        188       1058         16      10200     468951   Grand Totals
     38770        188       1058         16      10200     468951   ELF Image Totals
     38770        188       1058         16          0          0   ROM Totals

==============================================================================

    Total RO  Size (Code + RO Data)                39828 (  38.89kB)
    Total RW  Size (RW Data + ZI Data)             10216 (   9.98kB)
    Total ROM Size (Code + RO Data + RW Data)      39844 (  38.91kB)

==============================================================================

